Component: ARM Compiler 5.06 update 7 (build 960) Tool: armlink [4d3601]

==============================================================================

Section Cross References

    spi.o(i.lecture_data_accelero) refers to myspi.o(i.MySPI_Clear_NSS) for MySPI_Clear_NSS
    spi.o(i.lecture_data_accelero) refers to myspi.o(i.MySPI_Send) for MySPI_Send
    spi.o(i.lecture_data_accelero) refers to myspi.o(i.MySPI_Read) for MySPI_Read
    spi.o(i.lecture_data_accelero) refers to myspi.o(i.MySPI_Set_NSS) for MySPI_Set_NSS
    spi.o(i.lecture_data_accelero) refers to spi.o(.data) for spi_byte
    spi.o(i.main) refers to spi.o(i.spi_accelero_init) for spi_accelero_init
    spi.o(i.main) refers to spi.o(i.lecture_data_accelero) for lecture_data_accelero
    spi.o(i.spi_accelero_init) refers to myspi.o(i.MySPI_Init) for MySPI_Init
    spi.o(i.spi_accelero_init) refers to myspi.o(i.MySPI_Set_NSS) for MySPI_Set_NSS
    spi.o(i.spi_accelero_init) refers to myspi.o(i.MySPI_Clear_NSS) for MySPI_Clear_NSS
    spi.o(i.spi_accelero_init) refers to myspi.o(i.MySPI_Send) for MySPI_Send
    spi.o(i.spi_accelero_init) refers to spi.o(.data) for spi_byte
    adc.o(i.ADC1_2_IRQHandler) refers to adc.o(.data) for valeur_ADC
    adc.o(i.get_adcValue) refers to adc.o(.data) for valeur_ADC
    driver_gpio.o(i.MyGPIO_Init) refers to driver_gpio.o(i.MyGPIO_Reset) for MyGPIO_Reset
    driver_gpio.o(i.MyGPIO_Init) refers to driver_gpio.o(i.MyGPIO_Set) for MyGPIO_Set
    driver_gpio.o(i.MyGPIO_Init) refers to driver_gpio.o(.data) for regcr
    girouette.o(i.girouette_init) refers to timer.o(i.MyTimer_Base_Init) for MyTimer_Base_Init
    timer.o(i.Cycle_PWM) refers to timer.o(.data) for Tim_cycle_pwm
    timer.o(i.MyTimer_ActiveIT) refers to timer.o(i.__NVIC_EnableIRQ) for __NVIC_EnableIRQ
    timer.o(i.MyTimer_ActiveIT) refers to timer.o(i.__NVIC_SetPriority) for __NVIC_SetPriority
    timer.o(i.MyTimer_ActiveIT) refers to timer.o(.data) for ptr2
    timer.o(i.TIM1_UP_IRQHandler) refers to timer.o(.data) for ptr1
    timer.o(i.TIM2_IRQHandler) refers to timer.o(.data) for ptr2
    timer.o(i.TIM3_IRQHandler) refers to timer.o(.data) for ptr3
    timer.o(i.TIM4_IRQHandler) refers to timer.o(.data) for ptr4
    usart.o(i.USART1_IRQHandler) refers to usart.o(.data) for Data
    usart.o(i.usart_1_configure_IT) refers to usart.o(.data) for usart_ptr
    usart.o(i.usart_1_send_string) refers to usart.o(i.usart_1_send) for usart_1_send
    usart.o(i.usart_1_send_string) refers to usart.o(.data) for usart_index
    usart.o(i.usart_configure_1_9600bps) refers to driver_gpio.o(i.MyGPIO_Init) for MyGPIO_Init
    usart.o(i.usart_configure_1_9600bps) refers to usart.o(.data) for Usart_gpio_tx
    usart.o(i.usart_getValue) refers to usart.o(.data) for Data
    gestion-plateau.o(i.initGestionPlateau) refers to usart.o(i.usart_configure_1_9600bps) for usart_configure_1_9600bps
    gestion-plateau.o(i.initGestionPlateau) refers to usart.o(i.usart_1_configure_IT) for usart_1_configure_IT
    gestion-plateau.o(i.initGestionPlateau) refers to rotation-plateau.o(i.initPlateau) for initPlateau
    gestion-plateau.o(i.initGestionPlateau) refers to gestion-plateau.o(i.receptionDonnees) for receptionDonnees
    gestion-plateau.o(i.receptionDonnees) refers to usart.o(i.usart_getValue) for usart_getValue
    gestion-plateau.o(i.receptionDonnees) refers to rotation-plateau.o(i.tourneDroite) for tourneDroite
    gestion-plateau.o(i.receptionDonnees) refers to rotation-plateau.o(i.tourneGauche) for tourneGauche
    gestion-plateau.o(i.receptionDonnees) refers to gestion-plateau.o(.data) for g_p_c
    pilotage-servomoteur.o(i.initServo) refers to driver_gpio.o(i.MyGPIO_Init) for MyGPIO_Init
    pilotage-servomoteur.o(i.initServo) refers to timer.o(i.MyTimer_Base_Init) for MyTimer_Base_Init
    pilotage-servomoteur.o(i.initServo) refers to timer.o(i.MyTimer_PWM) for MyTimer_PWM
    pilotage-servomoteur.o(i.initServo) refers to timer.o(i.Cycle_PWM) for Cycle_PWM
    pilotage-servomoteur.o(i.initServo) refers to pilotage-servomoteur.o(.data) for Servo_Struct_Gpio_PWM
    rotation-plateau.o(i.initPlateau) refers to driver_gpio.o(i.MyGPIO_Init) for MyGPIO_Init
    rotation-plateau.o(i.initPlateau) refers to timer.o(i.MyTimer_Base_Init) for MyTimer_Base_Init
    rotation-plateau.o(i.initPlateau) refers to timer.o(i.MyTimer_PWM) for MyTimer_PWM
    rotation-plateau.o(i.initPlateau) refers to timer.o(i.Cycle_PWM) for Cycle_PWM
    rotation-plateau.o(i.initPlateau) refers to rotation-plateau.o(.data) for Rot_Struct_Gpio_PWM
    rotation-plateau.o(i.tourneDroite) refers to timer.o(i.Cycle_PWM) for Cycle_PWM
    rotation-plateau.o(i.tourneGauche) refers to timer.o(i.Cycle_PWM) for Cycle_PWM
    gestionvoile.o(i.initGestionVoile) refers to driver_gpio.o(i.MyGPIO_Init) for MyGPIO_Init
    gestionvoile.o(i.initGestionVoile) refers to girouette.o(i.girouette_init) for girouette_init
    gestionvoile.o(i.initGestionVoile) refers to timer.o(i.MyTimer_ActiveIT) for MyTimer_ActiveIT
    gestionvoile.o(i.initGestionVoile) refers to gestionvoile.o(.data) for Voile_MonTimer1
    gestionvoile.o(i.initGestionVoile) refers to gestionvoile.o(i.voileHandler) for voileHandler
    gestionvoile.o(i.initGestionVoile) refers to rotation-plateau.o(.data) for Rot_Struct_TIM
    gestionvoile.o(i.voileHandler) refers to gestionvoile.o(i.getAngle) for getAngle
    gestionvoile.o(i.voileHandler) refers to timer.o(i.Cycle_PWM) for Cycle_PWM
    gestionvoile.o(i.voileHandler) refers to gestionvoile.o(.data) for currentVoileAngle
    envoi-donnes.o(i.envoi_angle) refers to usart.o(i.usart_1_send_string) for usart_1_send_string
    startup_stm32f10x_md.o(RESET) refers to startup_stm32f10x_md.o(STACK) for __initial_sp
    startup_stm32f10x_md.o(RESET) refers to startup_stm32f10x_md.o(.text) for Reset_Handler
    startup_stm32f10x_md.o(RESET) refers to adc.o(i.ADC1_2_IRQHandler) for ADC1_2_IRQHandler
    startup_stm32f10x_md.o(RESET) refers to girouette.o(i.EXTI9_5_IRQHandler) for EXTI9_5_IRQHandler
    startup_stm32f10x_md.o(RESET) refers to timer.o(i.TIM1_UP_IRQHandler) for TIM1_UP_IRQHandler
    startup_stm32f10x_md.o(RESET) refers to timer.o(i.TIM2_IRQHandler) for TIM2_IRQHandler
    startup_stm32f10x_md.o(RESET) refers to timer.o(i.TIM3_IRQHandler) for TIM3_IRQHandler
    startup_stm32f10x_md.o(RESET) refers to timer.o(i.TIM4_IRQHandler) for TIM4_IRQHandler
    startup_stm32f10x_md.o(RESET) refers to usart.o(i.USART1_IRQHandler) for USART1_IRQHandler
    startup_stm32f10x_md.o(.text) refers to system_stm32f10x.o(i.SystemInit) for SystemInit
    startup_stm32f10x_md.o(.text) refers to entry.o(.ARM.Collect$$$$00000000) for __main
    system_stm32f10x.o(i.SetSysClock) refers to system_stm32f10x.o(i.SetSysClockTo72) for SetSysClockTo72
    system_stm32f10x.o(i.SystemCoreClockUpdate) refers to system_stm32f10x.o(.data) for SystemCoreClock
    system_stm32f10x.o(i.SystemInit) refers to system_stm32f10x.o(i.SetSysClock) for SetSysClock
    myspi.o(i.MySPI_Clear_NSS) refers to myspi.o(.data) for ActiveSPI
    myspi.o(i.MySPI_Init) refers to myspi.o(i.MySPI_Set_NSS) for MySPI_Set_NSS
    myspi.o(i.MySPI_Init) refers to myspi.o(.data) for ActiveSPI
    myspi.o(i.MySPI_Read) refers to myspi.o(.data) for ActiveSPI
    myspi.o(i.MySPI_Send) refers to myspi.o(.data) for ActiveSPI
    myspi.o(i.MySPI_Set_NSS) refers to myspi.o(.data) for ActiveSPI
    entry.o(.ARM.Collect$$$$00000000) refers (Special) to entry10a.o(.ARM.Collect$$$$0000000F) for __rt_final_cpp
    entry.o(.ARM.Collect$$$$00000000) refers (Special) to entry11a.o(.ARM.Collect$$$$00000011) for __rt_final_exit
    entry.o(.ARM.Collect$$$$00000000) refers (Special) to entry12b.o(.ARM.Collect$$$$0000000E) for __rt_lib_shutdown_fini
    entry.o(.ARM.Collect$$$$00000000) refers (Special) to entry7b.o(.ARM.Collect$$$$00000008) for _main_clock
    entry.o(.ARM.Collect$$$$00000000) refers (Special) to entry8b.o(.ARM.Collect$$$$0000000A) for _main_cpp_init
    entry.o(.ARM.Collect$$$$00000000) refers (Special) to entry9a.o(.ARM.Collect$$$$0000000B) for _main_init
    entry.o(.ARM.Collect$$$$00000000) refers (Special) to entry5.o(.ARM.Collect$$$$00000004) for _main_scatterload
    entry.o(.ARM.Collect$$$$00000000) refers (Special) to entry2.o(.ARM.Collect$$$$00000001) for _main_stk
    entry2.o(.ARM.Collect$$$$00000001) refers to entry2.o(.ARM.Collect$$$$00002712) for __lit__00000000
    entry2.o(.ARM.Collect$$$$00002712) refers to startup_stm32f10x_md.o(STACK) for __initial_sp
    entry2.o(__vectab_stack_and_reset_area) refers to startup_stm32f10x_md.o(STACK) for __initial_sp
    entry2.o(__vectab_stack_and_reset_area) refers to entry.o(.ARM.Collect$$$$00000000) for __main
    entry5.o(.ARM.Collect$$$$00000004) refers to init.o(.text) for __scatterload
    entry9a.o(.ARM.Collect$$$$0000000B) refers to spi.o(i.main) for main
    entry9b.o(.ARM.Collect$$$$0000000C) refers to spi.o(i.main) for main
    init.o(.text) refers to entry5.o(.ARM.Collect$$$$00000004) for __main_after_scatterload


==============================================================================

Removing Unused input sections from the image.

    Removing spi.o(.rev16_text), (4 bytes).
    Removing spi.o(.revsh_text), (4 bytes).
    Removing spi.o(.rrx_text), (6 bytes).
    Removing adc.o(.rev16_text), (4 bytes).
    Removing adc.o(.revsh_text), (4 bytes).
    Removing adc.o(.rrx_text), (6 bytes).
    Removing adc.o(i.ADC_Read), (12 bytes).
    Removing adc.o(i.ADC_init_single), (192 bytes).
    Removing adc.o(i.ADC_off), (14 bytes).
    Removing adc.o(i.ADC_on), (14 bytes).
    Removing adc.o(i.get_adcValue), (12 bytes).
    Removing driver_gpio.o(.rev16_text), (4 bytes).
    Removing driver_gpio.o(.revsh_text), (4 bytes).
    Removing driver_gpio.o(.rrx_text), (6 bytes).
    Removing driver_gpio.o(i.MyGPIO_Init), (272 bytes).
    Removing driver_gpio.o(i.MyGPIO_Read), (12 bytes).
    Removing driver_gpio.o(i.MyGPIO_Reset), (12 bytes).
    Removing driver_gpio.o(i.MyGPIO_Set), (12 bytes).
    Removing driver_gpio.o(i.MyGPIO_Toggle), (12 bytes).
    Removing driver_gpio.o(.data), (4 bytes).
    Removing girouette.o(.rev16_text), (4 bytes).
    Removing girouette.o(.revsh_text), (4 bytes).
    Removing girouette.o(.rrx_text), (6 bytes).
    Removing girouette.o(i.girouette_init), (300 bytes).
    Removing timer.o(.rev16_text), (4 bytes).
    Removing timer.o(.revsh_text), (4 bytes).
    Removing timer.o(.rrx_text), (6 bytes).
    Removing timer.o(i.Cycle_PWM), (72 bytes).
    Removing timer.o(i.MyTimer_ActiveIT), (160 bytes).
    Removing timer.o(i.MyTimer_Base_Init), (124 bytes).
    Removing timer.o(i.MyTimer_PWM), (120 bytes).
    Removing timer.o(i.__NVIC_EnableIRQ), (34 bytes).
    Removing timer.o(i.__NVIC_SetPriority), (40 bytes).
    Removing usart.o(.rev16_text), (4 bytes).
    Removing usart.o(.revsh_text), (4 bytes).
    Removing usart.o(.rrx_text), (6 bytes).
    Removing usart.o(i.usart_1_configure_IT), (112 bytes).
    Removing usart.o(i.usart_1_send), (32 bytes).
    Removing usart.o(i.usart_1_send_string), (48 bytes).
    Removing usart.o(i.usart_configure_1_9600bps), (156 bytes).
    Removing usart.o(i.usart_getValue), (12 bytes).
    Removing usart.o(.bss), (10 bytes).
    Removing gestion-plateau.o(.rev16_text), (4 bytes).
    Removing gestion-plateau.o(.revsh_text), (4 bytes).
    Removing gestion-plateau.o(.rrx_text), (6 bytes).
    Removing gestion-plateau.o(i.initGestionPlateau), (24 bytes).
    Removing gestion-plateau.o(i.receptionDonnees), (64 bytes).
    Removing gestion-plateau.o(.data), (8 bytes).
    Removing mesure-roulis.o(.rev16_text), (4 bytes).
    Removing mesure-roulis.o(.revsh_text), (4 bytes).
    Removing mesure-roulis.o(.rrx_text), (6 bytes).
    Removing mesure-roulis.o(i.initMesureRoulis), (2 bytes).
    Removing mesure-roulis.o(i.setupADXL345), (2 bytes).
    Removing pilotage-servomoteur.o(.rev16_text), (4 bytes).
    Removing pilotage-servomoteur.o(.revsh_text), (4 bytes).
    Removing pilotage-servomoteur.o(.rrx_text), (6 bytes).
    Removing pilotage-servomoteur.o(i.initServo), (96 bytes).
    Removing pilotage-servomoteur.o(.data), (16 bytes).
    Removing rotation-plateau.o(.rev16_text), (4 bytes).
    Removing rotation-plateau.o(.revsh_text), (4 bytes).
    Removing rotation-plateau.o(.rrx_text), (6 bytes).
    Removing rotation-plateau.o(i.initPlateau), (124 bytes).
    Removing rotation-plateau.o(i.tourneDroite), (36 bytes).
    Removing rotation-plateau.o(i.tourneGauche), (36 bytes).
    Removing rotation-plateau.o(.data), (24 bytes).
    Removing gestionvoile.o(.rev16_text), (4 bytes).
    Removing gestionvoile.o(.revsh_text), (4 bytes).
    Removing gestionvoile.o(.rrx_text), (6 bytes).
    Removing gestionvoile.o(i.getAngle), (20 bytes).
    Removing gestionvoile.o(i.initGestionVoile), (136 bytes).
    Removing gestionvoile.o(i.voileHandler), (124 bytes).
    Removing gestionvoile.o(.data), (40 bytes).
    Removing envoi-donnes.o(.rev16_text), (4 bytes).
    Removing envoi-donnes.o(.revsh_text), (4 bytes).
    Removing envoi-donnes.o(.rrx_text), (6 bytes).
    Removing envoi-donnes.o(i.envoi_angle), (24 bytes).
    Removing startup_stm32f10x_md.o(HEAP), (512 bytes).
    Removing system_stm32f10x.o(.rev16_text), (4 bytes).
    Removing system_stm32f10x.o(.revsh_text), (4 bytes).
    Removing system_stm32f10x.o(.rrx_text), (6 bytes).
    Removing system_stm32f10x.o(i.SystemCoreClockUpdate), (164 bytes).
    Removing system_stm32f10x.o(.data), (20 bytes).
    Removing myspi.o(.rev16_text), (4 bytes).
    Removing myspi.o(.revsh_text), (4 bytes).
    Removing myspi.o(.rrx_text), (6 bytes).

85 unused section(s) (total 3456 bytes) removed from the image.

==============================================================================

Image Symbol Table

    Local Symbols

    Symbol Name                              Value     Ov Type        Size  Object(Section)

    ../clib/microlib/init/entry.s            0x00000000   Number         0  entry12b.o ABSOLUTE
    ../clib/microlib/init/entry.s            0x00000000   Number         0  entry10a.o ABSOLUTE
    ../clib/microlib/init/entry.s            0x00000000   Number         0  entry8a.o ABSOLUTE
    ../clib/microlib/init/entry.s            0x00000000   Number         0  entry.o ABSOLUTE
    ../clib/microlib/init/entry.s            0x00000000   Number         0  entry9b.o ABSOLUTE
    ../clib/microlib/init/entry.s            0x00000000   Number         0  entry10b.o ABSOLUTE
    ../clib/microlib/init/entry.s            0x00000000   Number         0  entry9a.o ABSOLUTE
    ../clib/microlib/init/entry.s            0x00000000   Number         0  entry8b.o ABSOLUTE
    ../clib/microlib/init/entry.s            0x00000000   Number         0  entry12a.o ABSOLUTE
    ../clib/microlib/init/entry.s            0x00000000   Number         0  entry11b.o ABSOLUTE
    ../clib/microlib/init/entry.s            0x00000000   Number         0  entry5.o ABSOLUTE
    ../clib/microlib/init/entry.s            0x00000000   Number         0  entry11a.o ABSOLUTE
    ../clib/microlib/init/entry.s            0x00000000   Number         0  entry7b.o ABSOLUTE
    ../clib/microlib/init/entry.s            0x00000000   Number         0  entry7a.o ABSOLUTE
    ../clib/microlib/init/entry.s            0x00000000   Number         0  entry2.o ABSOLUTE
    ..\Drivers\Driver_GPIO.c                 0x00000000   Number         0  driver_gpio.o ABSOLUTE
    ..\Drivers\Timer.c                       0x00000000   Number         0  timer.o ABSOLUTE
    ..\Drivers\adc.c                         0x00000000   Number         0  adc.o ABSOLUTE
    ..\Drivers\girouette.c                   0x00000000   Number         0  girouette.o ABSOLUTE
    ..\Drivers\usart.c                       0x00000000   Number         0  usart.o ABSOLUTE
    ..\Services\envoi-donnes.c               0x00000000   Number         0  envoi-donnes.o ABSOLUTE
    ..\Services\gestion-plateau.c            0x00000000   Number         0  gestion-plateau.o ABSOLUTE
    ..\Services\gestionVoile.c               0x00000000   Number         0  gestionvoile.o ABSOLUTE
    ..\Services\mesure-roulis.c              0x00000000   Number         0  mesure-roulis.o ABSOLUTE
    ..\Services\pilotage-servomoteur.c       0x00000000   Number         0  pilotage-servomoteur.o ABSOLUTE
    ..\Services\rotation-plateau.c           0x00000000   Number         0  rotation-plateau.o ABSOLUTE
    ..\\Drivers\\Driver_GPIO.c               0x00000000   Number         0  driver_gpio.o ABSOLUTE
    ..\\Drivers\\Timer.c                     0x00000000   Number         0  timer.o ABSOLUTE
    ..\\Drivers\\adc.c                       0x00000000   Number         0  adc.o ABSOLUTE
    ..\\Drivers\\girouette.c                 0x00000000   Number         0  girouette.o ABSOLUTE
    ..\\Drivers\\usart.c                     0x00000000   Number         0  usart.o ABSOLUTE
    ..\\Services\\envoi-donnes.c             0x00000000   Number         0  envoi-donnes.o ABSOLUTE
    ..\\Services\\gestion-plateau.c          0x00000000   Number         0  gestion-plateau.o ABSOLUTE
    ..\\Services\\gestionVoile.c             0x00000000   Number         0  gestionvoile.o ABSOLUTE
    ..\\Services\\mesure-roulis.c            0x00000000   Number         0  mesure-roulis.o ABSOLUTE
    ..\\Services\\pilotage-servomoteur.c     0x00000000   Number         0  pilotage-servomoteur.o ABSOLUTE
    ..\\Services\\rotation-plateau.c         0x00000000   Number         0  rotation-plateau.o ABSOLUTE
    MyDrivers\MySPI.c                        0x00000000   Number         0  myspi.o ABSOLUTE
    MyDrivers\\MySPI.c                       0x00000000   Number         0  myspi.o ABSOLUTE
    RTE\Device\STM32F103RB\startup_stm32f10x_md.s 0x00000000   Number         0  startup_stm32f10x_md.o ABSOLUTE
    RTE\Device\STM32F103RB\system_stm32f10x.c 0x00000000   Number         0  system_stm32f10x.o ABSOLUTE
    RTE\\Device\\STM32F103RB\\system_stm32f10x.c 0x00000000   Number         0  system_stm32f10x.o ABSOLUTE
    Sources\\spi.c                           0x00000000   Number         0  spi.o ABSOLUTE
    Sources\spi.c                            0x00000000   Number         0  spi.o ABSOLUTE
    dc.s                                     0x00000000   Number         0  dc.o ABSOLUTE
    handlers.s                               0x00000000   Number         0  handlers.o ABSOLUTE
    init.s                                   0x00000000   Number         0  init.o ABSOLUTE
    RESET                                    0x08000000   Section      236  startup_stm32f10x_md.o(RESET)
    .ARM.Collect$$$$00000000                 0x080000ec   Section        0  entry.o(.ARM.Collect$$$$00000000)
    .ARM.Collect$$$$00000001                 0x080000ec   Section        4  entry2.o(.ARM.Collect$$$$00000001)
    .ARM.Collect$$$$00000004                 0x080000f0   Section        4  entry5.o(.ARM.Collect$$$$00000004)
    .ARM.Collect$$$$00000008                 0x080000f4   Section        0  entry7b.o(.ARM.Collect$$$$00000008)
    .ARM.Collect$$$$0000000A                 0x080000f4   Section        0  entry8b.o(.ARM.Collect$$$$0000000A)
    .ARM.Collect$$$$0000000B                 0x080000f4   Section        8  entry9a.o(.ARM.Collect$$$$0000000B)
    .ARM.Collect$$$$0000000E                 0x080000fc   Section        4  entry12b.o(.ARM.Collect$$$$0000000E)
    .ARM.Collect$$$$0000000F                 0x08000100   Section        0  entry10a.o(.ARM.Collect$$$$0000000F)
    .ARM.Collect$$$$00000011                 0x08000100   Section        0  entry11a.o(.ARM.Collect$$$$00000011)
    .ARM.Collect$$$$00002712                 0x08000100   Section        4  entry2.o(.ARM.Collect$$$$00002712)
    __lit__00000000                          0x08000100   Data           4  entry2.o(.ARM.Collect$$$$00002712)
    .text                                    0x08000104   Section       36  startup_stm32f10x_md.o(.text)
    .text                                    0x08000128   Section       36  init.o(.text)
    i.ADC1_2_IRQHandler                      0x0800014c   Section        0  adc.o(i.ADC1_2_IRQHandler)
    i.EXTI9_5_IRQHandler                     0x08000170   Section        0  girouette.o(i.EXTI9_5_IRQHandler)
    i.MySPI_Clear_NSS                        0x0800018c   Section        0  myspi.o(i.MySPI_Clear_NSS)
    i.MySPI_Init                             0x080001bc   Section        0  myspi.o(i.MySPI_Init)
    i.MySPI_Read                             0x080003b0   Section        0  myspi.o(i.MySPI_Read)
    i.MySPI_Send                             0x08000404   Section        0  myspi.o(i.MySPI_Send)
    i.MySPI_Set_NSS                          0x08000454   Section        0  myspi.o(i.MySPI_Set_NSS)
    i.SetSysClock                            0x08000480   Section        0  system_stm32f10x.o(i.SetSysClock)
    SetSysClock                              0x08000481   Thumb Code     8  system_stm32f10x.o(i.SetSysClock)
    i.SetSysClockTo72                        0x08000488   Section        0  system_stm32f10x.o(i.SetSysClockTo72)
    SetSysClockTo72                          0x08000489   Thumb Code   214  system_stm32f10x.o(i.SetSysClockTo72)
    i.SystemInit                             0x08000568   Section        0  system_stm32f10x.o(i.SystemInit)
    i.TIM1_UP_IRQHandler                     0x080005c8   Section        0  timer.o(i.TIM1_UP_IRQHandler)
    i.TIM2_IRQHandler                        0x080005e8   Section        0  timer.o(i.TIM2_IRQHandler)
    i.TIM3_IRQHandler                        0x08000608   Section        0  timer.o(i.TIM3_IRQHandler)
    i.TIM4_IRQHandler                        0x08000628   Section        0  timer.o(i.TIM4_IRQHandler)
    i.USART1_IRQHandler                      0x08000648   Section        0  usart.o(i.USART1_IRQHandler)
    i.__scatterload_copy                     0x08000668   Section       14  handlers.o(i.__scatterload_copy)
    i.__scatterload_null                     0x08000676   Section        2  handlers.o(i.__scatterload_null)
    i.__scatterload_zeroinit                 0x08000678   Section       14  handlers.o(i.__scatterload_zeroinit)
    i.lecture_data_accelero                  0x08000688   Section        0  spi.o(i.lecture_data_accelero)
    i.main                                   0x080006f0   Section        0  spi.o(i.main)
    i.spi_accelero_init                      0x080006fc   Section        0  spi.o(i.spi_accelero_init)
    .data                                    0x20000000   Section       15  spi.o(.data)
    .data                                    0x20000010   Section        4  adc.o(.data)
    valeur_ADC                               0x20000010   Data           4  adc.o(.data)
    .data                                    0x20000014   Section       20  timer.o(.data)
    .data                                    0x20000028   Section       40  usart.o(.data)
    Data                                     0x20000028   Data           1  usart.o(.data)
    .data                                    0x20000050   Section        4  myspi.o(.data)
    STACK                                    0x20000058   Section     1024  startup_stm32f10x_md.o(STACK)

    Global Symbols

    Symbol Name                              Value     Ov Type        Size  Object(Section)

    BuildAttributes$$THM_ISAv4$P$D$K$B$S$PE$A:L22UL41UL21$X:L11$S22US41US21$IEEE1$IW$USESV6$~STKCKD$USESV7$~SHL$OSPACE$EBA8$MICROLIB$REQ8$PRES8$EABIv2 0x00000000   Number         0  anon$$obj.o ABSOLUTE
    __ARM_use_no_argv                        0x00000000   Number         0  spi.o ABSOLUTE
    __arm_fini_                               - Undefined Weak Reference
    __cpp_initialize__aeabi_                  - Undefined Weak Reference
    __cxa_finalize                            - Undefined Weak Reference
    __decompress                              - Undefined Weak Reference
    _clock_init                               - Undefined Weak Reference
    _microlib_exit                            - Undefined Weak Reference
    __Vectors_Size                           0x000000ec   Number         0  startup_stm32f10x_md.o ABSOLUTE
    __Vectors                                0x08000000   Data           4  startup_stm32f10x_md.o(RESET)
    __Vectors_End                            0x080000ec   Data           0  startup_stm32f10x_md.o(RESET)
    __main                                   0x080000ed   Thumb Code     0  entry.o(.ARM.Collect$$$$00000000)
    _main_stk                                0x080000ed   Thumb Code     0  entry2.o(.ARM.Collect$$$$00000001)
    _main_scatterload                        0x080000f1   Thumb Code     0  entry5.o(.ARM.Collect$$$$00000004)
    __main_after_scatterload                 0x080000f5   Thumb Code     0  entry5.o(.ARM.Collect$$$$00000004)
    _main_clock                              0x080000f5   Thumb Code     0  entry7b.o(.ARM.Collect$$$$00000008)
    _main_cpp_init                           0x080000f5   Thumb Code     0  entry8b.o(.ARM.Collect$$$$0000000A)
    _main_init                               0x080000f5   Thumb Code     0  entry9a.o(.ARM.Collect$$$$0000000B)
    __rt_lib_shutdown_fini                   0x080000fd   Thumb Code     0  entry12b.o(.ARM.Collect$$$$0000000E)
    __rt_final_cpp                           0x08000101   Thumb Code     0  entry10a.o(.ARM.Collect$$$$0000000F)
    __rt_final_exit                          0x08000101   Thumb Code     0  entry11a.o(.ARM.Collect$$$$00000011)
    Reset_Handler                            0x08000105   Thumb Code     8  startup_stm32f10x_md.o(.text)
    NMI_Handler                              0x0800010d   Thumb Code     2  startup_stm32f10x_md.o(.text)
    HardFault_Handler                        0x0800010f   Thumb Code     2  startup_stm32f10x_md.o(.text)
    MemManage_Handler                        0x08000111   Thumb Code     2  startup_stm32f10x_md.o(.text)
    BusFault_Handler                         0x08000113   Thumb Code     2  startup_stm32f10x_md.o(.text)
    UsageFault_Handler                       0x08000115   Thumb Code     2  startup_stm32f10x_md.o(.text)
    SVC_Handler                              0x08000117   Thumb Code     2  startup_stm32f10x_md.o(.text)
    DebugMon_Handler                         0x08000119   Thumb Code     2  startup_stm32f10x_md.o(.text)
    PendSV_Handler                           0x0800011b   Thumb Code     2  startup_stm32f10x_md.o(.text)
    SysTick_Handler                          0x0800011d   Thumb Code     2  startup_stm32f10x_md.o(.text)
    CAN1_RX1_IRQHandler                      0x0800011f   Thumb Code     0  startup_stm32f10x_md.o(.text)
    CAN1_SCE_IRQHandler                      0x0800011f   Thumb Code     0  startup_stm32f10x_md.o(.text)
    DMA1_Channel1_IRQHandler                 0x0800011f   Thumb Code     0  startup_stm32f10x_md.o(.text)
    DMA1_Channel2_IRQHandler                 0x0800011f   Thumb Code     0  startup_stm32f10x_md.o(.text)
    DMA1_Channel3_IRQHandler                 0x0800011f   Thumb Code     0  startup_stm32f10x_md.o(.text)
    DMA1_Channel4_IRQHandler                 0x0800011f   Thumb Code     0  startup_stm32f10x_md.o(.text)
    DMA1_Channel5_IRQHandler                 0x0800011f   Thumb Code     0  startup_stm32f10x_md.o(.text)
    DMA1_Channel6_IRQHandler                 0x0800011f   Thumb Code     0  startup_stm32f10x_md.o(.text)
    DMA1_Channel7_IRQHandler                 0x0800011f   Thumb Code     0  startup_stm32f10x_md.o(.text)
    EXTI0_IRQHandler                         0x0800011f   Thumb Code     0  startup_stm32f10x_md.o(.text)
    EXTI15_10_IRQHandler                     0x0800011f   Thumb Code     0  startup_stm32f10x_md.o(.text)
    EXTI1_IRQHandler                         0x0800011f   Thumb Code     0  startup_stm32f10x_md.o(.text)
    EXTI2_IRQHandler                         0x0800011f   Thumb Code     0  startup_stm32f10x_md.o(.text)
    EXTI3_IRQHandler                         0x0800011f   Thumb Code     0  startup_stm32f10x_md.o(.text)
    EXTI4_IRQHandler                         0x0800011f   Thumb Code     0  startup_stm32f10x_md.o(.text)
    FLASH_IRQHandler                         0x0800011f   Thumb Code     0  startup_stm32f10x_md.o(.text)
    I2C1_ER_IRQHandler                       0x0800011f   Thumb Code     0  startup_stm32f10x_md.o(.text)
    I2C1_EV_IRQHandler                       0x0800011f   Thumb Code     0  startup_stm32f10x_md.o(.text)
    I2C2_ER_IRQHandler                       0x0800011f   Thumb Code     0  startup_stm32f10x_md.o(.text)
    I2C2_EV_IRQHandler                       0x0800011f   Thumb Code     0  startup_stm32f10x_md.o(.text)
    PVD_IRQHandler                           0x0800011f   Thumb Code     0  startup_stm32f10x_md.o(.text)
    RCC_IRQHandler                           0x0800011f   Thumb Code     0  startup_stm32f10x_md.o(.text)
    RTCAlarm_IRQHandler                      0x0800011f   Thumb Code     0  startup_stm32f10x_md.o(.text)
    RTC_IRQHandler                           0x0800011f   Thumb Code     0  startup_stm32f10x_md.o(.text)
    SPI1_IRQHandler                          0x0800011f   Thumb Code     0  startup_stm32f10x_md.o(.text)
    SPI2_IRQHandler                          0x0800011f   Thumb Code     0  startup_stm32f10x_md.o(.text)
    TAMPER_IRQHandler                        0x0800011f   Thumb Code     0  startup_stm32f10x_md.o(.text)
    TIM1_BRK_IRQHandler                      0x0800011f   Thumb Code     0  startup_stm32f10x_md.o(.text)
    TIM1_CC_IRQHandler                       0x0800011f   Thumb Code     0  startup_stm32f10x_md.o(.text)
    TIM1_TRG_COM_IRQHandler                  0x0800011f   Thumb Code     0  startup_stm32f10x_md.o(.text)
    USART2_IRQHandler                        0x0800011f   Thumb Code     0  startup_stm32f10x_md.o(.text)
    USART3_IRQHandler                        0x0800011f   Thumb Code     0  startup_stm32f10x_md.o(.text)
    USBWakeUp_IRQHandler                     0x0800011f   Thumb Code     0  startup_stm32f10x_md.o(.text)
    USB_HP_CAN1_TX_IRQHandler                0x0800011f   Thumb Code     0  startup_stm32f10x_md.o(.text)
    USB_LP_CAN1_RX0_IRQHandler               0x0800011f   Thumb Code     0  startup_stm32f10x_md.o(.text)
    WWDG_IRQHandler                          0x0800011f   Thumb Code     0  startup_stm32f10x_md.o(.text)
    __scatterload                            0x08000129   Thumb Code    28  init.o(.text)
    __scatterload_rt2                        0x08000129   Thumb Code     0  init.o(.text)
    ADC1_2_IRQHandler                        0x0800014d   Thumb Code    28  adc.o(i.ADC1_2_IRQHandler)
    EXTI9_5_IRQHandler                       0x08000171   Thumb Code    20  girouette.o(i.EXTI9_5_IRQHandler)
    MySPI_Clear_NSS                          0x0800018d   Thumb Code    30  myspi.o(i.MySPI_Clear_NSS)
    MySPI_Init                               0x080001bd   Thumb Code   480  myspi.o(i.MySPI_Init)
    MySPI_Read                               0x080003b1   Thumb Code    70  myspi.o(i.MySPI_Read)
    MySPI_Send                               0x08000405   Thumb Code    68  myspi.o(i.MySPI_Send)
    MySPI_Set_NSS                            0x08000455   Thumb Code    28  myspi.o(i.MySPI_Set_NSS)
    SystemInit                               0x08000569   Thumb Code    78  system_stm32f10x.o(i.SystemInit)
    TIM1_UP_IRQHandler                       0x080005c9   Thumb Code    22  timer.o(i.TIM1_UP_IRQHandler)
    TIM2_IRQHandler                          0x080005e9   Thumb Code    26  timer.o(i.TIM2_IRQHandler)
    TIM3_IRQHandler                          0x08000609   Thumb Code    22  timer.o(i.TIM3_IRQHandler)
    TIM4_IRQHandler                          0x08000629   Thumb Code    22  timer.o(i.TIM4_IRQHandler)
    USART1_IRQHandler                        0x08000649   Thumb Code    18  usart.o(i.USART1_IRQHandler)
    __scatterload_copy                       0x08000669   Thumb Code    14  handlers.o(i.__scatterload_copy)
    __scatterload_null                       0x08000677   Thumb Code     2  handlers.o(i.__scatterload_null)
    __scatterload_zeroinit                   0x08000679   Thumb Code    14  handlers.o(i.__scatterload_zeroinit)
    lecture_data_accelero                    0x08000689   Thumb Code    74  spi.o(i.lecture_data_accelero)
    main                                     0x080006f1   Thumb Code    12  spi.o(i.main)
    spi_accelero_init                        0x080006fd   Thumb Code   148  spi.o(i.spi_accelero_init)
    Region$$Table$$Base                      0x080007b0   Number         0  anon$$obj.o(Region$$Table)
    Region$$Table$$Limit                     0x080007d0   Number         0  anon$$obj.o(Region$$Table)
    spi_GPIO_struct                          0x20000000   Data           8  spi.o(.data)
    datax1                                   0x20000008   Data           1  spi.o(.data)
    datax2                                   0x20000009   Data           1  spi.o(.data)
    datay1                                   0x2000000a   Data           1  spi.o(.data)
    datay2                                   0x2000000b   Data           1  spi.o(.data)
    dataz1                                   0x2000000c   Data           1  spi.o(.data)
    dataz2                                   0x2000000d   Data           1  spi.o(.data)
    spi_byte                                 0x2000000e   Data           1  spi.o(.data)
    ptr1                                     0x20000014   Data           4  timer.o(.data)
    ptr2                                     0x20000018   Data           4  timer.o(.data)
    ptr3                                     0x2000001c   Data           4  timer.o(.data)
    ptr4                                     0x20000020   Data           4  timer.o(.data)
    Tim_cycle_pwm                            0x20000024   Data           4  timer.o(.data)
    usart_index                              0x2000002c   Data           4  usart.o(.data)
    usart_ptr                                0x20000030   Data           4  usart.o(.data)
    Usart_gpio_tx                            0x20000034   Data           8  usart.o(.data)
    Usart_gpio_rx                            0x2000003c   Data           8  usart.o(.data)
    Usart_tim4                               0x20000044   Data           8  usart.o(.data)
    usart_buffer_index                       0x2000004c   Data           4  usart.o(.data)
    ActiveSPI                                0x20000050   Data           4  myspi.o(.data)
    __initial_sp                             0x20000458   Data           0  startup_stm32f10x_md.o(STACK)



==============================================================================

Memory Map of the image

  Image Entry point : 0x08000105

  Load Region LR_1 (Base: 0x08000000, Size: 0x00000824, Max: 0xffffffff, ABSOLUTE)

    Execution Region ER_RO (Exec base: 0x08000000, Load base: 0x08000000, Size: 0x000007d0, Max: 0xffffffff, ABSOLUTE)

    Exec Addr    Load Addr    Size         Type   Attr      Idx    E Section Name        Object

    0x08000000   0x08000000   0x000000ec   Data   RO          591    RESET               startup_stm32f10x_md.o
    0x080000ec   0x080000ec   0x00000000   Code   RO          659  * .ARM.Collect$$$$00000000  mc_w.l(entry.o)
    0x080000ec   0x080000ec   0x00000004   Code   RO          662    .ARM.Collect$$$$00000001  mc_w.l(entry2.o)
    0x080000f0   0x080000f0   0x00000004   Code   RO          665    .ARM.Collect$$$$00000004  mc_w.l(entry5.o)
    0x080000f4   0x080000f4   0x00000000   Code   RO          667    .ARM.Collect$$$$00000008  mc_w.l(entry7b.o)
    0x080000f4   0x080000f4   0x00000000   Code   RO          669    .ARM.Collect$$$$0000000A  mc_w.l(entry8b.o)
    0x080000f4   0x080000f4   0x00000008   Code   RO          670    .ARM.Collect$$$$0000000B  mc_w.l(entry9a.o)
    0x080000fc   0x080000fc   0x00000004   Code   RO          677    .ARM.Collect$$$$0000000E  mc_w.l(entry12b.o)
    0x08000100   0x08000100   0x00000000   Code   RO          672    .ARM.Collect$$$$0000000F  mc_w.l(entry10a.o)
    0x08000100   0x08000100   0x00000000   Code   RO          674    .ARM.Collect$$$$00000011  mc_w.l(entry11a.o)
    0x08000100   0x08000100   0x00000004   Code   RO          663    .ARM.Collect$$$$00002712  mc_w.l(entry2.o)
    0x08000104   0x08000104   0x00000024   Code   RO          592  * .text               startup_stm32f10x_md.o
    0x08000128   0x08000128   0x00000024   Code   RO          678    .text               mc_w.l(init.o)
    0x0800014c   0x0800014c   0x00000024   Code   RO          102    i.ADC1_2_IRQHandler  adc.o
    0x08000170   0x08000170   0x0000001c   Code   RO          216    i.EXTI9_5_IRQHandler  girouette.o
    0x0800018c   0x0800018c   0x00000030   Code   RO          645    i.MySPI_Clear_NSS   Lib_Com_Periph_2022.lib(myspi.o)
    0x080001bc   0x080001bc   0x000001f4   Code   RO          646    i.MySPI_Init        Lib_Com_Periph_2022.lib(myspi.o)
    0x080003b0   0x080003b0   0x00000054   Code   RO          647    i.MySPI_Read        Lib_Com_Periph_2022.lib(myspi.o)
    0x08000404   0x08000404   0x00000050   Code   RO          648    i.MySPI_Send        Lib_Com_Periph_2022.lib(myspi.o)
    0x08000454   0x08000454   0x0000002c   Code   RO          649    i.MySPI_Set_NSS     Lib_Com_Periph_2022.lib(myspi.o)
    0x08000480   0x08000480   0x00000008   Code   RO          599    i.SetSysClock       system_stm32f10x.o
    0x08000488   0x08000488   0x000000e0   Code   RO          600    i.SetSysClockTo72   system_stm32f10x.o
    0x08000568   0x08000568   0x00000060   Code   RO          602    i.SystemInit        system_stm32f10x.o
    0x080005c8   0x080005c8   0x00000020   Code   RO          250    i.TIM1_UP_IRQHandler  timer.o
    0x080005e8   0x080005e8   0x00000020   Code   RO          251    i.TIM2_IRQHandler   timer.o
    0x08000608   0x08000608   0x00000020   Code   RO          252    i.TIM3_IRQHandler   timer.o
    0x08000628   0x08000628   0x00000020   Code   RO          253    i.TIM4_IRQHandler   timer.o
    0x08000648   0x08000648   0x00000020   Code   RO          332    i.USART1_IRQHandler  usart.o
    0x08000668   0x08000668   0x0000000e   Code   RO          682    i.__scatterload_copy  mc_w.l(handlers.o)
    0x08000676   0x08000676   0x00000002   Code   RO          683    i.__scatterload_null  mc_w.l(handlers.o)
    0x08000678   0x08000678   0x0000000e   Code   RO          684    i.__scatterload_zeroinit  mc_w.l(handlers.o)
    0x08000686   0x08000686   0x00000002   PAD
    0x08000688   0x08000688   0x00000068   Code   RO            4    i.lecture_data_accelero  spi.o
    0x080006f0   0x080006f0   0x0000000c   Code   RO            5    i.main              spi.o
    0x080006fc   0x080006fc   0x000000b4   Code   RO            6    i.spi_accelero_init  spi.o
    0x080007b0   0x080007b0   0x00000020   Data   RO          680    Region$$Table       anon$$obj.o


    Execution Region ER_RW (Exec base: 0x20000000, Load base: 0x080007d0, Size: 0x00000054, Max: 0xffffffff, ABSOLUTE)

    Exec Addr    Load Addr    Size         Type   Attr      Idx    E Section Name        Object

    0x20000000   0x080007d0   0x0000000f   Data   RW            7    .data               spi.o
    0x2000000f   0x080007df   0x00000001   PAD
    0x20000010   0x080007e0   0x00000004   Data   RW          108    .data               adc.o
    0x20000014   0x080007e4   0x00000014   Data   RW          256    .data               timer.o
    0x20000028   0x080007f8   0x00000028   Data   RW          339    .data               usart.o
    0x20000050   0x08000820   0x00000004   Data   RW          650    .data               Lib_Com_Periph_2022.lib(myspi.o)


    Execution Region ER_ZI (Exec base: 0x20000054, Load base: 0x08000824, Size: 0x00000404, Max: 0xffffffff, ABSOLUTE)

    Exec Addr    Load Addr    Size         Type   Attr      Idx    E Section Name        Object

    0x20000054   0x08000824   0x00000004   PAD
    0x20000058        -       0x00000400   Zero   RW          589    STACK               startup_stm32f10x_md.o


==============================================================================

Image component sizes


      Code (inc. data)   RO Data    RW Data    ZI Data      Debug   Object Name

        36          8          0          4          0        584   adc.o
        28          8          0          0          0        421   girouette.o
       296         62          0         15          0     208748   spi.o
        36          8        236          0       1024        808   startup_stm32f10x_md.o
       328         28          0          0          0       1965   system_stm32f10x.o
       128         36          0         20          0       2987   timer.o
        32         14          0         40          0       1343   usart.o

    ----------------------------------------------------------------------
       884        164        268         80       1024     216856   Object Totals
         0          0         32          0          0          0   (incl. Generated)
         0          0          0          1          0          0   (incl. Padding)

    ----------------------------------------------------------------------

      Code (inc. data)   RO Data    RW Data    ZI Data      Debug   Library Member Name

       756         80          0          4          0        348   myspi.o
         0          0          0          0          0          0   entry.o
         0          0          0          0          0          0   entry10a.o
         0          0          0          0          0          0   entry11a.o
         4          0          0          0          0          0   entry12b.o
         8          4          0          0          0          0   entry2.o
         4          0          0          0          0          0   entry5.o
         0          0          0          0          0          0   entry7b.o
         0          0          0          0          0          0   entry8b.o
         8          4          0          0          0          0   entry9a.o
        30          0          0          0          0          0   handlers.o
        36          8          0          0          0         68   init.o

    ----------------------------------------------------------------------
       848         96          0          4          4        416   Library Totals
         2          0          0          0          4          0   (incl. Padding)

    ----------------------------------------------------------------------

      Code (inc. data)   RO Data    RW Data    ZI Data      Debug   Library Name

       756         80          0          4          0        348   Lib_Com_Periph_2022.lib
        90         16          0          0          0         68   mc_w.l

    ----------------------------------------------------------------------
       848         96          0          4          4        416   Library Totals

    ----------------------------------------------------------------------

==============================================================================


      Code (inc. data)   RO Data    RW Data    ZI Data      Debug   

      1732        260        268         84       1028     216644   Grand Totals
      1732        260        268         84       1028     216644   ELF Image Totals
      1732        260        268         84          0          0   ROM Totals

==============================================================================

    Total RO  Size (Code + RO Data)                 2000 (   1.95kB)
    Total RW  Size (RW Data + ZI Data)              1112 (   1.09kB)
    Total ROM Size (Code + RO Data + RW Data)       2084 (   2.04kB)

==============================================================================

