Component: ARM Compiler 5.06 update 7 (build 960) Tool: armlink [4d3601]

==============================================================================

Section Cross References

    control.o(i.main) refers to gestion-plateau.o(i.initGestionPlateau) for initGestionPlateau
    control.o(i.main) refers to gestionvoile.o(i.initGestionVoile) for initGestionVoile
    control.o(i.main) refers to pilotage-servomoteur.o(i.initServo) for initServo
    control.o(i.main) refers to envoi-donnes.o(i.envoi_angle) for envoi_angle
    adc.o(i.ADC1_2_IRQHandler) refers to adc.o(.data) for valeur_ADC
    adc.o(i.get_adcValue) refers to adc.o(.data) for valeur_ADC
    driver_gpio.o(i.MyGPIO_Init) refers to driver_gpio.o(i.MyGPIO_Reset) for MyGPIO_Reset
    driver_gpio.o(i.MyGPIO_Init) refers to driver_gpio.o(i.MyGPIO_Set) for MyGPIO_Set
    driver_gpio.o(i.MyGPIO_Init) refers to driver_gpio.o(.data) for regcr
    girouette.o(i.girouette_init) refers to timer.o(i.MyTimer_Base_Init) for MyTimer_Base_Init
    timer.o(i.Cycle_PWM) refers to dfltui.o(.text) for __aeabi_ui2d
    timer.o(i.Cycle_PWM) refers to dmul.o(.text) for __aeabi_dmul
    timer.o(i.Cycle_PWM) refers to ddiv.o(.text) for __aeabi_ddiv
    timer.o(i.Cycle_PWM) refers to dfixi.o(.text) for __aeabi_d2iz
    timer.o(i.Cycle_PWM) refers to timer.o(.data) for Tim_cycle_pwm
    timer.o(i.MyTimer_ActiveIT) refers to timer.o(i.__NVIC_EnableIRQ) for __NVIC_EnableIRQ
    timer.o(i.MyTimer_ActiveIT) refers to timer.o(i.__NVIC_SetPriority) for __NVIC_SetPriority
    timer.o(i.MyTimer_ActiveIT) refers to timer.o(.data) for ptr2
    timer.o(i.TIM1_UP_IRQHandler) refers to timer.o(.data) for ptr1
    timer.o(i.TIM2_IRQHandler) refers to timer.o(.data) for ptr2
    timer.o(i.TIM3_IRQHandler) refers to timer.o(.data) for ptr3
    timer.o(i.TIM4_IRQHandler) refers to timer.o(.data) for ptr4
    usart.o(i.USART1_IRQHandler) refers to usart.o(.data) for Data
    usart.o(i.usart_1_configure_IT) refers to usart.o(.data) for usart_ptr
    usart.o(i.usart_1_send_string) refers to usart.o(i.usart_1_send) for usart_1_send
    usart.o(i.usart_1_send_string) refers to usart.o(.data) for usart_index
    usart.o(i.usart_configure_1_9600bps) refers to driver_gpio.o(i.MyGPIO_Init) for MyGPIO_Init
    usart.o(i.usart_configure_1_9600bps) refers to usart.o(.data) for Usart_gpio_tx
    usart.o(i.usart_getValue) refers to usart.o(.data) for Data
    gestion-plateau.o(i.initGestionPlateau) refers to usart.o(i.usart_configure_1_9600bps) for usart_configure_1_9600bps
    gestion-plateau.o(i.initGestionPlateau) refers to usart.o(i.usart_1_configure_IT) for usart_1_configure_IT
    gestion-plateau.o(i.initGestionPlateau) refers to rotation-plateau.o(i.initPlateau) for initPlateau
    gestion-plateau.o(i.initGestionPlateau) refers to gestion-plateau.o(i.receptionDonnees) for receptionDonnees
    gestion-plateau.o(i.receptionDonnees) refers to usart.o(i.usart_getValue) for usart_getValue
    gestion-plateau.o(i.receptionDonnees) refers to rotation-plateau.o(i.tourneDroite) for tourneDroite
    gestion-plateau.o(i.receptionDonnees) refers to rotation-plateau.o(i.tourneGauche) for tourneGauche
    gestion-plateau.o(i.receptionDonnees) refers to gestion-plateau.o(.data) for g_p_c
    pilotage-servomoteur.o(i.initServo) refers to driver_gpio.o(i.MyGPIO_Init) for MyGPIO_Init
    pilotage-servomoteur.o(i.initServo) refers to timer.o(i.MyTimer_Base_Init) for MyTimer_Base_Init
    pilotage-servomoteur.o(i.initServo) refers to timer.o(i.MyTimer_PWM) for MyTimer_PWM
    pilotage-servomoteur.o(i.initServo) refers to timer.o(i.Cycle_PWM) for Cycle_PWM
    pilotage-servomoteur.o(i.initServo) refers to pilotage-servomoteur.o(.data) for Servo_Struct_Gpio_PWM
    rotation-plateau.o(i.initPlateau) refers to driver_gpio.o(i.MyGPIO_Init) for MyGPIO_Init
    rotation-plateau.o(i.initPlateau) refers to timer.o(i.MyTimer_Base_Init) for MyTimer_Base_Init
    rotation-plateau.o(i.initPlateau) refers to timer.o(i.MyTimer_PWM) for MyTimer_PWM
    rotation-plateau.o(i.initPlateau) refers to timer.o(i.Cycle_PWM) for Cycle_PWM
    rotation-plateau.o(i.initPlateau) refers to rotation-plateau.o(.data) for Rot_Struct_Gpio_PWM
    rotation-plateau.o(i.tourneDroite) refers to dflti.o(.text) for __aeabi_i2d
    rotation-plateau.o(i.tourneDroite) refers to timer.o(i.Cycle_PWM) for Cycle_PWM
    rotation-plateau.o(i.tourneGauche) refers to dflti.o(.text) for __aeabi_i2d
    rotation-plateau.o(i.tourneGauche) refers to timer.o(i.Cycle_PWM) for Cycle_PWM
    gestionvoile.o(i.initGestionVoile) refers to driver_gpio.o(i.MyGPIO_Init) for MyGPIO_Init
    gestionvoile.o(i.initGestionVoile) refers to girouette.o(i.girouette_init) for girouette_init
    gestionvoile.o(i.initGestionVoile) refers to timer.o(i.MyTimer_ActiveIT) for MyTimer_ActiveIT
    gestionvoile.o(i.initGestionVoile) refers to gestionvoile.o(.data) for Voile_MonTimer1
    gestionvoile.o(i.initGestionVoile) refers to gestionvoile.o(i.voileHandler) for voileHandler
    gestionvoile.o(i.initGestionVoile) refers to rotation-plateau.o(.data) for Rot_Struct_TIM
    gestionvoile.o(i.voileHandler) refers to gestionvoile.o(i.getAngle) for getAngle
    gestionvoile.o(i.voileHandler) refers to timer.o(i.Cycle_PWM) for Cycle_PWM
    gestionvoile.o(i.voileHandler) refers to dflti.o(.text) for __aeabi_i2d
    gestionvoile.o(i.voileHandler) refers to dmul.o(.text) for __aeabi_dmul
    gestionvoile.o(i.voileHandler) refers to ddiv.o(.text) for __aeabi_ddiv
    gestionvoile.o(i.voileHandler) refers to dadd.o(.text) for __aeabi_dadd
    gestionvoile.o(i.voileHandler) refers to gestionvoile.o(.data) for currentVoileAngle
    envoi-donnes.o(i.envoi_angle) refers to usart.o(i.usart_1_send_string) for usart_1_send_string
    startup_stm32f10x_md.o(RESET) refers to startup_stm32f10x_md.o(STACK) for __initial_sp
    startup_stm32f10x_md.o(RESET) refers to startup_stm32f10x_md.o(.text) for Reset_Handler
    startup_stm32f10x_md.o(RESET) refers to adc.o(i.ADC1_2_IRQHandler) for ADC1_2_IRQHandler
    startup_stm32f10x_md.o(RESET) refers to girouette.o(i.EXTI9_5_IRQHandler) for EXTI9_5_IRQHandler
    startup_stm32f10x_md.o(RESET) refers to timer.o(i.TIM1_UP_IRQHandler) for TIM1_UP_IRQHandler
    startup_stm32f10x_md.o(RESET) refers to timer.o(i.TIM2_IRQHandler) for TIM2_IRQHandler
    startup_stm32f10x_md.o(RESET) refers to timer.o(i.TIM3_IRQHandler) for TIM3_IRQHandler
    startup_stm32f10x_md.o(RESET) refers to timer.o(i.TIM4_IRQHandler) for TIM4_IRQHandler
    startup_stm32f10x_md.o(RESET) refers to usart.o(i.USART1_IRQHandler) for USART1_IRQHandler
    startup_stm32f10x_md.o(.text) refers to system_stm32f10x.o(i.SystemInit) for SystemInit
    startup_stm32f10x_md.o(.text) refers to entry.o(.ARM.Collect$$$$00000000) for __main
    system_stm32f10x.o(i.SetSysClock) refers to system_stm32f10x.o(i.SetSysClockTo72) for SetSysClockTo72
    system_stm32f10x.o(i.SystemCoreClockUpdate) refers to system_stm32f10x.o(.data) for SystemCoreClock
    system_stm32f10x.o(i.SystemInit) refers to system_stm32f10x.o(i.SetSysClock) for SetSysClock
    entry.o(.ARM.Collect$$$$00000000) refers (Special) to entry10a.o(.ARM.Collect$$$$0000000F) for __rt_final_cpp
    entry.o(.ARM.Collect$$$$00000000) refers (Special) to entry11a.o(.ARM.Collect$$$$00000011) for __rt_final_exit
    entry.o(.ARM.Collect$$$$00000000) refers (Special) to entry12b.o(.ARM.Collect$$$$0000000E) for __rt_lib_shutdown_fini
    entry.o(.ARM.Collect$$$$00000000) refers (Special) to entry7b.o(.ARM.Collect$$$$00000008) for _main_clock
    entry.o(.ARM.Collect$$$$00000000) refers (Special) to entry8b.o(.ARM.Collect$$$$0000000A) for _main_cpp_init
    entry.o(.ARM.Collect$$$$00000000) refers (Special) to entry9a.o(.ARM.Collect$$$$0000000B) for _main_init
    entry.o(.ARM.Collect$$$$00000000) refers (Special) to entry5.o(.ARM.Collect$$$$00000004) for _main_scatterload
    entry.o(.ARM.Collect$$$$00000000) refers (Special) to entry2.o(.ARM.Collect$$$$00000001) for _main_stk
    dadd.o(.text) refers (Special) to iusefp.o(.text) for __I$use$fp
    dadd.o(.text) refers to llshl.o(.text) for __aeabi_llsl
    dadd.o(.text) refers to llsshr.o(.text) for __aeabi_lasr
    dadd.o(.text) refers to depilogue.o(.text) for _double_epilogue
    dmul.o(.text) refers (Special) to iusefp.o(.text) for __I$use$fp
    dmul.o(.text) refers to depilogue.o(.text) for _double_epilogue
    ddiv.o(.text) refers (Special) to iusefp.o(.text) for __I$use$fp
    ddiv.o(.text) refers to depilogue.o(.text) for _double_round
    dflti.o(.text) refers (Special) to iusefp.o(.text) for __I$use$fp
    dflti.o(.text) refers to depilogue.o(.text) for _double_epilogue
    dfltui.o(.text) refers (Special) to iusefp.o(.text) for __I$use$fp
    dfltui.o(.text) refers to depilogue.o(.text) for _double_epilogue
    dfixi.o(.text) refers (Special) to iusefp.o(.text) for __I$use$fp
    dfixi.o(.text) refers to llushr.o(.text) for __aeabi_llsr
    entry2.o(.ARM.Collect$$$$00000001) refers to entry2.o(.ARM.Collect$$$$00002712) for __lit__00000000
    entry2.o(.ARM.Collect$$$$00002712) refers to startup_stm32f10x_md.o(STACK) for __initial_sp
    entry2.o(__vectab_stack_and_reset_area) refers to startup_stm32f10x_md.o(STACK) for __initial_sp
    entry2.o(__vectab_stack_and_reset_area) refers to entry.o(.ARM.Collect$$$$00000000) for __main
    entry5.o(.ARM.Collect$$$$00000004) refers to init.o(.text) for __scatterload
    entry9a.o(.ARM.Collect$$$$0000000B) refers to control.o(i.main) for main
    entry9b.o(.ARM.Collect$$$$0000000C) refers to control.o(i.main) for main
    depilogue.o(.text) refers to llshl.o(.text) for __aeabi_llsl
    depilogue.o(.text) refers to llushr.o(.text) for __aeabi_llsr
    init.o(.text) refers to entry5.o(.ARM.Collect$$$$00000004) for __main_after_scatterload


==============================================================================

Removing Unused input sections from the image.

    Removing control.o(.rev16_text), (4 bytes).
    Removing control.o(.revsh_text), (4 bytes).
    Removing control.o(.rrx_text), (6 bytes).
    Removing adc.o(.rev16_text), (4 bytes).
    Removing adc.o(.revsh_text), (4 bytes).
    Removing adc.o(.rrx_text), (6 bytes).
    Removing adc.o(i.ADC_Read), (12 bytes).
    Removing adc.o(i.ADC_init_single), (192 bytes).
    Removing adc.o(i.ADC_off), (14 bytes).
    Removing adc.o(i.ADC_on), (14 bytes).
    Removing adc.o(i.get_adcValue), (12 bytes).
    Removing driver_gpio.o(.rev16_text), (4 bytes).
    Removing driver_gpio.o(.revsh_text), (4 bytes).
    Removing driver_gpio.o(.rrx_text), (6 bytes).
    Removing driver_gpio.o(i.MyGPIO_Read), (12 bytes).
    Removing driver_gpio.o(i.MyGPIO_Toggle), (12 bytes).
    Removing girouette.o(.rev16_text), (4 bytes).
    Removing girouette.o(.revsh_text), (4 bytes).
    Removing girouette.o(.rrx_text), (6 bytes).
    Removing timer.o(.rev16_text), (4 bytes).
    Removing timer.o(.revsh_text), (4 bytes).
    Removing timer.o(.rrx_text), (6 bytes).
    Removing usart.o(.rev16_text), (4 bytes).
    Removing usart.o(.revsh_text), (4 bytes).
    Removing usart.o(.rrx_text), (6 bytes).
    Removing usart.o(.bss), (10 bytes).
    Removing gestion-plateau.o(.rev16_text), (4 bytes).
    Removing gestion-plateau.o(.revsh_text), (4 bytes).
    Removing gestion-plateau.o(.rrx_text), (6 bytes).
    Removing mesure-roulis.o(.rev16_text), (4 bytes).
    Removing mesure-roulis.o(.revsh_text), (4 bytes).
    Removing mesure-roulis.o(.rrx_text), (6 bytes).
    Removing mesure-roulis.o(i.initMesureRoulis), (2 bytes).
    Removing mesure-roulis.o(i.setupADXL345), (2 bytes).
    Removing pilotage-servomoteur.o(.rev16_text), (4 bytes).
    Removing pilotage-servomoteur.o(.revsh_text), (4 bytes).
    Removing pilotage-servomoteur.o(.rrx_text), (6 bytes).
    Removing rotation-plateau.o(.rev16_text), (4 bytes).
    Removing rotation-plateau.o(.revsh_text), (4 bytes).
    Removing rotation-plateau.o(.rrx_text), (6 bytes).
    Removing gestionvoile.o(.rev16_text), (4 bytes).
    Removing gestionvoile.o(.revsh_text), (4 bytes).
    Removing gestionvoile.o(.rrx_text), (6 bytes).
    Removing envoi-donnes.o(.rev16_text), (4 bytes).
    Removing envoi-donnes.o(.revsh_text), (4 bytes).
    Removing envoi-donnes.o(.rrx_text), (6 bytes).
    Removing startup_stm32f10x_md.o(HEAP), (512 bytes).
    Removing system_stm32f10x.o(.rev16_text), (4 bytes).
    Removing system_stm32f10x.o(.revsh_text), (4 bytes).
    Removing system_stm32f10x.o(.rrx_text), (6 bytes).
    Removing system_stm32f10x.o(i.SystemCoreClockUpdate), (164 bytes).
    Removing system_stm32f10x.o(.data), (20 bytes).

52 unused section(s) (total 1160 bytes) removed from the image.

==============================================================================

Image Symbol Table

    Local Symbols

    Symbol Name                              Value     Ov Type        Size  Object(Section)

    ../clib/microlib/init/entry.s            0x00000000   Number         0  entry5.o ABSOLUTE
    ../clib/microlib/init/entry.s            0x00000000   Number         0  entry11b.o ABSOLUTE
    ../clib/microlib/init/entry.s            0x00000000   Number         0  entry2.o ABSOLUTE
    ../clib/microlib/init/entry.s            0x00000000   Number         0  entry10b.o ABSOLUTE
    ../clib/microlib/init/entry.s            0x00000000   Number         0  entry12b.o ABSOLUTE
    ../clib/microlib/init/entry.s            0x00000000   Number         0  entry8a.o ABSOLUTE
    ../clib/microlib/init/entry.s            0x00000000   Number         0  entry7b.o ABSOLUTE
    ../clib/microlib/init/entry.s            0x00000000   Number         0  entry7a.o ABSOLUTE
    ../clib/microlib/init/entry.s            0x00000000   Number         0  entry12a.o ABSOLUTE
    ../clib/microlib/init/entry.s            0x00000000   Number         0  entry.o ABSOLUTE
    ../clib/microlib/init/entry.s            0x00000000   Number         0  entry9a.o ABSOLUTE
    ../clib/microlib/init/entry.s            0x00000000   Number         0  entry8b.o ABSOLUTE
    ../clib/microlib/init/entry.s            0x00000000   Number         0  entry9b.o ABSOLUTE
    ../clib/microlib/init/entry.s            0x00000000   Number         0  entry10a.o ABSOLUTE
    ../clib/microlib/init/entry.s            0x00000000   Number         0  entry11a.o ABSOLUTE
    ../clib/microlib/longlong.c              0x00000000   Number         0  llshl.o ABSOLUTE
    ../clib/microlib/longlong.c              0x00000000   Number         0  llsshr.o ABSOLUTE
    ../clib/microlib/longlong.c              0x00000000   Number         0  llushr.o ABSOLUTE
    ../clib/microlib/stubs.s                 0x00000000   Number         0  iusefp.o ABSOLUTE
    ../fplib/microlib/fpadd.c                0x00000000   Number         0  dadd.o ABSOLUTE
    ../fplib/microlib/fpdiv.c                0x00000000   Number         0  ddiv.o ABSOLUTE
    ../fplib/microlib/fpepilogue.c           0x00000000   Number         0  depilogue.o ABSOLUTE
    ../fplib/microlib/fpfix.c                0x00000000   Number         0  dfixi.o ABSOLUTE
    ../fplib/microlib/fpflt.c                0x00000000   Number         0  dfltui.o ABSOLUTE
    ../fplib/microlib/fpflt.c                0x00000000   Number         0  dflti.o ABSOLUTE
    ../fplib/microlib/fpmul.c                0x00000000   Number         0  dmul.o ABSOLUTE
    ..\Drivers\Driver_GPIO.c                 0x00000000   Number         0  driver_gpio.o ABSOLUTE
    ..\Drivers\Timer.c                       0x00000000   Number         0  timer.o ABSOLUTE
    ..\Drivers\adc.c                         0x00000000   Number         0  adc.o ABSOLUTE
    ..\Drivers\girouette.c                   0x00000000   Number         0  girouette.o ABSOLUTE
    ..\Drivers\usart.c                       0x00000000   Number         0  usart.o ABSOLUTE
    ..\Services\envoi-donnes.c               0x00000000   Number         0  envoi-donnes.o ABSOLUTE
    ..\Services\gestion-plateau.c            0x00000000   Number         0  gestion-plateau.o ABSOLUTE
    ..\Services\gestionVoile.c               0x00000000   Number         0  gestionvoile.o ABSOLUTE
    ..\Services\mesure-roulis.c              0x00000000   Number         0  mesure-roulis.o ABSOLUTE
    ..\Services\pilotage-servomoteur.c       0x00000000   Number         0  pilotage-servomoteur.o ABSOLUTE
    ..\Services\rotation-plateau.c           0x00000000   Number         0  rotation-plateau.o ABSOLUTE
    ..\\Drivers\\Driver_GPIO.c               0x00000000   Number         0  driver_gpio.o ABSOLUTE
    ..\\Drivers\\Timer.c                     0x00000000   Number         0  timer.o ABSOLUTE
    ..\\Drivers\\adc.c                       0x00000000   Number         0  adc.o ABSOLUTE
    ..\\Drivers\\girouette.c                 0x00000000   Number         0  girouette.o ABSOLUTE
    ..\\Drivers\\usart.c                     0x00000000   Number         0  usart.o ABSOLUTE
    ..\\Services\\envoi-donnes.c             0x00000000   Number         0  envoi-donnes.o ABSOLUTE
    ..\\Services\\gestion-plateau.c          0x00000000   Number         0  gestion-plateau.o ABSOLUTE
    ..\\Services\\gestionVoile.c             0x00000000   Number         0  gestionvoile.o ABSOLUTE
    ..\\Services\\mesure-roulis.c            0x00000000   Number         0  mesure-roulis.o ABSOLUTE
    ..\\Services\\pilotage-servomoteur.c     0x00000000   Number         0  pilotage-servomoteur.o ABSOLUTE
    ..\\Services\\rotation-plateau.c         0x00000000   Number         0  rotation-plateau.o ABSOLUTE
    RTE\Device\STM32F103RB\startup_stm32f10x_md.s 0x00000000   Number         0  startup_stm32f10x_md.o ABSOLUTE
    RTE\Device\STM32F103RB\system_stm32f10x.c 0x00000000   Number         0  system_stm32f10x.o ABSOLUTE
    RTE\\Device\\STM32F103RB\\system_stm32f10x.c 0x00000000   Number         0  system_stm32f10x.o ABSOLUTE
    Sources\\control.c                       0x00000000   Number         0  control.o ABSOLUTE
    Sources\control.c                        0x00000000   Number         0  control.o ABSOLUTE
    dc.s                                     0x00000000   Number         0  dc.o ABSOLUTE
    handlers.s                               0x00000000   Number         0  handlers.o ABSOLUTE
    init.s                                   0x00000000   Number         0  init.o ABSOLUTE
    RESET                                    0x08000000   Section      236  startup_stm32f10x_md.o(RESET)
    .ARM.Collect$$$$00000000                 0x080000ec   Section        0  entry.o(.ARM.Collect$$$$00000000)
    .ARM.Collect$$$$00000001                 0x080000ec   Section        4  entry2.o(.ARM.Collect$$$$00000001)
    .ARM.Collect$$$$00000004                 0x080000f0   Section        4  entry5.o(.ARM.Collect$$$$00000004)
    .ARM.Collect$$$$00000008                 0x080000f4   Section        0  entry7b.o(.ARM.Collect$$$$00000008)
    .ARM.Collect$$$$0000000A                 0x080000f4   Section        0  entry8b.o(.ARM.Collect$$$$0000000A)
    .ARM.Collect$$$$0000000B                 0x080000f4   Section        8  entry9a.o(.ARM.Collect$$$$0000000B)
    .ARM.Collect$$$$0000000E                 0x080000fc   Section        4  entry12b.o(.ARM.Collect$$$$0000000E)
    .ARM.Collect$$$$0000000F                 0x08000100   Section        0  entry10a.o(.ARM.Collect$$$$0000000F)
    .ARM.Collect$$$$00000011                 0x08000100   Section        0  entry11a.o(.ARM.Collect$$$$00000011)
    .ARM.Collect$$$$00002712                 0x08000100   Section        4  entry2.o(.ARM.Collect$$$$00002712)
    __lit__00000000                          0x08000100   Data           4  entry2.o(.ARM.Collect$$$$00002712)
    .text                                    0x08000104   Section       36  startup_stm32f10x_md.o(.text)
    .text                                    0x08000128   Section        0  dadd.o(.text)
    .text                                    0x08000276   Section        0  dmul.o(.text)
    .text                                    0x0800035a   Section        0  ddiv.o(.text)
    .text                                    0x08000438   Section        0  dflti.o(.text)
    .text                                    0x0800045a   Section        0  dfltui.o(.text)
    .text                                    0x08000474   Section        0  dfixi.o(.text)
    .text                                    0x080004b2   Section        0  llshl.o(.text)
    .text                                    0x080004d0   Section        0  llushr.o(.text)
    .text                                    0x080004f0   Section        0  llsshr.o(.text)
    .text                                    0x08000514   Section        0  iusefp.o(.text)
    .text                                    0x08000514   Section        0  depilogue.o(.text)
    .text                                    0x080005d0   Section       36  init.o(.text)
    i.ADC1_2_IRQHandler                      0x080005f4   Section        0  adc.o(i.ADC1_2_IRQHandler)
    i.Cycle_PWM                              0x08000618   Section        0  timer.o(i.Cycle_PWM)
    i.EXTI9_5_IRQHandler                     0x080006a0   Section        0  girouette.o(i.EXTI9_5_IRQHandler)
    i.MyGPIO_Init                            0x080006bc   Section        0  driver_gpio.o(i.MyGPIO_Init)
    i.MyGPIO_Reset                           0x080007cc   Section        0  driver_gpio.o(i.MyGPIO_Reset)
    i.MyGPIO_Set                             0x080007d8   Section        0  driver_gpio.o(i.MyGPIO_Set)
    i.MyTimer_ActiveIT                       0x080007e4   Section        0  timer.o(i.MyTimer_ActiveIT)
    i.MyTimer_Base_Init                      0x08000884   Section        0  timer.o(i.MyTimer_Base_Init)
    i.MyTimer_PWM                            0x08000900   Section        0  timer.o(i.MyTimer_PWM)
    i.SetSysClock                            0x08000978   Section        0  system_stm32f10x.o(i.SetSysClock)
    SetSysClock                              0x08000979   Thumb Code     8  system_stm32f10x.o(i.SetSysClock)
    i.SetSysClockTo72                        0x08000980   Section        0  system_stm32f10x.o(i.SetSysClockTo72)
    SetSysClockTo72                          0x08000981   Thumb Code   214  system_stm32f10x.o(i.SetSysClockTo72)
    i.SystemInit                             0x08000a60   Section        0  system_stm32f10x.o(i.SystemInit)
    i.TIM1_UP_IRQHandler                     0x08000ac0   Section        0  timer.o(i.TIM1_UP_IRQHandler)
    i.TIM2_IRQHandler                        0x08000ae0   Section        0  timer.o(i.TIM2_IRQHandler)
    i.TIM3_IRQHandler                        0x08000b00   Section        0  timer.o(i.TIM3_IRQHandler)
    i.TIM4_IRQHandler                        0x08000b20   Section        0  timer.o(i.TIM4_IRQHandler)
    i.USART1_IRQHandler                      0x08000b40   Section        0  usart.o(i.USART1_IRQHandler)
    i.__NVIC_EnableIRQ                       0x08000b60   Section        0  timer.o(i.__NVIC_EnableIRQ)
    __NVIC_EnableIRQ                         0x08000b61   Thumb Code    34  timer.o(i.__NVIC_EnableIRQ)
    i.__NVIC_SetPriority                     0x08000b84   Section        0  timer.o(i.__NVIC_SetPriority)
    __NVIC_SetPriority                       0x08000b85   Thumb Code    32  timer.o(i.__NVIC_SetPriority)
    i.__scatterload_copy                     0x08000bac   Section       14  handlers.o(i.__scatterload_copy)
    i.__scatterload_null                     0x08000bba   Section        2  handlers.o(i.__scatterload_null)
    i.__scatterload_zeroinit                 0x08000bbc   Section       14  handlers.o(i.__scatterload_zeroinit)
    i.envoi_angle                            0x08000bcc   Section        0  envoi-donnes.o(i.envoi_angle)
    i.getAngle                               0x08000be4   Section        0  gestionvoile.o(i.getAngle)
    i.girouette_init                         0x08000bf8   Section        0  girouette.o(i.girouette_init)
    i.initGestionPlateau                     0x08000d24   Section        0  gestion-plateau.o(i.initGestionPlateau)
    i.initGestionVoile                       0x08000d3c   Section        0  gestionvoile.o(i.initGestionVoile)
    i.initPlateau                            0x08000dc4   Section        0  rotation-plateau.o(i.initPlateau)
    i.initServo                              0x08000e44   Section        0  pilotage-servomoteur.o(i.initServo)
    i.main                                   0x08000ea8   Section        0  control.o(i.main)
    i.receptionDonnees                       0x08000ec0   Section        0  gestion-plateau.o(i.receptionDonnees)
    i.tourneDroite                           0x08000f00   Section        0  rotation-plateau.o(i.tourneDroite)
    i.tourneGauche                           0x08000f2c   Section        0  rotation-plateau.o(i.tourneGauche)
    i.usart_1_configure_IT                   0x08000f58   Section        0  usart.o(i.usart_1_configure_IT)
    i.usart_1_send                           0x08000fc8   Section        0  usart.o(i.usart_1_send)
    i.usart_1_send_string                    0x08000fe8   Section        0  usart.o(i.usart_1_send_string)
    i.usart_configure_1_9600bps              0x08001018   Section        0  usart.o(i.usart_configure_1_9600bps)
    i.usart_getValue                         0x080010b4   Section        0  usart.o(i.usart_getValue)
    i.voileHandler                           0x080010c0   Section        0  gestionvoile.o(i.voileHandler)
    .data                                    0x20000000   Section        4  adc.o(.data)
    valeur_ADC                               0x20000000   Data           4  adc.o(.data)
    .data                                    0x20000004   Section        4  driver_gpio.o(.data)
    .data                                    0x20000008   Section       24  timer.o(.data)
    .data                                    0x20000020   Section       40  usart.o(.data)
    Data                                     0x20000020   Data           1  usart.o(.data)
    .data                                    0x20000048   Section        8  gestion-plateau.o(.data)
    .data                                    0x20000050   Section       16  pilotage-servomoteur.o(.data)
    .data                                    0x20000060   Section       24  rotation-plateau.o(.data)
    .data                                    0x20000078   Section       44  gestionvoile.o(.data)
    STACK                                    0x200000a8   Section     1024  startup_stm32f10x_md.o(STACK)

    Global Symbols

    Symbol Name                              Value     Ov Type        Size  Object(Section)

    BuildAttributes$$THM_ISAv4$P$D$K$B$S$PE$A:L22UL41UL21$X:L11$S22US41US21$IEEE1$IW$USESV6$~STKCKD$USESV7$~SHL$OSPACE$ROPI$EBA8$MICROLIB$REQ8$PRES8$EABIv2 0x00000000   Number         0  anon$$obj.o ABSOLUTE
    __ARM_use_no_argv                        0x00000000   Number         0  control.o ABSOLUTE
    __arm_fini_                               - Undefined Weak Reference
    __cpp_initialize__aeabi_                  - Undefined Weak Reference
    __cxa_finalize                            - Undefined Weak Reference
    __decompress                              - Undefined Weak Reference
    _clock_init                               - Undefined Weak Reference
    _microlib_exit                            - Undefined Weak Reference
    __Vectors_Size                           0x000000ec   Number         0  startup_stm32f10x_md.o ABSOLUTE
    __Vectors                                0x08000000   Data           4  startup_stm32f10x_md.o(RESET)
    __Vectors_End                            0x080000ec   Data           0  startup_stm32f10x_md.o(RESET)
    __main                                   0x080000ed   Thumb Code     0  entry.o(.ARM.Collect$$$$00000000)
    _main_stk                                0x080000ed   Thumb Code     0  entry2.o(.ARM.Collect$$$$00000001)
    _main_scatterload                        0x080000f1   Thumb Code     0  entry5.o(.ARM.Collect$$$$00000004)
    __main_after_scatterload                 0x080000f5   Thumb Code     0  entry5.o(.ARM.Collect$$$$00000004)
    _main_clock                              0x080000f5   Thumb Code     0  entry7b.o(.ARM.Collect$$$$00000008)
    _main_cpp_init                           0x080000f5   Thumb Code     0  entry8b.o(.ARM.Collect$$$$0000000A)
    _main_init                               0x080000f5   Thumb Code     0  entry9a.o(.ARM.Collect$$$$0000000B)
    __rt_lib_shutdown_fini                   0x080000fd   Thumb Code     0  entry12b.o(.ARM.Collect$$$$0000000E)
    __rt_final_cpp                           0x08000101   Thumb Code     0  entry10a.o(.ARM.Collect$$$$0000000F)
    __rt_final_exit                          0x08000101   Thumb Code     0  entry11a.o(.ARM.Collect$$$$00000011)
    Reset_Handler                            0x08000105   Thumb Code     8  startup_stm32f10x_md.o(.text)
    NMI_Handler                              0x0800010d   Thumb Code     2  startup_stm32f10x_md.o(.text)
    HardFault_Handler                        0x0800010f   Thumb Code     2  startup_stm32f10x_md.o(.text)
    MemManage_Handler                        0x08000111   Thumb Code     2  startup_stm32f10x_md.o(.text)
    BusFault_Handler                         0x08000113   Thumb Code     2  startup_stm32f10x_md.o(.text)
    UsageFault_Handler                       0x08000115   Thumb Code     2  startup_stm32f10x_md.o(.text)
    SVC_Handler                              0x08000117   Thumb Code     2  startup_stm32f10x_md.o(.text)
    DebugMon_Handler                         0x08000119   Thumb Code     2  startup_stm32f10x_md.o(.text)
    PendSV_Handler                           0x0800011b   Thumb Code     2  startup_stm32f10x_md.o(.text)
    SysTick_Handler                          0x0800011d   Thumb Code     2  startup_stm32f10x_md.o(.text)
    CAN1_RX1_IRQHandler                      0x0800011f   Thumb Code     0  startup_stm32f10x_md.o(.text)
    CAN1_SCE_IRQHandler                      0x0800011f   Thumb Code     0  startup_stm32f10x_md.o(.text)
    DMA1_Channel1_IRQHandler                 0x0800011f   Thumb Code     0  startup_stm32f10x_md.o(.text)
    DMA1_Channel2_IRQHandler                 0x0800011f   Thumb Code     0  startup_stm32f10x_md.o(.text)
    DMA1_Channel3_IRQHandler                 0x0800011f   Thumb Code     0  startup_stm32f10x_md.o(.text)
    DMA1_Channel4_IRQHandler                 0x0800011f   Thumb Code     0  startup_stm32f10x_md.o(.text)
    DMA1_Channel5_IRQHandler                 0x0800011f   Thumb Code     0  startup_stm32f10x_md.o(.text)
    DMA1_Channel6_IRQHandler                 0x0800011f   Thumb Code     0  startup_stm32f10x_md.o(.text)
    DMA1_Channel7_IRQHandler                 0x0800011f   Thumb Code     0  startup_stm32f10x_md.o(.text)
    EXTI0_IRQHandler                         0x0800011f   Thumb Code     0  startup_stm32f10x_md.o(.text)
    EXTI15_10_IRQHandler                     0x0800011f   Thumb Code     0  startup_stm32f10x_md.o(.text)
    EXTI1_IRQHandler                         0x0800011f   Thumb Code     0  startup_stm32f10x_md.o(.text)
    EXTI2_IRQHandler                         0x0800011f   Thumb Code     0  startup_stm32f10x_md.o(.text)
    EXTI3_IRQHandler                         0x0800011f   Thumb Code     0  startup_stm32f10x_md.o(.text)
    EXTI4_IRQHandler                         0x0800011f   Thumb Code     0  startup_stm32f10x_md.o(.text)
    FLASH_IRQHandler                         0x0800011f   Thumb Code     0  startup_stm32f10x_md.o(.text)
    I2C1_ER_IRQHandler                       0x0800011f   Thumb Code     0  startup_stm32f10x_md.o(.text)
    I2C1_EV_IRQHandler                       0x0800011f   Thumb Code     0  startup_stm32f10x_md.o(.text)
    I2C2_ER_IRQHandler                       0x0800011f   Thumb Code     0  startup_stm32f10x_md.o(.text)
    I2C2_EV_IRQHandler                       0x0800011f   Thumb Code     0  startup_stm32f10x_md.o(.text)
    PVD_IRQHandler                           0x0800011f   Thumb Code     0  startup_stm32f10x_md.o(.text)
    RCC_IRQHandler                           0x0800011f   Thumb Code     0  startup_stm32f10x_md.o(.text)
    RTCAlarm_IRQHandler                      0x0800011f   Thumb Code     0  startup_stm32f10x_md.o(.text)
    RTC_IRQHandler                           0x0800011f   Thumb Code     0  startup_stm32f10x_md.o(.text)
    SPI1_IRQHandler                          0x0800011f   Thumb Code     0  startup_stm32f10x_md.o(.text)
    SPI2_IRQHandler                          0x0800011f   Thumb Code     0  startup_stm32f10x_md.o(.text)
    TAMPER_IRQHandler                        0x0800011f   Thumb Code     0  startup_stm32f10x_md.o(.text)
    TIM1_BRK_IRQHandler                      0x0800011f   Thumb Code     0  startup_stm32f10x_md.o(.text)
    TIM1_CC_IRQHandler                       0x0800011f   Thumb Code     0  startup_stm32f10x_md.o(.text)
    TIM1_TRG_COM_IRQHandler                  0x0800011f   Thumb Code     0  startup_stm32f10x_md.o(.text)
    USART2_IRQHandler                        0x0800011f   Thumb Code     0  startup_stm32f10x_md.o(.text)
    USART3_IRQHandler                        0x0800011f   Thumb Code     0  startup_stm32f10x_md.o(.text)
    USBWakeUp_IRQHandler                     0x0800011f   Thumb Code     0  startup_stm32f10x_md.o(.text)
    USB_HP_CAN1_TX_IRQHandler                0x0800011f   Thumb Code     0  startup_stm32f10x_md.o(.text)
    USB_LP_CAN1_RX0_IRQHandler               0x0800011f   Thumb Code     0  startup_stm32f10x_md.o(.text)
    WWDG_IRQHandler                          0x0800011f   Thumb Code     0  startup_stm32f10x_md.o(.text)
    __aeabi_dadd                             0x08000129   Thumb Code   322  dadd.o(.text)
    __aeabi_dsub                             0x0800026b   Thumb Code     6  dadd.o(.text)
    __aeabi_drsub                            0x08000271   Thumb Code     6  dadd.o(.text)
    __aeabi_dmul                             0x08000277   Thumb Code   228  dmul.o(.text)
    __aeabi_ddiv                             0x0800035b   Thumb Code   222  ddiv.o(.text)
    __aeabi_i2d                              0x08000439   Thumb Code    34  dflti.o(.text)
    __aeabi_ui2d                             0x0800045b   Thumb Code    26  dfltui.o(.text)
    __aeabi_d2iz                             0x08000475   Thumb Code    62  dfixi.o(.text)
    __aeabi_llsl                             0x080004b3   Thumb Code    30  llshl.o(.text)
    _ll_shift_l                              0x080004b3   Thumb Code     0  llshl.o(.text)
    __aeabi_llsr                             0x080004d1   Thumb Code    32  llushr.o(.text)
    _ll_ushift_r                             0x080004d1   Thumb Code     0  llushr.o(.text)
    __aeabi_lasr                             0x080004f1   Thumb Code    36  llsshr.o(.text)
    _ll_sshift_r                             0x080004f1   Thumb Code     0  llsshr.o(.text)
    __I$use$fp                               0x08000515   Thumb Code     0  iusefp.o(.text)
    _double_round                            0x08000515   Thumb Code    30  depilogue.o(.text)
    _double_epilogue                         0x08000533   Thumb Code   156  depilogue.o(.text)
    __scatterload                            0x080005d1   Thumb Code    28  init.o(.text)
    __scatterload_rt2                        0x080005d1   Thumb Code     0  init.o(.text)
    ADC1_2_IRQHandler                        0x080005f5   Thumb Code    28  adc.o(i.ADC1_2_IRQHandler)
    Cycle_PWM                                0x08000619   Thumb Code   128  timer.o(i.Cycle_PWM)
    EXTI9_5_IRQHandler                       0x080006a1   Thumb Code    20  girouette.o(i.EXTI9_5_IRQHandler)
    MyGPIO_Init                              0x080006bd   Thumb Code   252  driver_gpio.o(i.MyGPIO_Init)
    MyGPIO_Reset                             0x080007cd   Thumb Code    12  driver_gpio.o(i.MyGPIO_Reset)
    MyGPIO_Set                               0x080007d9   Thumb Code    12  driver_gpio.o(i.MyGPIO_Set)
    MyTimer_ActiveIT                         0x080007e5   Thumb Code   132  timer.o(i.MyTimer_ActiveIT)
    MyTimer_Base_Init                        0x08000885   Thumb Code   106  timer.o(i.MyTimer_Base_Init)
    MyTimer_PWM                              0x08000901   Thumb Code   120  timer.o(i.MyTimer_PWM)
    SystemInit                               0x08000a61   Thumb Code    78  system_stm32f10x.o(i.SystemInit)
    TIM1_UP_IRQHandler                       0x08000ac1   Thumb Code    22  timer.o(i.TIM1_UP_IRQHandler)
    TIM2_IRQHandler                          0x08000ae1   Thumb Code    26  timer.o(i.TIM2_IRQHandler)
    TIM3_IRQHandler                          0x08000b01   Thumb Code    22  timer.o(i.TIM3_IRQHandler)
    TIM4_IRQHandler                          0x08000b21   Thumb Code    22  timer.o(i.TIM4_IRQHandler)
    USART1_IRQHandler                        0x08000b41   Thumb Code    18  usart.o(i.USART1_IRQHandler)
    __scatterload_copy                       0x08000bad   Thumb Code    14  handlers.o(i.__scatterload_copy)
    __scatterload_null                       0x08000bbb   Thumb Code     2  handlers.o(i.__scatterload_null)
    __scatterload_zeroinit                   0x08000bbd   Thumb Code    14  handlers.o(i.__scatterload_zeroinit)
    envoi_angle                              0x08000bcd   Thumb Code    14  envoi-donnes.o(i.envoi_angle)
    getAngle                                 0x08000be5   Thumb Code    14  gestionvoile.o(i.getAngle)
    girouette_init                           0x08000bf9   Thumb Code   280  girouette.o(i.girouette_init)
    initGestionPlateau                       0x08000d25   Thumb Code    20  gestion-plateau.o(i.initGestionPlateau)
    initGestionVoile                         0x08000d3d   Thumb Code    98  gestionvoile.o(i.initGestionVoile)
    initPlateau                              0x08000dc5   Thumb Code   110  rotation-plateau.o(i.initPlateau)
    initServo                                0x08000e45   Thumb Code    80  pilotage-servomoteur.o(i.initServo)
    main                                     0x08000ea9   Thumb Code    22  control.o(i.main)
    receptionDonnees                         0x08000ec1   Thumb Code    56  gestion-plateau.o(i.receptionDonnees)
    tourneDroite                             0x08000f01   Thumb Code    40  rotation-plateau.o(i.tourneDroite)
    tourneGauche                             0x08000f2d   Thumb Code    40  rotation-plateau.o(i.tourneGauche)
    usart_1_configure_IT                     0x08000f59   Thumb Code    94  usart.o(i.usart_1_configure_IT)
    usart_1_send                             0x08000fc9   Thumb Code    28  usart.o(i.usart_1_send)
    usart_1_send_string                      0x08000fe9   Thumb Code    44  usart.o(i.usart_1_send_string)
    usart_configure_1_9600bps                0x08001019   Thumb Code   136  usart.o(i.usart_configure_1_9600bps)
    usart_getValue                           0x080010b5   Thumb Code     6  usart.o(i.usart_getValue)
    voileHandler                             0x080010c1   Thumb Code   136  gestionvoile.o(i.voileHandler)
    Region$$Table$$Base                      0x0800115c   Number         0  anon$$obj.o(Region$$Table)
    Region$$Table$$Limit                     0x0800117c   Number         0  anon$$obj.o(Region$$Table)
    regcr                                    0x20000004   Data           4  driver_gpio.o(.data)
    ptr1                                     0x20000008   Data           4  timer.o(.data)
    ptr2                                     0x2000000c   Data           4  timer.o(.data)
    ptr3                                     0x20000010   Data           4  timer.o(.data)
    ptr4                                     0x20000014   Data           4  timer.o(.data)
    Tim_cycle_pwm                            0x20000018   Data           8  timer.o(.data)
    usart_index                              0x20000024   Data           4  usart.o(.data)
    usart_ptr                                0x20000028   Data           4  usart.o(.data)
    Usart_gpio_tx                            0x2000002c   Data           8  usart.o(.data)
    Usart_gpio_rx                            0x20000034   Data           8  usart.o(.data)
    Usart_tim4                               0x2000003c   Data           8  usart.o(.data)
    usart_buffer_index                       0x20000044   Data           4  usart.o(.data)
    g_p_c                                    0x20000048   Data           1  gestion-plateau.o(.data)
    g_p_i                                    0x2000004c   Data           4  gestion-plateau.o(.data)
    Servo_Struct_Gpio_PWM                    0x20000050   Data           8  pilotage-servomoteur.o(.data)
    Servo_Struct_TIM                         0x20000058   Data           8  pilotage-servomoteur.o(.data)
    Rot_Struct_Gpio_PWM                      0x20000060   Data           8  rotation-plateau.o(.data)
    Rot_Struct_Gpio_Sens                     0x20000068   Data           8  rotation-plateau.o(.data)
    Rot_Struct_TIM                           0x20000070   Data           8  rotation-plateau.o(.data)
    VoileCyclePwm                            0x20000078   Data           8  gestionvoile.o(.data)
    Voile_MonTimer1                          0x20000080   Data           8  gestionvoile.o(.data)
    MyGPIOA6                                 0x20000088   Data           8  gestionvoile.o(.data)
    MyGPIOA7                                 0x20000090   Data           8  gestionvoile.o(.data)
    MyGPIOC8                                 0x20000098   Data           8  gestionvoile.o(.data)
    currentVoileAngle                        0x200000a0   Data           4  gestionvoile.o(.data)
    __initial_sp                             0x200004a8   Data           0  startup_stm32f10x_md.o(STACK)



==============================================================================

Memory Map of the image

  Image Entry point : 0x08000105

  Load Region LR_1 (Base: 0x08000000, Size: 0x00001220, Max: 0xffffffff, ABSOLUTE)

    Execution Region ER_RO (Exec base: 0x08000000, Load base: 0x08000000, Size: 0x0000117c, Max: 0xffffffff, ABSOLUTE)

    Exec Addr    Load Addr    Size         Type   Attr      Idx    E Section Name        Object

    0x08000000   0x08000000   0x000000ec   Data   RO          573    RESET               startup_stm32f10x_md.o
    0x080000ec   0x080000ec   0x00000000   Code   RO          624  * .ARM.Collect$$$$00000000  mc_w.l(entry.o)
    0x080000ec   0x080000ec   0x00000004   Code   RO          639    .ARM.Collect$$$$00000001  mc_w.l(entry2.o)
    0x080000f0   0x080000f0   0x00000004   Code   RO          642    .ARM.Collect$$$$00000004  mc_w.l(entry5.o)
    0x080000f4   0x080000f4   0x00000000   Code   RO          644    .ARM.Collect$$$$00000008  mc_w.l(entry7b.o)
    0x080000f4   0x080000f4   0x00000000   Code   RO          646    .ARM.Collect$$$$0000000A  mc_w.l(entry8b.o)
    0x080000f4   0x080000f4   0x00000008   Code   RO          647    .ARM.Collect$$$$0000000B  mc_w.l(entry9a.o)
    0x080000fc   0x080000fc   0x00000004   Code   RO          654    .ARM.Collect$$$$0000000E  mc_w.l(entry12b.o)
    0x08000100   0x08000100   0x00000000   Code   RO          649    .ARM.Collect$$$$0000000F  mc_w.l(entry10a.o)
    0x08000100   0x08000100   0x00000000   Code   RO          651    .ARM.Collect$$$$00000011  mc_w.l(entry11a.o)
    0x08000100   0x08000100   0x00000004   Code   RO          640    .ARM.Collect$$$$00002712  mc_w.l(entry2.o)
    0x08000104   0x08000104   0x00000024   Code   RO          574  * .text               startup_stm32f10x_md.o
    0x08000128   0x08000128   0x0000014e   Code   RO          627    .text               mf_w.l(dadd.o)
    0x08000276   0x08000276   0x000000e4   Code   RO          629    .text               mf_w.l(dmul.o)
    0x0800035a   0x0800035a   0x000000de   Code   RO          631    .text               mf_w.l(ddiv.o)
    0x08000438   0x08000438   0x00000022   Code   RO          633    .text               mf_w.l(dflti.o)
    0x0800045a   0x0800045a   0x0000001a   Code   RO          635    .text               mf_w.l(dfltui.o)
    0x08000474   0x08000474   0x0000003e   Code   RO          637    .text               mf_w.l(dfixi.o)
    0x080004b2   0x080004b2   0x0000001e   Code   RO          655    .text               mc_w.l(llshl.o)
    0x080004d0   0x080004d0   0x00000020   Code   RO          657    .text               mc_w.l(llushr.o)
    0x080004f0   0x080004f0   0x00000024   Code   RO          659    .text               mc_w.l(llsshr.o)
    0x08000514   0x08000514   0x00000000   Code   RO          661    .text               mc_w.l(iusefp.o)
    0x08000514   0x08000514   0x000000ba   Code   RO          662    .text               mf_w.l(depilogue.o)
    0x080005ce   0x080005ce   0x00000002   PAD
    0x080005d0   0x080005d0   0x00000024   Code   RO          664    .text               mc_w.l(init.o)
    0x080005f4   0x080005f4   0x00000024   Code   RO           81    i.ADC1_2_IRQHandler  adc.o
    0x08000618   0x08000618   0x00000088   Code   RO          225    i.Cycle_PWM         timer.o
    0x080006a0   0x080006a0   0x0000001c   Code   RO          195    i.EXTI9_5_IRQHandler  girouette.o
    0x080006bc   0x080006bc   0x00000110   Code   RO          144    i.MyGPIO_Init       driver_gpio.o
    0x080007cc   0x080007cc   0x0000000c   Code   RO          146    i.MyGPIO_Reset      driver_gpio.o
    0x080007d8   0x080007d8   0x0000000c   Code   RO          147    i.MyGPIO_Set        driver_gpio.o
    0x080007e4   0x080007e4   0x000000a0   Code   RO          226    i.MyTimer_ActiveIT  timer.o
    0x08000884   0x08000884   0x0000007c   Code   RO          227    i.MyTimer_Base_Init  timer.o
    0x08000900   0x08000900   0x00000078   Code   RO          228    i.MyTimer_PWM       timer.o
    0x08000978   0x08000978   0x00000008   Code   RO          581    i.SetSysClock       system_stm32f10x.o
    0x08000980   0x08000980   0x000000e0   Code   RO          582    i.SetSysClockTo72   system_stm32f10x.o
    0x08000a60   0x08000a60   0x00000060   Code   RO          584    i.SystemInit        system_stm32f10x.o
    0x08000ac0   0x08000ac0   0x00000020   Code   RO          229    i.TIM1_UP_IRQHandler  timer.o
    0x08000ae0   0x08000ae0   0x00000020   Code   RO          230    i.TIM2_IRQHandler   timer.o
    0x08000b00   0x08000b00   0x00000020   Code   RO          231    i.TIM3_IRQHandler   timer.o
    0x08000b20   0x08000b20   0x00000020   Code   RO          232    i.TIM4_IRQHandler   timer.o
    0x08000b40   0x08000b40   0x00000020   Code   RO          311    i.USART1_IRQHandler  usart.o
    0x08000b60   0x08000b60   0x00000022   Code   RO          233    i.__NVIC_EnableIRQ  timer.o
    0x08000b82   0x08000b82   0x00000002   PAD
    0x08000b84   0x08000b84   0x00000028   Code   RO          234    i.__NVIC_SetPriority  timer.o
    0x08000bac   0x08000bac   0x0000000e   Code   RO          668    i.__scatterload_copy  mc_w.l(handlers.o)
    0x08000bba   0x08000bba   0x00000002   Code   RO          669    i.__scatterload_null  mc_w.l(handlers.o)
    0x08000bbc   0x08000bbc   0x0000000e   Code   RO          670    i.__scatterload_zeroinit  mc_w.l(handlers.o)
    0x08000bca   0x08000bca   0x00000002   PAD
    0x08000bcc   0x08000bcc   0x00000018   Code   RO          550    i.envoi_angle       envoi-donnes.o
    0x08000be4   0x08000be4   0x00000014   Code   RO          510    i.getAngle          gestionvoile.o
    0x08000bf8   0x08000bf8   0x0000012c   Code   RO          196    i.girouette_init    girouette.o
    0x08000d24   0x08000d24   0x00000018   Code   RO          369    i.initGestionPlateau  gestion-plateau.o
    0x08000d3c   0x08000d3c   0x00000088   Code   RO          511    i.initGestionVoile  gestionvoile.o
    0x08000dc4   0x08000dc4   0x00000080   Code   RO          471    i.initPlateau       rotation-plateau.o
    0x08000e44   0x08000e44   0x00000064   Code   RO          444    i.initServo         pilotage-servomoteur.o
    0x08000ea8   0x08000ea8   0x00000016   Code   RO            4    i.main              control.o
    0x08000ebe   0x08000ebe   0x00000002   PAD
    0x08000ec0   0x08000ec0   0x00000040   Code   RO          370    i.receptionDonnees  gestion-plateau.o
    0x08000f00   0x08000f00   0x0000002c   Code   RO          472    i.tourneDroite      rotation-plateau.o
    0x08000f2c   0x08000f2c   0x0000002c   Code   RO          473    i.tourneGauche      rotation-plateau.o
    0x08000f58   0x08000f58   0x00000070   Code   RO          312    i.usart_1_configure_IT  usart.o
    0x08000fc8   0x08000fc8   0x00000020   Code   RO          313    i.usart_1_send      usart.o
    0x08000fe8   0x08000fe8   0x00000030   Code   RO          314    i.usart_1_send_string  usart.o
    0x08001018   0x08001018   0x0000009c   Code   RO          315    i.usart_configure_1_9600bps  usart.o
    0x080010b4   0x080010b4   0x0000000c   Code   RO          316    i.usart_getValue    usart.o
    0x080010c0   0x080010c0   0x0000009c   Code   RO          512    i.voileHandler      gestionvoile.o
    0x0800115c   0x0800115c   0x00000020   Data   RO          666    Region$$Table       anon$$obj.o


    Execution Region ER_RW (Exec base: 0x20000000, Load base: 0x0800117c, Size: 0x000000a4, Max: 0xffffffff, ABSOLUTE)

    Exec Addr    Load Addr    Size         Type   Attr      Idx    E Section Name        Object

    0x20000000   0x0800117c   0x00000004   Data   RW           87    .data               adc.o
    0x20000004   0x08001180   0x00000004   Data   RW          149    .data               driver_gpio.o
    0x20000008   0x08001184   0x00000018   Data   RW          235    .data               timer.o
    0x20000020   0x0800119c   0x00000028   Data   RW          318    .data               usart.o
    0x20000048   0x080011c4   0x00000008   Data   RW          371    .data               gestion-plateau.o
    0x20000050   0x080011cc   0x00000010   Data   RW          445    .data               pilotage-servomoteur.o
    0x20000060   0x080011dc   0x00000018   Data   RW          474    .data               rotation-plateau.o
    0x20000078   0x080011f4   0x0000002c   Data   RW          513    .data               gestionvoile.o


    Execution Region ER_ZI (Exec base: 0x200000a4, Load base: 0x08001220, Size: 0x00000404, Max: 0xffffffff, ABSOLUTE)

    Exec Addr    Load Addr    Size         Type   Attr      Idx    E Section Name        Object

    0x200000a4   0x08001220   0x00000004   PAD
    0x200000a8        -       0x00000400   Zero   RW          571    STACK               startup_stm32f10x_md.o


==============================================================================

Image component sizes


      Code (inc. data)   RO Data    RW Data    ZI Data      Debug   Object Name

        36          8          0          4          0      25355   adc.o
        22          0          0          0          0     207887   control.o
       296         20          0          4          0       2254   driver_gpio.o
        24         10          0          0          0        490   envoi-donnes.o
        88         12          0          8          0       1194   gestion-plateau.o
       312         64          0         44          0       1890   gestionvoile.o
       328         28          0          0          0       1218   girouette.o
         0          0          0          0          0        568   mesure-roulis.o
       100         20          0         16          0        789   pilotage-servomoteur.o
       216         26          0         24          0       1882   rotation-plateau.o
        36          8        236          0       1024        812   startup_stm32f10x_md.o
       328         28          0          0          0       1981   system_stm32f10x.o
       742         98          0         24          0       6368   timer.o
       392         66          0         40          0       4160   usart.o

    ----------------------------------------------------------------------
      2924        388        268        164       1028     256848   Object Totals
         0          0         32          0          0          0   (incl. Generated)
         4          0          0          0          4          0   (incl. Padding)

    ----------------------------------------------------------------------

      Code (inc. data)   RO Data    RW Data    ZI Data      Debug   Library Member Name

         0          0          0          0          0          0   entry.o
         0          0          0          0          0          0   entry10a.o
         0          0          0          0          0          0   entry11a.o
         4          0          0          0          0          0   entry12b.o
         8          4          0          0          0          0   entry2.o
         4          0          0          0          0          0   entry5.o
         0          0          0          0          0          0   entry7b.o
         0          0          0          0          0          0   entry8b.o
         8          4          0          0          0          0   entry9a.o
        30          0          0          0          0          0   handlers.o
        36          8          0          0          0         68   init.o
         0          0          0          0          0          0   iusefp.o
        30          0          0          0          0         68   llshl.o
        36          0          0          0          0         68   llsshr.o
        32          0          0          0          0         68   llushr.o
       334          0          0          0          0        148   dadd.o
       222          0          0          0          0        100   ddiv.o
       186          0          0          0          0        176   depilogue.o
        62          0          0          0          0         80   dfixi.o
        34          0          0          0          0         76   dflti.o
        26          0          0          0          0         76   dfltui.o
       228          0          0          0          0         96   dmul.o

    ----------------------------------------------------------------------
      1284         16          0          0          0       1024   Library Totals
         4          0          0          0          0          0   (incl. Padding)

    ----------------------------------------------------------------------

      Code (inc. data)   RO Data    RW Data    ZI Data      Debug   Library Name

       188         16          0          0          0        272   mc_w.l
      1092          0          0          0          0        752   mf_w.l

    ----------------------------------------------------------------------
      1284         16          0          0          0       1024   Library Totals

    ----------------------------------------------------------------------

==============================================================================


      Code (inc. data)   RO Data    RW Data    ZI Data      Debug   

      4208        404        268        164       1028     255840   Grand Totals
      4208        404        268        164       1028     255840   ELF Image Totals
      4208        404        268        164          0          0   ROM Totals

==============================================================================

    Total RO  Size (Code + RO Data)                 4476 (   4.37kB)
    Total RW  Size (RW Data + ZI Data)              1192 (   1.16kB)
    Total ROM Size (Code + RO Data + RW Data)       4640 (   4.53kB)

==============================================================================

