Component: ARM Compiler 5.06 update 7 (build 960) Tool: armlink [4d3601]

==============================================================================

Section Cross References

    control.o(i.main) refers to gestion-plateau.o(i.initGestionPlateau) for initGestionPlateau
    control.o(i.main) refers to gestionvoile.o(i.initGestionVoile) for initGestionVoile
    control.o(i.main) refers to pilotage-servomoteur.o(i.initServo) for initServo
    control.o(i.main) refers to usart.o(i.usart_1_send) for usart_1_send
    control.o(i.main) refers to systick.o(i.Systick_ActiveIT) for Systick_ActiveIT
    control.o(i.main) refers to systick.o(i.systick_Init) for systick_Init
    control.o(i.main) refers to control.o(i.systick_fun) for systick_fun
    control.o(i.systick_fun) refers to gestionvoile.o(i.voilegestion) for voilegestion
    control.o(i.systick_fun) refers to usart.o(i.usart_1_send) for usart_1_send
    control.o(i.systick_fun) refers to gestion-plateau.o(i.receptionDonnees) for receptionDonnees
    control.o(i.systick_fun) refers to systick.o(.data) for compteursystick
    adc.o(i.ADC1_2_IRQHandler) refers to adc.o(.data) for valeur_ADC
    adc.o(i.get_adcValue) refers to adc.o(.data) for valeur_ADC
    driver_gpio.o(i.MyGPIO_Init) refers to driver_gpio.o(i.MyGPIO_Reset) for MyGPIO_Reset
    driver_gpio.o(i.MyGPIO_Init) refers to driver_gpio.o(i.MyGPIO_Set) for MyGPIO_Set
    driver_gpio.o(i.MyGPIO_Init) refers to driver_gpio.o(.data) for regcr
    girouette.o(i.girouette_init) refers to timer.o(i.MyTimer_Base_Init) for MyTimer_Base_Init
    timer.o(i.Cycle_PWM) refers to timer.o(.data) for Tim_cycle_pwm
    timer.o(i.MyTimer_ActiveIT) refers to timer.o(i.__NVIC_EnableIRQ) for __NVIC_EnableIRQ
    timer.o(i.MyTimer_ActiveIT) refers to timer.o(i.__NVIC_SetPriority) for __NVIC_SetPriority
    timer.o(i.MyTimer_ActiveIT) refers to timer.o(.data) for ptr2
    timer.o(i.TIM1_UP_IRQHandler) refers to timer.o(.data) for ptr1
    timer.o(i.TIM2_IRQHandler) refers to timer.o(.data) for ptr2
    timer.o(i.TIM3_IRQHandler) refers to timer.o(.data) for ptr3
    timer.o(i.TIM4_IRQHandler) refers to timer.o(.data) for ptr4
    usart.o(i.USART1_IRQHandler) refers to usart.o(.data) for Data
    usart.o(i.USART1_handler_reception_systick) refers to usart.o(.data) for Data
    usart.o(i.usart_1_configure_IT) refers to usart.o(.data) for usart_ptr
    usart.o(i.usart_1_send_string) refers to usart.o(i.usart_1_send) for usart_1_send
    usart.o(i.usart_1_send_string) refers to usart.o(.data) for usart_index
    usart.o(i.usart_configure_1_9600bps) refers to driver_gpio.o(i.MyGPIO_Init) for MyGPIO_Init
    usart.o(i.usart_configure_1_9600bps) refers to usart.o(.data) for Usart_gpio_tx
    usart.o(i.usart_getValue) refers to usart.o(.data) for Data
    systick.o(i.SysTick_Handler) refers to systick.o(.data) for handler_systick_ptr
    systick.o(i.Systick_ActiveIT) refers to systick.o(.data) for handler_systick_ptr
    gestion-plateau.o(i.initGestionPlateau) refers to usart.o(i.usart_configure_1_9600bps) for usart_configure_1_9600bps
    gestion-plateau.o(i.initGestionPlateau) refers to usart.o(i.usart_1_configure_IT) for usart_1_configure_IT
    gestion-plateau.o(i.initGestionPlateau) refers to rotation-plateau.o(i.initPlateau) for initPlateau
    gestion-plateau.o(i.initGestionPlateau) refers to gestion-plateau.o(i.receptionDonnees) for receptionDonnees
    gestion-plateau.o(i.receptionDonnees) refers to usart.o(i.usart_getValue) for usart_getValue
    gestion-plateau.o(i.receptionDonnees) refers to rotation-plateau.o(i.tourneDroite) for tourneDroite
    gestion-plateau.o(i.receptionDonnees) refers to rotation-plateau.o(i.tourneGauche) for tourneGauche
    gestion-plateau.o(i.receptionDonnees) refers to gestion-plateau.o(.data) for g_p_c
    pilotage-servomoteur.o(i.initServo) refers to driver_gpio.o(i.MyGPIO_Init) for MyGPIO_Init
    pilotage-servomoteur.o(i.initServo) refers to timer.o(i.MyTimer_Base_Init) for MyTimer_Base_Init
    pilotage-servomoteur.o(i.initServo) refers to timer.o(i.MyTimer_PWM) for MyTimer_PWM
    pilotage-servomoteur.o(i.initServo) refers to timer.o(i.Cycle_PWM) for Cycle_PWM
    pilotage-servomoteur.o(i.initServo) refers to pilotage-servomoteur.o(.data) for Servo_Struct_Gpio_PWM
    rotation-plateau.o(i.initPlateau) refers to driver_gpio.o(i.MyGPIO_Init) for MyGPIO_Init
    rotation-plateau.o(i.initPlateau) refers to timer.o(i.MyTimer_Base_Init) for MyTimer_Base_Init
    rotation-plateau.o(i.initPlateau) refers to timer.o(i.MyTimer_PWM) for MyTimer_PWM
    rotation-plateau.o(i.initPlateau) refers to timer.o(i.Cycle_PWM) for Cycle_PWM
    rotation-plateau.o(i.initPlateau) refers to rotation-plateau.o(.data) for Rot_Struct_Gpio_PWM
    rotation-plateau.o(i.tourneDroite) refers to timer.o(i.Cycle_PWM) for Cycle_PWM
    rotation-plateau.o(i.tourneGauche) refers to timer.o(i.Cycle_PWM) for Cycle_PWM
    gestionvoile.o(i.initGestionVoile) refers to driver_gpio.o(i.MyGPIO_Init) for MyGPIO_Init
    gestionvoile.o(i.initGestionVoile) refers to girouette.o(i.girouette_init) for girouette_init
    gestionvoile.o(i.initGestionVoile) refers to gestionvoile.o(.data) for Voile_MonTimer1
    gestionvoile.o(i.voilegestion) refers to gestionvoile.o(i.getAngle) for getAngle
    gestionvoile.o(i.voilegestion) refers to timer.o(i.Cycle_PWM) for Cycle_PWM
    gestionvoile.o(i.voilegestion) refers to gestionvoile.o(.data) for currentVoileAngle
    envoi-donnes.o(i.envoi_angle) refers to usart.o(i.usart_1_send_string) for usart_1_send_string
    startup_stm32f10x_md.o(RESET) refers to startup_stm32f10x_md.o(STACK) for __initial_sp
    startup_stm32f10x_md.o(RESET) refers to startup_stm32f10x_md.o(.text) for Reset_Handler
    startup_stm32f10x_md.o(RESET) refers to systick.o(i.SysTick_Handler) for SysTick_Handler
    startup_stm32f10x_md.o(RESET) refers to adc.o(i.ADC1_2_IRQHandler) for ADC1_2_IRQHandler
    startup_stm32f10x_md.o(RESET) refers to girouette.o(i.EXTI9_5_IRQHandler) for EXTI9_5_IRQHandler
    startup_stm32f10x_md.o(RESET) refers to timer.o(i.TIM1_UP_IRQHandler) for TIM1_UP_IRQHandler
    startup_stm32f10x_md.o(RESET) refers to timer.o(i.TIM2_IRQHandler) for TIM2_IRQHandler
    startup_stm32f10x_md.o(RESET) refers to timer.o(i.TIM3_IRQHandler) for TIM3_IRQHandler
    startup_stm32f10x_md.o(RESET) refers to timer.o(i.TIM4_IRQHandler) for TIM4_IRQHandler
    startup_stm32f10x_md.o(RESET) refers to usart.o(i.USART1_IRQHandler) for USART1_IRQHandler
    startup_stm32f10x_md.o(.text) refers to system_stm32f10x.o(i.SystemInit) for SystemInit
    startup_stm32f10x_md.o(.text) refers to entry.o(.ARM.Collect$$$$00000000) for __main
    system_stm32f10x.o(i.SetSysClock) refers to system_stm32f10x.o(i.SetSysClockTo72) for SetSysClockTo72
    system_stm32f10x.o(i.SystemCoreClockUpdate) refers to system_stm32f10x.o(.data) for SystemCoreClock
    system_stm32f10x.o(i.SystemInit) refers to system_stm32f10x.o(i.SetSysClock) for SetSysClock
    entry.o(.ARM.Collect$$$$00000000) refers (Special) to entry10a.o(.ARM.Collect$$$$0000000F) for __rt_final_cpp
    entry.o(.ARM.Collect$$$$00000000) refers (Special) to entry11a.o(.ARM.Collect$$$$00000011) for __rt_final_exit
    entry.o(.ARM.Collect$$$$00000000) refers (Special) to entry12b.o(.ARM.Collect$$$$0000000E) for __rt_lib_shutdown_fini
    entry.o(.ARM.Collect$$$$00000000) refers (Special) to entry7b.o(.ARM.Collect$$$$00000008) for _main_clock
    entry.o(.ARM.Collect$$$$00000000) refers (Special) to entry8b.o(.ARM.Collect$$$$0000000A) for _main_cpp_init
    entry.o(.ARM.Collect$$$$00000000) refers (Special) to entry9a.o(.ARM.Collect$$$$0000000B) for _main_init
    entry.o(.ARM.Collect$$$$00000000) refers (Special) to entry5.o(.ARM.Collect$$$$00000004) for _main_scatterload
    entry.o(.ARM.Collect$$$$00000000) refers (Special) to entry2.o(.ARM.Collect$$$$00000001) for _main_stk
    entry2.o(.ARM.Collect$$$$00000001) refers to entry2.o(.ARM.Collect$$$$00002712) for __lit__00000000
    entry2.o(.ARM.Collect$$$$00002712) refers to startup_stm32f10x_md.o(STACK) for __initial_sp
    entry2.o(__vectab_stack_and_reset_area) refers to startup_stm32f10x_md.o(STACK) for __initial_sp
    entry2.o(__vectab_stack_and_reset_area) refers to entry.o(.ARM.Collect$$$$00000000) for __main
    entry5.o(.ARM.Collect$$$$00000004) refers to init.o(.text) for __scatterload
    entry9a.o(.ARM.Collect$$$$0000000B) refers to control.o(i.main) for main
    entry9b.o(.ARM.Collect$$$$0000000C) refers to control.o(i.main) for main
    init.o(.text) refers to entry5.o(.ARM.Collect$$$$00000004) for __main_after_scatterload


==============================================================================

Removing Unused input sections from the image.

    Removing control.o(.rev16_text), (4 bytes).
    Removing control.o(.revsh_text), (4 bytes).
    Removing control.o(.rrx_text), (6 bytes).
    Removing adc.o(.rev16_text), (4 bytes).
    Removing adc.o(.revsh_text), (4 bytes).
    Removing adc.o(.rrx_text), (6 bytes).
    Removing adc.o(i.ADC_Read), (12 bytes).
    Removing adc.o(i.ADC_init_single), (192 bytes).
    Removing adc.o(i.ADC_off), (14 bytes).
    Removing adc.o(i.ADC_on), (14 bytes).
    Removing adc.o(i.get_adcValue), (12 bytes).
    Removing driver_gpio.o(.rev16_text), (4 bytes).
    Removing driver_gpio.o(.revsh_text), (4 bytes).
    Removing driver_gpio.o(.rrx_text), (6 bytes).
    Removing driver_gpio.o(i.MyGPIO_Read), (12 bytes).
    Removing driver_gpio.o(i.MyGPIO_Toggle), (12 bytes).
    Removing girouette.o(.rev16_text), (4 bytes).
    Removing girouette.o(.revsh_text), (4 bytes).
    Removing girouette.o(.rrx_text), (6 bytes).
    Removing timer.o(.rev16_text), (4 bytes).
    Removing timer.o(.revsh_text), (4 bytes).
    Removing timer.o(.rrx_text), (6 bytes).
    Removing timer.o(i.MyTimer_ActiveIT), (160 bytes).
    Removing timer.o(i.__NVIC_EnableIRQ), (34 bytes).
    Removing timer.o(i.__NVIC_SetPriority), (40 bytes).
    Removing usart.o(.rev16_text), (4 bytes).
    Removing usart.o(.revsh_text), (4 bytes).
    Removing usart.o(.rrx_text), (6 bytes).
    Removing usart.o(i.USART1_handler_reception_systick), (32 bytes).
    Removing usart.o(i.usart_1_send_string), (48 bytes).
    Removing usart.o(.bss), (10 bytes).
    Removing systick.o(.rev16_text), (4 bytes).
    Removing systick.o(.revsh_text), (4 bytes).
    Removing systick.o(.rrx_text), (6 bytes).
    Removing gestion-plateau.o(.rev16_text), (4 bytes).
    Removing gestion-plateau.o(.revsh_text), (4 bytes).
    Removing gestion-plateau.o(.rrx_text), (6 bytes).
    Removing mesure-roulis.o(.rev16_text), (4 bytes).
    Removing mesure-roulis.o(.revsh_text), (4 bytes).
    Removing mesure-roulis.o(.rrx_text), (6 bytes).
    Removing mesure-roulis.o(i.initMesureRoulis), (2 bytes).
    Removing mesure-roulis.o(i.setupADXL345), (2 bytes).
    Removing pilotage-servomoteur.o(.rev16_text), (4 bytes).
    Removing pilotage-servomoteur.o(.revsh_text), (4 bytes).
    Removing pilotage-servomoteur.o(.rrx_text), (6 bytes).
    Removing rotation-plateau.o(.rev16_text), (4 bytes).
    Removing rotation-plateau.o(.revsh_text), (4 bytes).
    Removing rotation-plateau.o(.rrx_text), (6 bytes).
    Removing gestionvoile.o(.rev16_text), (4 bytes).
    Removing gestionvoile.o(.revsh_text), (4 bytes).
    Removing gestionvoile.o(.rrx_text), (6 bytes).
    Removing envoi-donnes.o(.rev16_text), (4 bytes).
    Removing envoi-donnes.o(.revsh_text), (4 bytes).
    Removing envoi-donnes.o(.rrx_text), (6 bytes).
    Removing envoi-donnes.o(i.envoi_angle), (24 bytes).
    Removing startup_stm32f10x_md.o(HEAP), (512 bytes).
    Removing system_stm32f10x.o(.rev16_text), (4 bytes).
    Removing system_stm32f10x.o(.revsh_text), (4 bytes).
    Removing system_stm32f10x.o(.rrx_text), (6 bytes).
    Removing system_stm32f10x.o(i.SystemCoreClockUpdate), (164 bytes).
    Removing system_stm32f10x.o(.data), (20 bytes).

61 unused section(s) (total 1512 bytes) removed from the image.

==============================================================================

Image Symbol Table

    Local Symbols

    Symbol Name                              Value     Ov Type        Size  Object(Section)

    ../clib/microlib/init/entry.s            0x00000000   Number         0  entry10a.o ABSOLUTE
    ../clib/microlib/init/entry.s            0x00000000   Number         0  entry7a.o ABSOLUTE
    ../clib/microlib/init/entry.s            0x00000000   Number         0  entry8b.o ABSOLUTE
    ../clib/microlib/init/entry.s            0x00000000   Number         0  entry.o ABSOLUTE
    ../clib/microlib/init/entry.s            0x00000000   Number         0  entry12b.o ABSOLUTE
    ../clib/microlib/init/entry.s            0x00000000   Number         0  entry2.o ABSOLUTE
    ../clib/microlib/init/entry.s            0x00000000   Number         0  entry12a.o ABSOLUTE
    ../clib/microlib/init/entry.s            0x00000000   Number         0  entry11b.o ABSOLUTE
    ../clib/microlib/init/entry.s            0x00000000   Number         0  entry9b.o ABSOLUTE
    ../clib/microlib/init/entry.s            0x00000000   Number         0  entry11a.o ABSOLUTE
    ../clib/microlib/init/entry.s            0x00000000   Number         0  entry5.o ABSOLUTE
    ../clib/microlib/init/entry.s            0x00000000   Number         0  entry9a.o ABSOLUTE
    ../clib/microlib/init/entry.s            0x00000000   Number         0  entry8a.o ABSOLUTE
    ../clib/microlib/init/entry.s            0x00000000   Number         0  entry10b.o ABSOLUTE
    ../clib/microlib/init/entry.s            0x00000000   Number         0  entry7b.o ABSOLUTE
    ..\Drivers\Driver_GPIO.c                 0x00000000   Number         0  driver_gpio.o ABSOLUTE
    ..\Drivers\Timer.c                       0x00000000   Number         0  timer.o ABSOLUTE
    ..\Drivers\adc.c                         0x00000000   Number         0  adc.o ABSOLUTE
    ..\Drivers\girouette.c                   0x00000000   Number         0  girouette.o ABSOLUTE
    ..\Drivers\systick.c                     0x00000000   Number         0  systick.o ABSOLUTE
    ..\Drivers\usart.c                       0x00000000   Number         0  usart.o ABSOLUTE
    ..\Services\envoi-donnes.c               0x00000000   Number         0  envoi-donnes.o ABSOLUTE
    ..\Services\gestion-plateau.c            0x00000000   Number         0  gestion-plateau.o ABSOLUTE
    ..\Services\gestionVoile.c               0x00000000   Number         0  gestionvoile.o ABSOLUTE
    ..\Services\mesure-roulis.c              0x00000000   Number         0  mesure-roulis.o ABSOLUTE
    ..\Services\pilotage-servomoteur.c       0x00000000   Number         0  pilotage-servomoteur.o ABSOLUTE
    ..\Services\rotation-plateau.c           0x00000000   Number         0  rotation-plateau.o ABSOLUTE
    ..\\Drivers\\Driver_GPIO.c               0x00000000   Number         0  driver_gpio.o ABSOLUTE
    ..\\Drivers\\Timer.c                     0x00000000   Number         0  timer.o ABSOLUTE
    ..\\Drivers\\adc.c                       0x00000000   Number         0  adc.o ABSOLUTE
    ..\\Drivers\\girouette.c                 0x00000000   Number         0  girouette.o ABSOLUTE
    ..\\Drivers\\systick.c                   0x00000000   Number         0  systick.o ABSOLUTE
    ..\\Drivers\\usart.c                     0x00000000   Number         0  usart.o ABSOLUTE
    ..\\Services\\envoi-donnes.c             0x00000000   Number         0  envoi-donnes.o ABSOLUTE
    ..\\Services\\gestion-plateau.c          0x00000000   Number         0  gestion-plateau.o ABSOLUTE
    ..\\Services\\gestionVoile.c             0x00000000   Number         0  gestionvoile.o ABSOLUTE
    ..\\Services\\mesure-roulis.c            0x00000000   Number         0  mesure-roulis.o ABSOLUTE
    ..\\Services\\pilotage-servomoteur.c     0x00000000   Number         0  pilotage-servomoteur.o ABSOLUTE
    ..\\Services\\rotation-plateau.c         0x00000000   Number         0  rotation-plateau.o ABSOLUTE
    RTE\Device\STM32F103RB\startup_stm32f10x_md.s 0x00000000   Number         0  startup_stm32f10x_md.o ABSOLUTE
    RTE\Device\STM32F103RB\system_stm32f10x.c 0x00000000   Number         0  system_stm32f10x.o ABSOLUTE
    RTE\\Device\\STM32F103RB\\system_stm32f10x.c 0x00000000   Number         0  system_stm32f10x.o ABSOLUTE
    Sources\\control.c                       0x00000000   Number         0  control.o ABSOLUTE
    Sources\control.c                        0x00000000   Number         0  control.o ABSOLUTE
    dc.s                                     0x00000000   Number         0  dc.o ABSOLUTE
    handlers.s                               0x00000000   Number         0  handlers.o ABSOLUTE
    init.s                                   0x00000000   Number         0  init.o ABSOLUTE
    RESET                                    0x08000000   Section      236  startup_stm32f10x_md.o(RESET)
    .ARM.Collect$$$$00000000                 0x080000ec   Section        0  entry.o(.ARM.Collect$$$$00000000)
    .ARM.Collect$$$$00000001                 0x080000ec   Section        4  entry2.o(.ARM.Collect$$$$00000001)
    .ARM.Collect$$$$00000004                 0x080000f0   Section        4  entry5.o(.ARM.Collect$$$$00000004)
    .ARM.Collect$$$$00000008                 0x080000f4   Section        0  entry7b.o(.ARM.Collect$$$$00000008)
    .ARM.Collect$$$$0000000A                 0x080000f4   Section        0  entry8b.o(.ARM.Collect$$$$0000000A)
    .ARM.Collect$$$$0000000B                 0x080000f4   Section        8  entry9a.o(.ARM.Collect$$$$0000000B)
    .ARM.Collect$$$$0000000E                 0x080000fc   Section        4  entry12b.o(.ARM.Collect$$$$0000000E)
    .ARM.Collect$$$$0000000F                 0x08000100   Section        0  entry10a.o(.ARM.Collect$$$$0000000F)
    .ARM.Collect$$$$00000011                 0x08000100   Section        0  entry11a.o(.ARM.Collect$$$$00000011)
    .ARM.Collect$$$$00002712                 0x08000100   Section        4  entry2.o(.ARM.Collect$$$$00002712)
    __lit__00000000                          0x08000100   Data           4  entry2.o(.ARM.Collect$$$$00002712)
    .text                                    0x08000104   Section       36  startup_stm32f10x_md.o(.text)
    .text                                    0x08000128   Section       36  init.o(.text)
    i.ADC1_2_IRQHandler                      0x0800014c   Section        0  adc.o(i.ADC1_2_IRQHandler)
    i.Cycle_PWM                              0x08000170   Section        0  timer.o(i.Cycle_PWM)
    i.EXTI9_5_IRQHandler                     0x080001b8   Section        0  girouette.o(i.EXTI9_5_IRQHandler)
    i.MyGPIO_Init                            0x080001d4   Section        0  driver_gpio.o(i.MyGPIO_Init)
    i.MyGPIO_Reset                           0x080002e4   Section        0  driver_gpio.o(i.MyGPIO_Reset)
    i.MyGPIO_Set                             0x080002f0   Section        0  driver_gpio.o(i.MyGPIO_Set)
    i.MyTimer_Base_Init                      0x080002fc   Section        0  timer.o(i.MyTimer_Base_Init)
    i.MyTimer_PWM                            0x08000378   Section        0  timer.o(i.MyTimer_PWM)
    i.SetSysClock                            0x080003f0   Section        0  system_stm32f10x.o(i.SetSysClock)
    SetSysClock                              0x080003f1   Thumb Code     8  system_stm32f10x.o(i.SetSysClock)
    i.SetSysClockTo72                        0x080003f8   Section        0  system_stm32f10x.o(i.SetSysClockTo72)
    SetSysClockTo72                          0x080003f9   Thumb Code   214  system_stm32f10x.o(i.SetSysClockTo72)
    i.SysTick_Handler                        0x080004d8   Section        0  systick.o(i.SysTick_Handler)
    i.SystemInit                             0x080004e8   Section        0  system_stm32f10x.o(i.SystemInit)
    i.Systick_ActiveIT                       0x08000548   Section        0  systick.o(i.Systick_ActiveIT)
    i.TIM1_UP_IRQHandler                     0x08000554   Section        0  timer.o(i.TIM1_UP_IRQHandler)
    i.TIM2_IRQHandler                        0x08000574   Section        0  timer.o(i.TIM2_IRQHandler)
    i.TIM3_IRQHandler                        0x08000594   Section        0  timer.o(i.TIM3_IRQHandler)
    i.TIM4_IRQHandler                        0x080005b4   Section        0  timer.o(i.TIM4_IRQHandler)
    i.USART1_IRQHandler                      0x080005d4   Section        0  usart.o(i.USART1_IRQHandler)
    i.__scatterload_copy                     0x080005e8   Section       14  handlers.o(i.__scatterload_copy)
    i.__scatterload_null                     0x080005f6   Section        2  handlers.o(i.__scatterload_null)
    i.__scatterload_zeroinit                 0x080005f8   Section       14  handlers.o(i.__scatterload_zeroinit)
    i.getAngle                               0x08000608   Section        0  gestionvoile.o(i.getAngle)
    i.girouette_init                         0x0800061c   Section        0  girouette.o(i.girouette_init)
    i.initGestionPlateau                     0x08000748   Section        0  gestion-plateau.o(i.initGestionPlateau)
    i.initGestionVoile                       0x08000760   Section        0  gestionvoile.o(i.initGestionVoile)
    i.initPlateau                            0x080007d4   Section        0  rotation-plateau.o(i.initPlateau)
    i.initServo                              0x08000850   Section        0  pilotage-servomoteur.o(i.initServo)
    i.main                                   0x080008b0   Section        0  control.o(i.main)
    i.receptionDonnees                       0x080008e8   Section        0  gestion-plateau.o(i.receptionDonnees)
    i.systick_Init                           0x08000928   Section        0  systick.o(i.systick_Init)
    i.systick_fun                            0x080009c4   Section        0  control.o(i.systick_fun)
    i.tourneDroite                           0x08000a04   Section        0  rotation-plateau.o(i.tourneDroite)
    i.tourneGauche                           0x08000a28   Section        0  rotation-plateau.o(i.tourneGauche)
    i.usart_1_configure_IT                   0x08000a4c   Section        0  usart.o(i.usart_1_configure_IT)
    i.usart_1_send                           0x08000abc   Section        0  usart.o(i.usart_1_send)
    i.usart_configure_1_9600bps              0x08000adc   Section        0  usart.o(i.usart_configure_1_9600bps)
    i.usart_getValue                         0x08000b78   Section        0  usart.o(i.usart_getValue)
    i.voilegestion                           0x08000b84   Section        0  gestionvoile.o(i.voilegestion)
    .data                                    0x20000000   Section        4  adc.o(.data)
    valeur_ADC                               0x20000000   Data           4  adc.o(.data)
    .data                                    0x20000004   Section        4  driver_gpio.o(.data)
    .data                                    0x20000008   Section       20  timer.o(.data)
    .data                                    0x2000001c   Section       40  usart.o(.data)
    Data                                     0x2000001c   Data           1  usart.o(.data)
    .data                                    0x20000044   Section        8  systick.o(.data)
    .data                                    0x2000004c   Section        8  gestion-plateau.o(.data)
    .data                                    0x20000054   Section       16  pilotage-servomoteur.o(.data)
    .data                                    0x20000064   Section       24  rotation-plateau.o(.data)
    .data                                    0x2000007c   Section       40  gestionvoile.o(.data)
    STACK                                    0x200000a8   Section     1024  startup_stm32f10x_md.o(STACK)

    Global Symbols

    Symbol Name                              Value     Ov Type        Size  Object(Section)

    BuildAttributes$$THM_ISAv4$P$D$K$B$S$PE$A:L22UL41UL21$X:L11$S22US41US21$IEEE1$IW$USESV6$~STKCKD$USESV7$~SHL$OSPACE$EBA8$MICROLIB$REQ8$PRES8$EABIv2 0x00000000   Number         0  anon$$obj.o ABSOLUTE
    __ARM_use_no_argv                        0x00000000   Number         0  control.o ABSOLUTE
    __arm_fini_                               - Undefined Weak Reference
    __cpp_initialize__aeabi_                  - Undefined Weak Reference
    __cxa_finalize                            - Undefined Weak Reference
    __decompress                              - Undefined Weak Reference
    _clock_init                               - Undefined Weak Reference
    _microlib_exit                            - Undefined Weak Reference
    __Vectors_Size                           0x000000ec   Number         0  startup_stm32f10x_md.o ABSOLUTE
    __Vectors                                0x08000000   Data           4  startup_stm32f10x_md.o(RESET)
    __Vectors_End                            0x080000ec   Data           0  startup_stm32f10x_md.o(RESET)
    __main                                   0x080000ed   Thumb Code     0  entry.o(.ARM.Collect$$$$00000000)
    _main_stk                                0x080000ed   Thumb Code     0  entry2.o(.ARM.Collect$$$$00000001)
    _main_scatterload                        0x080000f1   Thumb Code     0  entry5.o(.ARM.Collect$$$$00000004)
    __main_after_scatterload                 0x080000f5   Thumb Code     0  entry5.o(.ARM.Collect$$$$00000004)
    _main_clock                              0x080000f5   Thumb Code     0  entry7b.o(.ARM.Collect$$$$00000008)
    _main_cpp_init                           0x080000f5   Thumb Code     0  entry8b.o(.ARM.Collect$$$$0000000A)
    _main_init                               0x080000f5   Thumb Code     0  entry9a.o(.ARM.Collect$$$$0000000B)
    __rt_lib_shutdown_fini                   0x080000fd   Thumb Code     0  entry12b.o(.ARM.Collect$$$$0000000E)
    __rt_final_cpp                           0x08000101   Thumb Code     0  entry10a.o(.ARM.Collect$$$$0000000F)
    __rt_final_exit                          0x08000101   Thumb Code     0  entry11a.o(.ARM.Collect$$$$00000011)
    Reset_Handler                            0x08000105   Thumb Code     8  startup_stm32f10x_md.o(.text)
    NMI_Handler                              0x0800010d   Thumb Code     2  startup_stm32f10x_md.o(.text)
    HardFault_Handler                        0x0800010f   Thumb Code     2  startup_stm32f10x_md.o(.text)
    MemManage_Handler                        0x08000111   Thumb Code     2  startup_stm32f10x_md.o(.text)
    BusFault_Handler                         0x08000113   Thumb Code     2  startup_stm32f10x_md.o(.text)
    UsageFault_Handler                       0x08000115   Thumb Code     2  startup_stm32f10x_md.o(.text)
    SVC_Handler                              0x08000117   Thumb Code     2  startup_stm32f10x_md.o(.text)
    DebugMon_Handler                         0x08000119   Thumb Code     2  startup_stm32f10x_md.o(.text)
    PendSV_Handler                           0x0800011b   Thumb Code     2  startup_stm32f10x_md.o(.text)
    CAN1_RX1_IRQHandler                      0x0800011f   Thumb Code     0  startup_stm32f10x_md.o(.text)
    CAN1_SCE_IRQHandler                      0x0800011f   Thumb Code     0  startup_stm32f10x_md.o(.text)
    DMA1_Channel1_IRQHandler                 0x0800011f   Thumb Code     0  startup_stm32f10x_md.o(.text)
    DMA1_Channel2_IRQHandler                 0x0800011f   Thumb Code     0  startup_stm32f10x_md.o(.text)
    DMA1_Channel3_IRQHandler                 0x0800011f   Thumb Code     0  startup_stm32f10x_md.o(.text)
    DMA1_Channel4_IRQHandler                 0x0800011f   Thumb Code     0  startup_stm32f10x_md.o(.text)
    DMA1_Channel5_IRQHandler                 0x0800011f   Thumb Code     0  startup_stm32f10x_md.o(.text)
    DMA1_Channel6_IRQHandler                 0x0800011f   Thumb Code     0  startup_stm32f10x_md.o(.text)
    DMA1_Channel7_IRQHandler                 0x0800011f   Thumb Code     0  startup_stm32f10x_md.o(.text)
    EXTI0_IRQHandler                         0x0800011f   Thumb Code     0  startup_stm32f10x_md.o(.text)
    EXTI15_10_IRQHandler                     0x0800011f   Thumb Code     0  startup_stm32f10x_md.o(.text)
    EXTI1_IRQHandler                         0x0800011f   Thumb Code     0  startup_stm32f10x_md.o(.text)
    EXTI2_IRQHandler                         0x0800011f   Thumb Code     0  startup_stm32f10x_md.o(.text)
    EXTI3_IRQHandler                         0x0800011f   Thumb Code     0  startup_stm32f10x_md.o(.text)
    EXTI4_IRQHandler                         0x0800011f   Thumb Code     0  startup_stm32f10x_md.o(.text)
    FLASH_IRQHandler                         0x0800011f   Thumb Code     0  startup_stm32f10x_md.o(.text)
    I2C1_ER_IRQHandler                       0x0800011f   Thumb Code     0  startup_stm32f10x_md.o(.text)
    I2C1_EV_IRQHandler                       0x0800011f   Thumb Code     0  startup_stm32f10x_md.o(.text)
    I2C2_ER_IRQHandler                       0x0800011f   Thumb Code     0  startup_stm32f10x_md.o(.text)
    I2C2_EV_IRQHandler                       0x0800011f   Thumb Code     0  startup_stm32f10x_md.o(.text)
    PVD_IRQHandler                           0x0800011f   Thumb Code     0  startup_stm32f10x_md.o(.text)
    RCC_IRQHandler                           0x0800011f   Thumb Code     0  startup_stm32f10x_md.o(.text)
    RTCAlarm_IRQHandler                      0x0800011f   Thumb Code     0  startup_stm32f10x_md.o(.text)
    RTC_IRQHandler                           0x0800011f   Thumb Code     0  startup_stm32f10x_md.o(.text)
    SPI1_IRQHandler                          0x0800011f   Thumb Code     0  startup_stm32f10x_md.o(.text)
    SPI2_IRQHandler                          0x0800011f   Thumb Code     0  startup_stm32f10x_md.o(.text)
    TAMPER_IRQHandler                        0x0800011f   Thumb Code     0  startup_stm32f10x_md.o(.text)
    TIM1_BRK_IRQHandler                      0x0800011f   Thumb Code     0  startup_stm32f10x_md.o(.text)
    TIM1_CC_IRQHandler                       0x0800011f   Thumb Code     0  startup_stm32f10x_md.o(.text)
    TIM1_TRG_COM_IRQHandler                  0x0800011f   Thumb Code     0  startup_stm32f10x_md.o(.text)
    USART2_IRQHandler                        0x0800011f   Thumb Code     0  startup_stm32f10x_md.o(.text)
    USART3_IRQHandler                        0x0800011f   Thumb Code     0  startup_stm32f10x_md.o(.text)
    USBWakeUp_IRQHandler                     0x0800011f   Thumb Code     0  startup_stm32f10x_md.o(.text)
    USB_HP_CAN1_TX_IRQHandler                0x0800011f   Thumb Code     0  startup_stm32f10x_md.o(.text)
    USB_LP_CAN1_RX0_IRQHandler               0x0800011f   Thumb Code     0  startup_stm32f10x_md.o(.text)
    WWDG_IRQHandler                          0x0800011f   Thumb Code     0  startup_stm32f10x_md.o(.text)
    __scatterload                            0x08000129   Thumb Code    28  init.o(.text)
    __scatterload_rt2                        0x08000129   Thumb Code     0  init.o(.text)
    ADC1_2_IRQHandler                        0x0800014d   Thumb Code    28  adc.o(i.ADC1_2_IRQHandler)
    Cycle_PWM                                0x08000171   Thumb Code    68  timer.o(i.Cycle_PWM)
    EXTI9_5_IRQHandler                       0x080001b9   Thumb Code    20  girouette.o(i.EXTI9_5_IRQHandler)
    MyGPIO_Init                              0x080001d5   Thumb Code   252  driver_gpio.o(i.MyGPIO_Init)
    MyGPIO_Reset                             0x080002e5   Thumb Code    12  driver_gpio.o(i.MyGPIO_Reset)
    MyGPIO_Set                               0x080002f1   Thumb Code    12  driver_gpio.o(i.MyGPIO_Set)
    MyTimer_Base_Init                        0x080002fd   Thumb Code   106  timer.o(i.MyTimer_Base_Init)
    MyTimer_PWM                              0x08000379   Thumb Code   120  timer.o(i.MyTimer_PWM)
    SysTick_Handler                          0x080004d9   Thumb Code    10  systick.o(i.SysTick_Handler)
    SystemInit                               0x080004e9   Thumb Code    78  system_stm32f10x.o(i.SystemInit)
    Systick_ActiveIT                         0x08000549   Thumb Code     6  systick.o(i.Systick_ActiveIT)
    TIM1_UP_IRQHandler                       0x08000555   Thumb Code    22  timer.o(i.TIM1_UP_IRQHandler)
    TIM2_IRQHandler                          0x08000575   Thumb Code    26  timer.o(i.TIM2_IRQHandler)
    TIM3_IRQHandler                          0x08000595   Thumb Code    22  timer.o(i.TIM3_IRQHandler)
    TIM4_IRQHandler                          0x080005b5   Thumb Code    22  timer.o(i.TIM4_IRQHandler)
    USART1_IRQHandler                        0x080005d5   Thumb Code    10  usart.o(i.USART1_IRQHandler)
    __scatterload_copy                       0x080005e9   Thumb Code    14  handlers.o(i.__scatterload_copy)
    __scatterload_null                       0x080005f7   Thumb Code     2  handlers.o(i.__scatterload_null)
    __scatterload_zeroinit                   0x080005f9   Thumb Code    14  handlers.o(i.__scatterload_zeroinit)
    getAngle                                 0x08000609   Thumb Code    14  gestionvoile.o(i.getAngle)
    girouette_init                           0x0800061d   Thumb Code   280  girouette.o(i.girouette_init)
    initGestionPlateau                       0x08000749   Thumb Code    20  gestion-plateau.o(i.initGestionPlateau)
    initGestionVoile                         0x08000761   Thumb Code    88  gestionvoile.o(i.initGestionVoile)
    initPlateau                              0x080007d5   Thumb Code   106  rotation-plateau.o(i.initPlateau)
    initServo                                0x08000851   Thumb Code    78  pilotage-servomoteur.o(i.initServo)
    main                                     0x080008b1   Thumb Code    52  control.o(i.main)
    receptionDonnees                         0x080008e9   Thumb Code    56  gestion-plateau.o(i.receptionDonnees)
    systick_Init                             0x08000929   Thumb Code   144  systick.o(i.systick_Init)
    systick_fun                              0x080009c5   Thumb Code    60  control.o(i.systick_fun)
    tourneDroite                             0x08000a05   Thumb Code    32  rotation-plateau.o(i.tourneDroite)
    tourneGauche                             0x08000a29   Thumb Code    32  rotation-plateau.o(i.tourneGauche)
    usart_1_configure_IT                     0x08000a4d   Thumb Code    94  usart.o(i.usart_1_configure_IT)
    usart_1_send                             0x08000abd   Thumb Code    28  usart.o(i.usart_1_send)
    usart_configure_1_9600bps                0x08000add   Thumb Code   136  usart.o(i.usart_configure_1_9600bps)
    usart_getValue                           0x08000b79   Thumb Code     6  usart.o(i.usart_getValue)
    voilegestion                             0x08000b85   Thumb Code   110  gestionvoile.o(i.voilegestion)
    Region$$Table$$Base                      0x08000c00   Number         0  anon$$obj.o(Region$$Table)
    Region$$Table$$Limit                     0x08000c20   Number         0  anon$$obj.o(Region$$Table)
    regcr                                    0x20000004   Data           4  driver_gpio.o(.data)
    ptr1                                     0x20000008   Data           4  timer.o(.data)
    ptr2                                     0x2000000c   Data           4  timer.o(.data)
    ptr3                                     0x20000010   Data           4  timer.o(.data)
    ptr4                                     0x20000014   Data           4  timer.o(.data)
    Tim_cycle_pwm                            0x20000018   Data           4  timer.o(.data)
    usart_index                              0x20000020   Data           4  usart.o(.data)
    usart_ptr                                0x20000024   Data           4  usart.o(.data)
    Usart_gpio_tx                            0x20000028   Data           8  usart.o(.data)
    Usart_gpio_rx                            0x20000030   Data           8  usart.o(.data)
    Usart_tim4                               0x20000038   Data           8  usart.o(.data)
    usart_buffer_index                       0x20000040   Data           4  usart.o(.data)
    compteursystick                          0x20000044   Data           4  systick.o(.data)
    handler_systick_ptr                      0x20000048   Data           4  systick.o(.data)
    g_p_c                                    0x2000004c   Data           1  gestion-plateau.o(.data)
    g_p_i                                    0x20000050   Data           4  gestion-plateau.o(.data)
    Servo_Struct_Gpio_PWM                    0x20000054   Data           8  pilotage-servomoteur.o(.data)
    Servo_Struct_TIM                         0x2000005c   Data           8  pilotage-servomoteur.o(.data)
    Rot_Struct_Gpio_PWM                      0x20000064   Data           8  rotation-plateau.o(.data)
    Rot_Struct_Gpio_Sens                     0x2000006c   Data           8  rotation-plateau.o(.data)
    Rot_Struct_TIM                           0x20000074   Data           8  rotation-plateau.o(.data)
    VoileCyclePwm                            0x2000007c   Data           4  gestionvoile.o(.data)
    Voile_MonTimer1                          0x20000080   Data           8  gestionvoile.o(.data)
    MyGPIOA6                                 0x20000088   Data           8  gestionvoile.o(.data)
    MyGPIOA7                                 0x20000090   Data           8  gestionvoile.o(.data)
    MyGPIOC8                                 0x20000098   Data           8  gestionvoile.o(.data)
    currentVoileAngle                        0x200000a0   Data           4  gestionvoile.o(.data)
    __initial_sp                             0x200004a8   Data           0  startup_stm32f10x_md.o(STACK)



==============================================================================

Memory Map of the image

  Image Entry point : 0x08000105

  Load Region LR_1 (Base: 0x08000000, Size: 0x00000cc4, Max: 0xffffffff, ABSOLUTE)

    Execution Region ER_RO (Exec base: 0x08000000, Load base: 0x08000000, Size: 0x00000c20, Max: 0xffffffff, ABSOLUTE)

    Exec Addr    Load Addr    Size         Type   Attr      Idx    E Section Name        Object

    0x08000000   0x08000000   0x000000ec   Data   RO          628    RESET               startup_stm32f10x_md.o
    0x080000ec   0x080000ec   0x00000000   Code   RO          679  * .ARM.Collect$$$$00000000  mc_w.l(entry.o)
    0x080000ec   0x080000ec   0x00000004   Code   RO          682    .ARM.Collect$$$$00000001  mc_w.l(entry2.o)
    0x080000f0   0x080000f0   0x00000004   Code   RO          685    .ARM.Collect$$$$00000004  mc_w.l(entry5.o)
    0x080000f4   0x080000f4   0x00000000   Code   RO          687    .ARM.Collect$$$$00000008  mc_w.l(entry7b.o)
    0x080000f4   0x080000f4   0x00000000   Code   RO          689    .ARM.Collect$$$$0000000A  mc_w.l(entry8b.o)
    0x080000f4   0x080000f4   0x00000008   Code   RO          690    .ARM.Collect$$$$0000000B  mc_w.l(entry9a.o)
    0x080000fc   0x080000fc   0x00000004   Code   RO          697    .ARM.Collect$$$$0000000E  mc_w.l(entry12b.o)
    0x08000100   0x08000100   0x00000000   Code   RO          692    .ARM.Collect$$$$0000000F  mc_w.l(entry10a.o)
    0x08000100   0x08000100   0x00000000   Code   RO          694    .ARM.Collect$$$$00000011  mc_w.l(entry11a.o)
    0x08000100   0x08000100   0x00000004   Code   RO          683    .ARM.Collect$$$$00002712  mc_w.l(entry2.o)
    0x08000104   0x08000104   0x00000024   Code   RO          629  * .text               startup_stm32f10x_md.o
    0x08000128   0x08000128   0x00000024   Code   RO          698    .text               mc_w.l(init.o)
    0x0800014c   0x0800014c   0x00000024   Code   RO           91    i.ADC1_2_IRQHandler  adc.o
    0x08000170   0x08000170   0x00000048   Code   RO          235    i.Cycle_PWM         timer.o
    0x080001b8   0x080001b8   0x0000001c   Code   RO          205    i.EXTI9_5_IRQHandler  girouette.o
    0x080001d4   0x080001d4   0x00000110   Code   RO          154    i.MyGPIO_Init       driver_gpio.o
    0x080002e4   0x080002e4   0x0000000c   Code   RO          156    i.MyGPIO_Reset      driver_gpio.o
    0x080002f0   0x080002f0   0x0000000c   Code   RO          157    i.MyGPIO_Set        driver_gpio.o
    0x080002fc   0x080002fc   0x0000007c   Code   RO          237    i.MyTimer_Base_Init  timer.o
    0x08000378   0x08000378   0x00000078   Code   RO          238    i.MyTimer_PWM       timer.o
    0x080003f0   0x080003f0   0x00000008   Code   RO          636    i.SetSysClock       system_stm32f10x.o
    0x080003f8   0x080003f8   0x000000e0   Code   RO          637    i.SetSysClockTo72   system_stm32f10x.o
    0x080004d8   0x080004d8   0x00000010   Code   RO          385    i.SysTick_Handler   systick.o
    0x080004e8   0x080004e8   0x00000060   Code   RO          639    i.SystemInit        system_stm32f10x.o
    0x08000548   0x08000548   0x0000000c   Code   RO          386    i.Systick_ActiveIT  systick.o
    0x08000554   0x08000554   0x00000020   Code   RO          239    i.TIM1_UP_IRQHandler  timer.o
    0x08000574   0x08000574   0x00000020   Code   RO          240    i.TIM2_IRQHandler   timer.o
    0x08000594   0x08000594   0x00000020   Code   RO          241    i.TIM3_IRQHandler   timer.o
    0x080005b4   0x080005b4   0x00000020   Code   RO          242    i.TIM4_IRQHandler   timer.o
    0x080005d4   0x080005d4   0x00000014   Code   RO          321    i.USART1_IRQHandler  usart.o
    0x080005e8   0x080005e8   0x0000000e   Code   RO          702    i.__scatterload_copy  mc_w.l(handlers.o)
    0x080005f6   0x080005f6   0x00000002   Code   RO          703    i.__scatterload_null  mc_w.l(handlers.o)
    0x080005f8   0x080005f8   0x0000000e   Code   RO          704    i.__scatterload_zeroinit  mc_w.l(handlers.o)
    0x08000606   0x08000606   0x00000002   PAD
    0x08000608   0x08000608   0x00000014   Code   RO          565    i.getAngle          gestionvoile.o
    0x0800061c   0x0800061c   0x0000012c   Code   RO          206    i.girouette_init    girouette.o
    0x08000748   0x08000748   0x00000018   Code   RO          424    i.initGestionPlateau  gestion-plateau.o
    0x08000760   0x08000760   0x00000074   Code   RO          566    i.initGestionVoile  gestionvoile.o
    0x080007d4   0x080007d4   0x0000007c   Code   RO          526    i.initPlateau       rotation-plateau.o
    0x08000850   0x08000850   0x00000060   Code   RO          499    i.initServo         pilotage-servomoteur.o
    0x080008b0   0x080008b0   0x00000038   Code   RO            4    i.main              control.o
    0x080008e8   0x080008e8   0x00000040   Code   RO          425    i.receptionDonnees  gestion-plateau.o
    0x08000928   0x08000928   0x0000009c   Code   RO          387    i.systick_Init      systick.o
    0x080009c4   0x080009c4   0x00000040   Code   RO            5    i.systick_fun       control.o
    0x08000a04   0x08000a04   0x00000024   Code   RO          527    i.tourneDroite      rotation-plateau.o
    0x08000a28   0x08000a28   0x00000024   Code   RO          528    i.tourneGauche      rotation-plateau.o
    0x08000a4c   0x08000a4c   0x00000070   Code   RO          323    i.usart_1_configure_IT  usart.o
    0x08000abc   0x08000abc   0x00000020   Code   RO          324    i.usart_1_send      usart.o
    0x08000adc   0x08000adc   0x0000009c   Code   RO          326    i.usart_configure_1_9600bps  usart.o
    0x08000b78   0x08000b78   0x0000000c   Code   RO          327    i.usart_getValue    usart.o
    0x08000b84   0x08000b84   0x0000007c   Code   RO          567    i.voilegestion      gestionvoile.o
    0x08000c00   0x08000c00   0x00000020   Data   RO          700    Region$$Table       anon$$obj.o


    Execution Region ER_RW (Exec base: 0x20000000, Load base: 0x08000c20, Size: 0x000000a4, Max: 0xffffffff, ABSOLUTE)

    Exec Addr    Load Addr    Size         Type   Attr      Idx    E Section Name        Object

    0x20000000   0x08000c20   0x00000004   Data   RW           97    .data               adc.o
    0x20000004   0x08000c24   0x00000004   Data   RW          159    .data               driver_gpio.o
    0x20000008   0x08000c28   0x00000014   Data   RW          245    .data               timer.o
    0x2000001c   0x08000c3c   0x00000028   Data   RW          329    .data               usart.o
    0x20000044   0x08000c64   0x00000008   Data   RW          388    .data               systick.o
    0x2000004c   0x08000c6c   0x00000008   Data   RW          426    .data               gestion-plateau.o
    0x20000054   0x08000c74   0x00000010   Data   RW          500    .data               pilotage-servomoteur.o
    0x20000064   0x08000c84   0x00000018   Data   RW          529    .data               rotation-plateau.o
    0x2000007c   0x08000c9c   0x00000028   Data   RW          568    .data               gestionvoile.o


    Execution Region ER_ZI (Exec base: 0x200000a4, Load base: 0x08000cc4, Size: 0x00000404, Max: 0xffffffff, ABSOLUTE)

    Exec Addr    Load Addr    Size         Type   Attr      Idx    E Section Name        Object

    0x200000a4   0x08000cc4   0x00000004   PAD
    0x200000a8        -       0x00000400   Zero   RW          626    STACK               startup_stm32f10x_md.o


==============================================================================

Image component sizes


      Code (inc. data)   RO Data    RW Data    ZI Data      Debug   Object Name

        36          8          0          4          0      25351   adc.o
       120          8          0          0          0     208353   control.o
       296         20          0          4          0       2246   driver_gpio.o
        88         12          0          8          0       1186   gestion-plateau.o
       260         48          0         40          0       1854   gestionvoile.o
       328         28          0          0          0       1210   girouette.o
         0          0          0          0          0        564   mesure-roulis.o
        96         18          0         16          0        789   pilotage-servomoteur.o
       196         26          0         24          0       1858   rotation-plateau.o
        36          8        236          0       1024        808   startup_stm32f10x_md.o
       328         28          0          0          0       1965   system_stm32f10x.o
       184         24          0          8          0       2386   systick.o
       444         58          0         20          0       4621   timer.o
       332         58          0         40          0       3542   usart.o

    ----------------------------------------------------------------------
      2744        344        268        164       1028     256733   Object Totals
         0          0         32          0          0          0   (incl. Generated)
         0          0          0          0          4          0   (incl. Padding)

    ----------------------------------------------------------------------

      Code (inc. data)   RO Data    RW Data    ZI Data      Debug   Library Member Name

         0          0          0          0          0          0   entry.o
         0          0          0          0          0          0   entry10a.o
         0          0          0          0          0          0   entry11a.o
         4          0          0          0          0          0   entry12b.o
         8          4          0          0          0          0   entry2.o
         4          0          0          0          0          0   entry5.o
         0          0          0          0          0          0   entry7b.o
         0          0          0          0          0          0   entry8b.o
         8          4          0          0          0          0   entry9a.o
        30          0          0          0          0          0   handlers.o
        36          8          0          0          0         68   init.o

    ----------------------------------------------------------------------
        92         16          0          0          0         68   Library Totals
         2          0          0          0          0          0   (incl. Padding)

    ----------------------------------------------------------------------

      Code (inc. data)   RO Data    RW Data    ZI Data      Debug   Library Name

        90         16          0          0          0         68   mc_w.l

    ----------------------------------------------------------------------
        92         16          0          0          0         68   Library Totals

    ----------------------------------------------------------------------

==============================================================================


      Code (inc. data)   RO Data    RW Data    ZI Data      Debug   

      2836        360        268        164       1028     255341   Grand Totals
      2836        360        268        164       1028     255341   ELF Image Totals
      2836        360        268        164          0          0   ROM Totals

==============================================================================

    Total RO  Size (Code + RO Data)                 3104 (   3.03kB)
    Total RW  Size (RW Data + ZI Data)              1192 (   1.16kB)
    Total ROM Size (Code + RO Data + RW Data)       3268 (   3.19kB)

==============================================================================

