Component: ARM Compiler 5.06 update 7 (build 960) Tool: armlink [4d3601]

==============================================================================

Section Cross References

    control.o(i.main) refers to gestion-plateau.o(i.initGestionPlateau) for initGestionPlateau
    control.o(i.main) refers to gestionvoile.o(i.initGestionVoile) for initGestionVoile
    control.o(i.main) refers to pilotage-servomoteur.o(i.initServo) for initServo
    control.o(i.main) refers to usart.o(i.usart_1_send) for usart_1_send
    control.o(i.main) refers to systick.o(i.Systick_ActiveIT) for Systick_ActiveIT
    control.o(i.main) refers to systick.o(i.systick_Init) for systick_Init
    control.o(i.main) refers to control.o(i.systick_fun) for systick_fun
    control.o(i.systick_fun) refers to gestionvoile.o(i.voilegestion) for voilegestion
    control.o(i.systick_fun) refers to memcpya.o(.text) for __aeabi_memcpy4
    control.o(i.systick_fun) refers to gestionvoile.o(i.getAngle) for getAngle
    control.o(i.systick_fun) refers to printf1.o(i.__0sprintf$1) for __2sprintf
    control.o(i.systick_fun) refers to strlen.o(.text) for strlen
    control.o(i.systick_fun) refers to strcat.o(.text) for strcat
    control.o(i.systick_fun) refers to usart.o(i.usart_1_send_string) for usart_1_send_string
    control.o(i.systick_fun) refers to gestionvoile.o(i.VoileGetAllure) for VoileGetAllure
    control.o(i.systick_fun) refers to gestion-plateau.o(i.receptionDonnees) for receptionDonnees
    control.o(i.systick_fun) refers to accelero.o(i.check_roulis) for check_roulis
    control.o(i.systick_fun) refers to systick.o(.data) for compteursystick
    adc.o(i.ADC1_2_IRQHandler) refers to adc.o(.data) for valeur_ADC
    adc.o(i.get_adcValue) refers to adc.o(.data) for valeur_ADC
    driver_gpio.o(i.MyGPIO_Init) refers to driver_gpio.o(i.MyGPIO_Reset) for MyGPIO_Reset
    driver_gpio.o(i.MyGPIO_Init) refers to driver_gpio.o(i.MyGPIO_Set) for MyGPIO_Set
    driver_gpio.o(i.MyGPIO_Init) refers to driver_gpio.o(.data) for regcr
    girouette.o(i.girouette_init) refers to timer.o(i.MyTimer_Base_Init) for MyTimer_Base_Init
    timer.o(i.Cycle_PWM) refers to timer.o(.data) for Tim_cycle_pwm
    timer.o(i.MyTimer_ActiveIT) refers to timer.o(i.__NVIC_EnableIRQ) for __NVIC_EnableIRQ
    timer.o(i.MyTimer_ActiveIT) refers to timer.o(i.__NVIC_SetPriority) for __NVIC_SetPriority
    timer.o(i.MyTimer_ActiveIT) refers to timer.o(.data) for ptr2
    timer.o(i.TIM1_UP_IRQHandler) refers to timer.o(.data) for ptr1
    timer.o(i.TIM2_IRQHandler) refers to timer.o(.data) for ptr2
    timer.o(i.TIM3_IRQHandler) refers to timer.o(.data) for ptr3
    timer.o(i.TIM4_IRQHandler) refers to timer.o(.data) for ptr4
    usart.o(i.USART1_IRQHandler) refers to usart.o(.data) for Data
    usart.o(i.USART1_handler_reception_systick) refers to usart.o(.data) for Data
    usart.o(i.usart_1_configure_IT) refers to usart.o(.data) for usart_ptr
    usart.o(i.usart_1_send_string) refers to usart.o(i.usart_1_send) for usart_1_send
    usart.o(i.usart_1_send_string) refers to usart.o(.data) for usart_index
    usart.o(i.usart_configure_1_9600bps) refers to driver_gpio.o(i.MyGPIO_Init) for MyGPIO_Init
    usart.o(i.usart_configure_1_9600bps) refers to usart.o(.data) for Usart_gpio_tx
    usart.o(i.usart_getValue) refers to usart.o(.data) for Data
    systick.o(i.SysTick_Handler) refers to systick.o(.data) for handler_systick_ptr
    systick.o(i.Systick_ActiveIT) refers to systick.o(.data) for handler_systick_ptr
    gestion-plateau.o(i.initGestionPlateau) refers to usart.o(i.usart_configure_1_9600bps) for usart_configure_1_9600bps
    gestion-plateau.o(i.initGestionPlateau) refers to usart.o(i.usart_1_configure_IT) for usart_1_configure_IT
    gestion-plateau.o(i.initGestionPlateau) refers to rotation-plateau.o(i.initPlateau) for initPlateau
    gestion-plateau.o(i.initGestionPlateau) refers to gestion-plateau.o(i.receptionDonnees) for receptionDonnees
    gestion-plateau.o(i.receptionDonnees) refers to usart.o(i.usart_getValue) for usart_getValue
    gestion-plateau.o(i.receptionDonnees) refers to rotation-plateau.o(i.tourneDroite) for tourneDroite
    gestion-plateau.o(i.receptionDonnees) refers to rotation-plateau.o(i.tourneGauche) for tourneGauche
    gestion-plateau.o(i.receptionDonnees) refers to gestion-plateau.o(.data) for g_p_c
    pilotage-servomoteur.o(i.initServo) refers to driver_gpio.o(i.MyGPIO_Init) for MyGPIO_Init
    pilotage-servomoteur.o(i.initServo) refers to timer.o(i.MyTimer_Base_Init) for MyTimer_Base_Init
    pilotage-servomoteur.o(i.initServo) refers to timer.o(i.MyTimer_PWM) for MyTimer_PWM
    pilotage-servomoteur.o(i.initServo) refers to timer.o(i.Cycle_PWM) for Cycle_PWM
    pilotage-servomoteur.o(i.initServo) refers to pilotage-servomoteur.o(.data) for Servo_Struct_Gpio_PWM
    rotation-plateau.o(i.initPlateau) refers to driver_gpio.o(i.MyGPIO_Init) for MyGPIO_Init
    rotation-plateau.o(i.initPlateau) refers to timer.o(i.MyTimer_Base_Init) for MyTimer_Base_Init
    rotation-plateau.o(i.initPlateau) refers to timer.o(i.MyTimer_PWM) for MyTimer_PWM
    rotation-plateau.o(i.initPlateau) refers to timer.o(i.Cycle_PWM) for Cycle_PWM
    rotation-plateau.o(i.initPlateau) refers to rotation-plateau.o(.data) for Rot_Struct_Gpio_PWM
    rotation-plateau.o(i.tourneDroite) refers to timer.o(i.Cycle_PWM) for Cycle_PWM
    rotation-plateau.o(i.tourneGauche) refers to timer.o(i.Cycle_PWM) for Cycle_PWM
    gestionvoile.o(i.VoileGetAllure) refers to gestionvoile.o(.data) for currentVoileAngle
    gestionvoile.o(i.initGestionVoile) refers to driver_gpio.o(i.MyGPIO_Init) for MyGPIO_Init
    gestionvoile.o(i.initGestionVoile) refers to girouette.o(i.girouette_init) for girouette_init
    gestionvoile.o(i.initGestionVoile) refers to gestionvoile.o(.data) for Voile_MonTimer1
    gestionvoile.o(i.voilegestion) refers to gestionvoile.o(i.getAngle) for getAngle
    gestionvoile.o(i.voilegestion) refers to timer.o(i.Cycle_PWM) for Cycle_PWM
    gestionvoile.o(i.voilegestion) refers to gestionvoile.o(.data) for currentVoileAngle
    envoi-donnes.o(i.envoi_angle) refers to usart.o(i.usart_1_send_string) for usart_1_send_string
    accelero.o(i.accelero_convert) refers to dflti.o(.text) for __aeabi_i2d
    accelero.o(i.accelero_convert) refers to dmul.o(.text) for __aeabi_dmul
    accelero.o(i.accelero_convert) refers to accelero.o(.data) for datax1
    accelero.o(i.check_roulis) refers to accelero.o(i.lecture_data_accelero) for lecture_data_accelero
    accelero.o(i.check_roulis) refers to accelero.o(i.accelero_convert) for accelero_convert
    accelero.o(i.check_roulis) refers to cdrcmple.o(.text) for __aeabi_cdrcmple
    accelero.o(i.check_roulis) refers to timer.o(i.Cycle_PWM) for Cycle_PWM
    accelero.o(i.check_roulis) refers to accelero.o(.data) for gy
    accelero.o(i.lecture_data_accelero) refers to myspi.o(i.MySPI_Clear_NSS) for MySPI_Clear_NSS
    accelero.o(i.lecture_data_accelero) refers to myspi.o(i.MySPI_Send) for MySPI_Send
    accelero.o(i.lecture_data_accelero) refers to myspi.o(i.MySPI_Read) for MySPI_Read
    accelero.o(i.lecture_data_accelero) refers to myspi.o(i.MySPI_Set_NSS) for MySPI_Set_NSS
    accelero.o(i.lecture_data_accelero) refers to accelero.o(.data) for spi_byte
    accelero.o(i.spi_accelero_init) refers to myspi.o(i.MySPI_Init) for MySPI_Init
    accelero.o(i.spi_accelero_init) refers to myspi.o(i.MySPI_Set_NSS) for MySPI_Set_NSS
    accelero.o(i.spi_accelero_init) refers to myspi.o(i.MySPI_Clear_NSS) for MySPI_Clear_NSS
    accelero.o(i.spi_accelero_init) refers to myspi.o(i.MySPI_Send) for MySPI_Send
    accelero.o(i.spi_accelero_init) refers to accelero.o(.data) for spi_byte
    startup_stm32f10x_md.o(RESET) refers to startup_stm32f10x_md.o(STACK) for __initial_sp
    startup_stm32f10x_md.o(RESET) refers to startup_stm32f10x_md.o(.text) for Reset_Handler
    startup_stm32f10x_md.o(RESET) refers to systick.o(i.SysTick_Handler) for SysTick_Handler
    startup_stm32f10x_md.o(RESET) refers to adc.o(i.ADC1_2_IRQHandler) for ADC1_2_IRQHandler
    startup_stm32f10x_md.o(RESET) refers to girouette.o(i.EXTI9_5_IRQHandler) for EXTI9_5_IRQHandler
    startup_stm32f10x_md.o(RESET) refers to timer.o(i.TIM1_UP_IRQHandler) for TIM1_UP_IRQHandler
    startup_stm32f10x_md.o(RESET) refers to timer.o(i.TIM2_IRQHandler) for TIM2_IRQHandler
    startup_stm32f10x_md.o(RESET) refers to timer.o(i.TIM3_IRQHandler) for TIM3_IRQHandler
    startup_stm32f10x_md.o(RESET) refers to timer.o(i.TIM4_IRQHandler) for TIM4_IRQHandler
    startup_stm32f10x_md.o(RESET) refers to usart.o(i.USART1_IRQHandler) for USART1_IRQHandler
    startup_stm32f10x_md.o(.text) refers to system_stm32f10x.o(i.SystemInit) for SystemInit
    startup_stm32f10x_md.o(.text) refers to entry.o(.ARM.Collect$$$$00000000) for __main
    system_stm32f10x.o(i.SetSysClock) refers to system_stm32f10x.o(i.SetSysClockTo72) for SetSysClockTo72
    system_stm32f10x.o(i.SystemCoreClockUpdate) refers to system_stm32f10x.o(.data) for SystemCoreClock
    system_stm32f10x.o(i.SystemInit) refers to system_stm32f10x.o(i.SetSysClock) for SetSysClock
    myspi.o(i.MySPI_Clear_NSS) refers to myspi.o(.data) for ActiveSPI
    myspi.o(i.MySPI_Init) refers to myspi.o(i.MySPI_Set_NSS) for MySPI_Set_NSS
    myspi.o(i.MySPI_Init) refers to myspi.o(.data) for ActiveSPI
    myspi.o(i.MySPI_Read) refers to myspi.o(.data) for ActiveSPI
    myspi.o(i.MySPI_Send) refers to myspi.o(.data) for ActiveSPI
    myspi.o(i.MySPI_Set_NSS) refers to myspi.o(.data) for ActiveSPI
    entry.o(.ARM.Collect$$$$00000000) refers (Special) to entry10a.o(.ARM.Collect$$$$0000000F) for __rt_final_cpp
    entry.o(.ARM.Collect$$$$00000000) refers (Special) to entry11a.o(.ARM.Collect$$$$00000011) for __rt_final_exit
    entry.o(.ARM.Collect$$$$00000000) refers (Special) to entry12b.o(.ARM.Collect$$$$0000000E) for __rt_lib_shutdown_fini
    entry.o(.ARM.Collect$$$$00000000) refers (Special) to entry7b.o(.ARM.Collect$$$$00000008) for _main_clock
    entry.o(.ARM.Collect$$$$00000000) refers (Special) to entry8b.o(.ARM.Collect$$$$0000000A) for _main_cpp_init
    entry.o(.ARM.Collect$$$$00000000) refers (Special) to entry9a.o(.ARM.Collect$$$$0000000B) for _main_init
    entry.o(.ARM.Collect$$$$00000000) refers (Special) to entry5.o(.ARM.Collect$$$$00000004) for _main_scatterload
    entry.o(.ARM.Collect$$$$00000000) refers (Special) to entry2.o(.ARM.Collect$$$$00000001) for _main_stk
    printfb.o(i.__0fprintf$bare) refers to printfb.o(i._printf_core) for _printf_core
    printfb.o(i.__0fprintf$bare) refers to fputc.o(i.fputc) for fputc
    printfb.o(i.__0printf$bare) refers to printfb.o(i._printf_core) for _printf_core
    printfb.o(i.__0printf$bare) refers to fputc.o(i.fputc) for fputc
    printfb.o(i.__0printf$bare) refers to stdout.o(.data) for __stdout
    printfb.o(i.__0snprintf$bare) refers to printfb.o(i._printf_core) for _printf_core
    printfb.o(i.__0snprintf$bare) refers to printfb.o(i._snputc) for _snputc
    printfb.o(i.__0sprintf$bare) refers to printfb.o(i._printf_core) for _printf_core
    printfb.o(i.__0sprintf$bare) refers to printfb.o(i._sputc) for _sputc
    printfb.o(i.__0vfprintf$bare) refers to printfb.o(i._printf_core) for _printf_core
    printfb.o(i.__0vfprintf$bare) refers to fputc.o(i.fputc) for fputc
    printfb.o(i.__0vprintf$bare) refers to printfb.o(i._printf_core) for _printf_core
    printfb.o(i.__0vprintf$bare) refers to fputc.o(i.fputc) for fputc
    printfb.o(i.__0vprintf$bare) refers to stdout.o(.data) for __stdout
    printfb.o(i.__0vsnprintf$bare) refers to printfb.o(i._printf_core) for _printf_core
    printfb.o(i.__0vsnprintf$bare) refers to printfb.o(i._snputc) for _snputc
    printfb.o(i.__0vsprintf$bare) refers to printfb.o(i._printf_core) for _printf_core
    printfb.o(i.__0vsprintf$bare) refers to printfb.o(i._sputc) for _sputc
    printf0.o(i.__0fprintf$0) refers to printf0.o(i._printf_core) for _printf_core
    printf0.o(i.__0fprintf$0) refers to fputc.o(i.fputc) for fputc
    printf0.o(i.__0printf$0) refers to printf0.o(i._printf_core) for _printf_core
    printf0.o(i.__0printf$0) refers to fputc.o(i.fputc) for fputc
    printf0.o(i.__0printf$0) refers to stdout.o(.data) for __stdout
    printf0.o(i.__0snprintf$0) refers to printf0.o(i._printf_core) for _printf_core
    printf0.o(i.__0snprintf$0) refers to printf0.o(i._snputc) for _snputc
    printf0.o(i.__0sprintf$0) refers to printf0.o(i._printf_core) for _printf_core
    printf0.o(i.__0sprintf$0) refers to printf0.o(i._sputc) for _sputc
    printf0.o(i.__0vfprintf$0) refers to printf0.o(i._printf_core) for _printf_core
    printf0.o(i.__0vfprintf$0) refers to fputc.o(i.fputc) for fputc
    printf0.o(i.__0vprintf$0) refers to printf0.o(i._printf_core) for _printf_core
    printf0.o(i.__0vprintf$0) refers to fputc.o(i.fputc) for fputc
    printf0.o(i.__0vprintf$0) refers to stdout.o(.data) for __stdout
    printf0.o(i.__0vsnprintf$0) refers to printf0.o(i._printf_core) for _printf_core
    printf0.o(i.__0vsnprintf$0) refers to printf0.o(i._snputc) for _snputc
    printf0.o(i.__0vsprintf$0) refers to printf0.o(i._printf_core) for _printf_core
    printf0.o(i.__0vsprintf$0) refers to printf0.o(i._sputc) for _sputc
    printf1.o(i.__0fprintf$1) refers to printf1.o(i._printf_core) for _printf_core
    printf1.o(i.__0fprintf$1) refers to fputc.o(i.fputc) for fputc
    printf1.o(i.__0printf$1) refers to printf1.o(i._printf_core) for _printf_core
    printf1.o(i.__0printf$1) refers to fputc.o(i.fputc) for fputc
    printf1.o(i.__0printf$1) refers to stdout.o(.data) for __stdout
    printf1.o(i.__0snprintf$1) refers to printf1.o(i._printf_core) for _printf_core
    printf1.o(i.__0snprintf$1) refers to printf1.o(i._snputc) for _snputc
    printf1.o(i.__0sprintf$1) refers to printf1.o(i._printf_core) for _printf_core
    printf1.o(i.__0sprintf$1) refers to printf1.o(i._sputc) for _sputc
    printf1.o(i.__0vfprintf$1) refers to printf1.o(i._printf_core) for _printf_core
    printf1.o(i.__0vfprintf$1) refers to fputc.o(i.fputc) for fputc
    printf1.o(i.__0vprintf$1) refers to printf1.o(i._printf_core) for _printf_core
    printf1.o(i.__0vprintf$1) refers to fputc.o(i.fputc) for fputc
    printf1.o(i.__0vprintf$1) refers to stdout.o(.data) for __stdout
    printf1.o(i.__0vsnprintf$1) refers to printf1.o(i._printf_core) for _printf_core
    printf1.o(i.__0vsnprintf$1) refers to printf1.o(i._snputc) for _snputc
    printf1.o(i.__0vsprintf$1) refers to printf1.o(i._printf_core) for _printf_core
    printf1.o(i.__0vsprintf$1) refers to printf1.o(i._sputc) for _sputc
    printf1.o(i._printf_core) refers to uidiv.o(.text) for __aeabi_uidivmod
    printf2.o(i.__0fprintf$2) refers to printf2.o(i._printf_core) for _printf_core
    printf2.o(i.__0fprintf$2) refers to fputc.o(i.fputc) for fputc
    printf2.o(i.__0printf$2) refers to printf2.o(i._printf_core) for _printf_core
    printf2.o(i.__0printf$2) refers to fputc.o(i.fputc) for fputc
    printf2.o(i.__0printf$2) refers to stdout.o(.data) for __stdout
    printf2.o(i.__0snprintf$2) refers to printf2.o(i._printf_core) for _printf_core
    printf2.o(i.__0snprintf$2) refers to printf2.o(i._snputc) for _snputc
    printf2.o(i.__0sprintf$2) refers to printf2.o(i._printf_core) for _printf_core
    printf2.o(i.__0sprintf$2) refers to printf2.o(i._sputc) for _sputc
    printf2.o(i.__0vfprintf$2) refers to printf2.o(i._printf_core) for _printf_core
    printf2.o(i.__0vfprintf$2) refers to fputc.o(i.fputc) for fputc
    printf2.o(i.__0vprintf$2) refers to printf2.o(i._printf_core) for _printf_core
    printf2.o(i.__0vprintf$2) refers to fputc.o(i.fputc) for fputc
    printf2.o(i.__0vprintf$2) refers to stdout.o(.data) for __stdout
    printf2.o(i.__0vsnprintf$2) refers to printf2.o(i._printf_core) for _printf_core
    printf2.o(i.__0vsnprintf$2) refers to printf2.o(i._snputc) for _snputc
    printf2.o(i.__0vsprintf$2) refers to printf2.o(i._printf_core) for _printf_core
    printf2.o(i.__0vsprintf$2) refers to printf2.o(i._sputc) for _sputc
    printf3.o(i.__0fprintf$3) refers to printf3.o(i._printf_core) for _printf_core
    printf3.o(i.__0fprintf$3) refers to fputc.o(i.fputc) for fputc
    printf3.o(i.__0printf$3) refers to printf3.o(i._printf_core) for _printf_core
    printf3.o(i.__0printf$3) refers to fputc.o(i.fputc) for fputc
    printf3.o(i.__0printf$3) refers to stdout.o(.data) for __stdout
    printf3.o(i.__0snprintf$3) refers to printf3.o(i._printf_core) for _printf_core
    printf3.o(i.__0snprintf$3) refers to printf3.o(i._snputc) for _snputc
    printf3.o(i.__0sprintf$3) refers to printf3.o(i._printf_core) for _printf_core
    printf3.o(i.__0sprintf$3) refers to printf3.o(i._sputc) for _sputc
    printf3.o(i.__0vfprintf$3) refers to printf3.o(i._printf_core) for _printf_core
    printf3.o(i.__0vfprintf$3) refers to fputc.o(i.fputc) for fputc
    printf3.o(i.__0vprintf$3) refers to printf3.o(i._printf_core) for _printf_core
    printf3.o(i.__0vprintf$3) refers to fputc.o(i.fputc) for fputc
    printf3.o(i.__0vprintf$3) refers to stdout.o(.data) for __stdout
    printf3.o(i.__0vsnprintf$3) refers to printf3.o(i._printf_core) for _printf_core
    printf3.o(i.__0vsnprintf$3) refers to printf3.o(i._snputc) for _snputc
    printf3.o(i.__0vsprintf$3) refers to printf3.o(i._printf_core) for _printf_core
    printf3.o(i.__0vsprintf$3) refers to printf3.o(i._sputc) for _sputc
    printf3.o(i._printf_core) refers to uidiv.o(.text) for __aeabi_uidivmod
    printf4.o(i.__0fprintf$4) refers to printf4.o(i._printf_core) for _printf_core
    printf4.o(i.__0fprintf$4) refers to fputc.o(i.fputc) for fputc
    printf4.o(i.__0printf$4) refers to printf4.o(i._printf_core) for _printf_core
    printf4.o(i.__0printf$4) refers to fputc.o(i.fputc) for fputc
    printf4.o(i.__0printf$4) refers to stdout.o(.data) for __stdout
    printf4.o(i.__0snprintf$4) refers to printf4.o(i._printf_core) for _printf_core
    printf4.o(i.__0snprintf$4) refers to printf4.o(i._snputc) for _snputc
    printf4.o(i.__0sprintf$4) refers to printf4.o(i._printf_core) for _printf_core
    printf4.o(i.__0sprintf$4) refers to printf4.o(i._sputc) for _sputc
    printf4.o(i.__0vfprintf$4) refers to printf4.o(i._printf_core) for _printf_core
    printf4.o(i.__0vfprintf$4) refers to fputc.o(i.fputc) for fputc
    printf4.o(i.__0vprintf$4) refers to printf4.o(i._printf_core) for _printf_core
    printf4.o(i.__0vprintf$4) refers to fputc.o(i.fputc) for fputc
    printf4.o(i.__0vprintf$4) refers to stdout.o(.data) for __stdout
    printf4.o(i.__0vsnprintf$4) refers to printf4.o(i._printf_core) for _printf_core
    printf4.o(i.__0vsnprintf$4) refers to printf4.o(i._snputc) for _snputc
    printf4.o(i.__0vsprintf$4) refers to printf4.o(i._printf_core) for _printf_core
    printf4.o(i.__0vsprintf$4) refers to printf4.o(i._sputc) for _sputc
    printf4.o(i._printf_core) refers to uldiv.o(.text) for __aeabi_uldivmod
    printf5.o(i.__0fprintf$5) refers to printf5.o(i._printf_core) for _printf_core
    printf5.o(i.__0fprintf$5) refers to fputc.o(i.fputc) for fputc
    printf5.o(i.__0printf$5) refers to printf5.o(i._printf_core) for _printf_core
    printf5.o(i.__0printf$5) refers to fputc.o(i.fputc) for fputc
    printf5.o(i.__0printf$5) refers to stdout.o(.data) for __stdout
    printf5.o(i.__0snprintf$5) refers to printf5.o(i._printf_core) for _printf_core
    printf5.o(i.__0snprintf$5) refers to printf5.o(i._snputc) for _snputc
    printf5.o(i.__0sprintf$5) refers to printf5.o(i._printf_core) for _printf_core
    printf5.o(i.__0sprintf$5) refers to printf5.o(i._sputc) for _sputc
    printf5.o(i.__0vfprintf$5) refers to printf5.o(i._printf_core) for _printf_core
    printf5.o(i.__0vfprintf$5) refers to fputc.o(i.fputc) for fputc
    printf5.o(i.__0vprintf$5) refers to printf5.o(i._printf_core) for _printf_core
    printf5.o(i.__0vprintf$5) refers to fputc.o(i.fputc) for fputc
    printf5.o(i.__0vprintf$5) refers to stdout.o(.data) for __stdout
    printf5.o(i.__0vsnprintf$5) refers to printf5.o(i._printf_core) for _printf_core
    printf5.o(i.__0vsnprintf$5) refers to printf5.o(i._snputc) for _snputc
    printf5.o(i.__0vsprintf$5) refers to printf5.o(i._printf_core) for _printf_core
    printf5.o(i.__0vsprintf$5) refers to printf5.o(i._sputc) for _sputc
    printf5.o(i._printf_core) refers to uldiv.o(.text) for __aeabi_uldivmod
    printf6.o(i.__0fprintf$6) refers to printf6.o(i._printf_core) for _printf_core
    printf6.o(i.__0fprintf$6) refers to fputc.o(i.fputc) for fputc
    printf6.o(i.__0printf$6) refers to printf6.o(i._printf_core) for _printf_core
    printf6.o(i.__0printf$6) refers to fputc.o(i.fputc) for fputc
    printf6.o(i.__0printf$6) refers to stdout.o(.data) for __stdout
    printf6.o(i.__0snprintf$6) refers to printf6.o(i._printf_core) for _printf_core
    printf6.o(i.__0snprintf$6) refers to printf6.o(i._snputc) for _snputc
    printf6.o(i.__0sprintf$6) refers to printf6.o(i._printf_core) for _printf_core
    printf6.o(i.__0sprintf$6) refers to printf6.o(i._sputc) for _sputc
    printf6.o(i.__0vfprintf$6) refers to printf6.o(i._printf_core) for _printf_core
    printf6.o(i.__0vfprintf$6) refers to fputc.o(i.fputc) for fputc
    printf6.o(i.__0vprintf$6) refers to printf6.o(i._printf_core) for _printf_core
    printf6.o(i.__0vprintf$6) refers to fputc.o(i.fputc) for fputc
    printf6.o(i.__0vprintf$6) refers to stdout.o(.data) for __stdout
    printf6.o(i.__0vsnprintf$6) refers to printf6.o(i._printf_core) for _printf_core
    printf6.o(i.__0vsnprintf$6) refers to printf6.o(i._snputc) for _snputc
    printf6.o(i.__0vsprintf$6) refers to printf6.o(i._printf_core) for _printf_core
    printf6.o(i.__0vsprintf$6) refers to printf6.o(i._sputc) for _sputc
    printf6.o(i._printf_core) refers to printf6.o(i._printf_pre_padding) for _printf_pre_padding
    printf6.o(i._printf_core) refers to uidiv.o(.text) for __aeabi_uidivmod
    printf6.o(i._printf_core) refers to printf6.o(i._printf_post_padding) for _printf_post_padding
    printf7.o(i.__0fprintf$7) refers to printf7.o(i._printf_core) for _printf_core
    printf7.o(i.__0fprintf$7) refers to fputc.o(i.fputc) for fputc
    printf7.o(i.__0printf$7) refers to printf7.o(i._printf_core) for _printf_core
    printf7.o(i.__0printf$7) refers to fputc.o(i.fputc) for fputc
    printf7.o(i.__0printf$7) refers to stdout.o(.data) for __stdout
    printf7.o(i.__0snprintf$7) refers to printf7.o(i._printf_core) for _printf_core
    printf7.o(i.__0snprintf$7) refers to printf7.o(i._snputc) for _snputc
    printf7.o(i.__0sprintf$7) refers to printf7.o(i._printf_core) for _printf_core
    printf7.o(i.__0sprintf$7) refers to printf7.o(i._sputc) for _sputc
    printf7.o(i.__0vfprintf$7) refers to printf7.o(i._printf_core) for _printf_core
    printf7.o(i.__0vfprintf$7) refers to fputc.o(i.fputc) for fputc
    printf7.o(i.__0vprintf$7) refers to printf7.o(i._printf_core) for _printf_core
    printf7.o(i.__0vprintf$7) refers to fputc.o(i.fputc) for fputc
    printf7.o(i.__0vprintf$7) refers to stdout.o(.data) for __stdout
    printf7.o(i.__0vsnprintf$7) refers to printf7.o(i._printf_core) for _printf_core
    printf7.o(i.__0vsnprintf$7) refers to printf7.o(i._snputc) for _snputc
    printf7.o(i.__0vsprintf$7) refers to printf7.o(i._printf_core) for _printf_core
    printf7.o(i.__0vsprintf$7) refers to printf7.o(i._sputc) for _sputc
    printf7.o(i._printf_core) refers to printf7.o(i._printf_pre_padding) for _printf_pre_padding
    printf7.o(i._printf_core) refers to uldiv.o(.text) for __aeabi_uldivmod
    printf7.o(i._printf_core) refers to printf7.o(i._printf_post_padding) for _printf_post_padding
    printf8.o(i.__0fprintf$8) refers to printf8.o(i._printf_core) for _printf_core
    printf8.o(i.__0fprintf$8) refers to fputc.o(i.fputc) for fputc
    printf8.o(i.__0printf$8) refers to printf8.o(i._printf_core) for _printf_core
    printf8.o(i.__0printf$8) refers to fputc.o(i.fputc) for fputc
    printf8.o(i.__0printf$8) refers to stdout.o(.data) for __stdout
    printf8.o(i.__0snprintf$8) refers to printf8.o(i._printf_core) for _printf_core
    printf8.o(i.__0snprintf$8) refers to printf8.o(i._snputc) for _snputc
    printf8.o(i.__0sprintf$8) refers to printf8.o(i._printf_core) for _printf_core
    printf8.o(i.__0sprintf$8) refers to printf8.o(i._sputc) for _sputc
    printf8.o(i.__0vfprintf$8) refers to printf8.o(i._printf_core) for _printf_core
    printf8.o(i.__0vfprintf$8) refers to fputc.o(i.fputc) for fputc
    printf8.o(i.__0vprintf$8) refers to printf8.o(i._printf_core) for _printf_core
    printf8.o(i.__0vprintf$8) refers to fputc.o(i.fputc) for fputc
    printf8.o(i.__0vprintf$8) refers to stdout.o(.data) for __stdout
    printf8.o(i.__0vsnprintf$8) refers to printf8.o(i._printf_core) for _printf_core
    printf8.o(i.__0vsnprintf$8) refers to printf8.o(i._snputc) for _snputc
    printf8.o(i.__0vsprintf$8) refers to printf8.o(i._printf_core) for _printf_core
    printf8.o(i.__0vsprintf$8) refers to printf8.o(i._sputc) for _sputc
    printf8.o(i._printf_core) refers to printf8.o(i._printf_pre_padding) for _printf_pre_padding
    printf8.o(i._printf_core) refers to uldiv.o(.text) for __aeabi_uldivmod
    printf8.o(i._printf_core) refers to printf8.o(i._printf_post_padding) for _printf_post_padding
    printfa.o(i.__0fprintf) refers (Special) to iusefp.o(.text) for __I$use$fp
    printfa.o(i.__0fprintf) refers to printfa.o(i._printf_core) for _printf_core
    printfa.o(i.__0fprintf) refers to fputc.o(i.fputc) for fputc
    printfa.o(i.__0printf) refers (Special) to iusefp.o(.text) for __I$use$fp
    printfa.o(i.__0printf) refers to printfa.o(i._printf_core) for _printf_core
    printfa.o(i.__0printf) refers to fputc.o(i.fputc) for fputc
    printfa.o(i.__0printf) refers to stdout.o(.data) for __stdout
    printfa.o(i.__0snprintf) refers (Special) to iusefp.o(.text) for __I$use$fp
    printfa.o(i.__0snprintf) refers to printfa.o(i._printf_core) for _printf_core
    printfa.o(i.__0snprintf) refers to printfa.o(i._snputc) for _snputc
    printfa.o(i.__0sprintf) refers (Special) to iusefp.o(.text) for __I$use$fp
    printfa.o(i.__0sprintf) refers to printfa.o(i._printf_core) for _printf_core
    printfa.o(i.__0sprintf) refers to printfa.o(i._sputc) for _sputc
    printfa.o(i.__0vfprintf) refers (Special) to iusefp.o(.text) for __I$use$fp
    printfa.o(i.__0vfprintf) refers to printfa.o(i._printf_core) for _printf_core
    printfa.o(i.__0vfprintf) refers to fputc.o(i.fputc) for fputc
    printfa.o(i.__0vprintf) refers (Special) to iusefp.o(.text) for __I$use$fp
    printfa.o(i.__0vprintf) refers to printfa.o(i._printf_core) for _printf_core
    printfa.o(i.__0vprintf) refers to fputc.o(i.fputc) for fputc
    printfa.o(i.__0vprintf) refers to stdout.o(.data) for __stdout
    printfa.o(i.__0vsnprintf) refers (Special) to iusefp.o(.text) for __I$use$fp
    printfa.o(i.__0vsnprintf) refers to printfa.o(i._printf_core) for _printf_core
    printfa.o(i.__0vsnprintf) refers to printfa.o(i._snputc) for _snputc
    printfa.o(i.__0vsprintf) refers (Special) to iusefp.o(.text) for __I$use$fp
    printfa.o(i.__0vsprintf) refers to printfa.o(i._printf_core) for _printf_core
    printfa.o(i.__0vsprintf) refers to printfa.o(i._sputc) for _sputc
    printfa.o(i._fp_digits) refers (Special) to iusefp.o(.text) for __I$use$fp
    printfa.o(i._fp_digits) refers to dmul.o(.text) for __aeabi_dmul
    printfa.o(i._fp_digits) refers to ddiv.o(.text) for __aeabi_ddiv
    printfa.o(i._fp_digits) refers to cdrcmple.o(.text) for __aeabi_cdrcmple
    printfa.o(i._fp_digits) refers to dadd.o(.text) for __aeabi_dadd
    printfa.o(i._fp_digits) refers to dfixul.o(.text) for __aeabi_d2ulz
    printfa.o(i._fp_digits) refers to uldiv.o(.text) for __aeabi_uldivmod
    printfa.o(i._printf_core) refers (Special) to iusefp.o(.text) for __I$use$fp
    printfa.o(i._printf_core) refers to printfa.o(i._printf_pre_padding) for _printf_pre_padding
    printfa.o(i._printf_core) refers to uldiv.o(.text) for __aeabi_uldivmod
    printfa.o(i._printf_core) refers to printfa.o(i._printf_post_padding) for _printf_post_padding
    printfa.o(i._printf_core) refers to printfa.o(i._fp_digits) for _fp_digits
    printfa.o(i._printf_core) refers to uidiv.o(.text) for __aeabi_uidivmod
    printfa.o(i._printf_post_padding) refers (Special) to iusefp.o(.text) for __I$use$fp
    printfa.o(i._printf_pre_padding) refers (Special) to iusefp.o(.text) for __I$use$fp
    printfa.o(i._snputc) refers (Special) to iusefp.o(.text) for __I$use$fp
    printfa.o(i._sputc) refers (Special) to iusefp.o(.text) for __I$use$fp
    dmul.o(.text) refers (Special) to iusefp.o(.text) for __I$use$fp
    dmul.o(.text) refers to depilogue.o(.text) for _double_epilogue
    dflti.o(.text) refers (Special) to iusefp.o(.text) for __I$use$fp
    dflti.o(.text) refers to depilogue.o(.text) for _double_epilogue
    cdrcmple.o(.text) refers (Special) to iusefp.o(.text) for __I$use$fp
    entry2.o(.ARM.Collect$$$$00000001) refers to entry2.o(.ARM.Collect$$$$00002712) for __lit__00000000
    entry2.o(.ARM.Collect$$$$00002712) refers to startup_stm32f10x_md.o(STACK) for __initial_sp
    entry2.o(__vectab_stack_and_reset_area) refers to startup_stm32f10x_md.o(STACK) for __initial_sp
    entry2.o(__vectab_stack_and_reset_area) refers to entry.o(.ARM.Collect$$$$00000000) for __main
    entry5.o(.ARM.Collect$$$$00000004) refers to init.o(.text) for __scatterload
    entry9a.o(.ARM.Collect$$$$0000000B) refers to control.o(i.main) for main
    entry9b.o(.ARM.Collect$$$$0000000C) refers to control.o(i.main) for main
    fputc.o(i.fputc) refers (Special) to iusesemip.o(.text) for __I$use$semihosting$fputc
    fputc.o(i.fputc) refers (Special) to semi.o(.text) for __semihosting_library_function
    uldiv.o(.text) refers to llushr.o(.text) for __aeabi_llsr
    uldiv.o(.text) refers to llshl.o(.text) for __aeabi_llsl
    depilogue.o(.text) refers to llshl.o(.text) for __aeabi_llsl
    depilogue.o(.text) refers to llushr.o(.text) for __aeabi_llsr
    dadd.o(.text) refers to llshl.o(.text) for __aeabi_llsl
    dadd.o(.text) refers to llsshr.o(.text) for __aeabi_lasr
    dadd.o(.text) refers to depilogue.o(.text) for _double_epilogue
    ddiv.o(.text) refers to depilogue.o(.text) for _double_round
    dfixul.o(.text) refers to llushr.o(.text) for __aeabi_llsr
    dfixul.o(.text) refers to llshl.o(.text) for __aeabi_llsl
    init.o(.text) refers to entry5.o(.ARM.Collect$$$$00000004) for __main_after_scatterload


==============================================================================

Removing Unused input sections from the image.

    Removing control.o(.rev16_text), (4 bytes).
    Removing control.o(.revsh_text), (4 bytes).
    Removing control.o(.rrx_text), (6 bytes).
    Removing adc.o(.rev16_text), (4 bytes).
    Removing adc.o(.revsh_text), (4 bytes).
    Removing adc.o(.rrx_text), (6 bytes).
    Removing adc.o(i.ADC_Read), (12 bytes).
    Removing adc.o(i.ADC_init_single), (192 bytes).
    Removing adc.o(i.ADC_off), (14 bytes).
    Removing adc.o(i.ADC_on), (14 bytes).
    Removing adc.o(i.get_adcValue), (12 bytes).
    Removing driver_gpio.o(.rev16_text), (4 bytes).
    Removing driver_gpio.o(.revsh_text), (4 bytes).
    Removing driver_gpio.o(.rrx_text), (6 bytes).
    Removing driver_gpio.o(i.MyGPIO_Read), (12 bytes).
    Removing driver_gpio.o(i.MyGPIO_Toggle), (12 bytes).
    Removing girouette.o(.rev16_text), (4 bytes).
    Removing girouette.o(.revsh_text), (4 bytes).
    Removing girouette.o(.rrx_text), (6 bytes).
    Removing timer.o(.rev16_text), (4 bytes).
    Removing timer.o(.revsh_text), (4 bytes).
    Removing timer.o(.rrx_text), (6 bytes).
    Removing timer.o(i.MyTimer_ActiveIT), (160 bytes).
    Removing timer.o(i.__NVIC_EnableIRQ), (34 bytes).
    Removing timer.o(i.__NVIC_SetPriority), (40 bytes).
    Removing usart.o(.rev16_text), (4 bytes).
    Removing usart.o(.revsh_text), (4 bytes).
    Removing usart.o(.rrx_text), (6 bytes).
    Removing usart.o(i.USART1_handler_reception_systick), (32 bytes).
    Removing usart.o(.bss), (10 bytes).
    Removing systick.o(.rev16_text), (4 bytes).
    Removing systick.o(.revsh_text), (4 bytes).
    Removing systick.o(.rrx_text), (6 bytes).
    Removing gestion-plateau.o(.rev16_text), (4 bytes).
    Removing gestion-plateau.o(.revsh_text), (4 bytes).
    Removing gestion-plateau.o(.rrx_text), (6 bytes).
    Removing mesure-roulis.o(.rev16_text), (4 bytes).
    Removing mesure-roulis.o(.revsh_text), (4 bytes).
    Removing mesure-roulis.o(.rrx_text), (6 bytes).
    Removing mesure-roulis.o(i.initMesureRoulis), (2 bytes).
    Removing mesure-roulis.o(i.setupADXL345), (2 bytes).
    Removing pilotage-servomoteur.o(.rev16_text), (4 bytes).
    Removing pilotage-servomoteur.o(.revsh_text), (4 bytes).
    Removing pilotage-servomoteur.o(.rrx_text), (6 bytes).
    Removing rotation-plateau.o(.rev16_text), (4 bytes).
    Removing rotation-plateau.o(.revsh_text), (4 bytes).
    Removing rotation-plateau.o(.rrx_text), (6 bytes).
    Removing gestionvoile.o(.rev16_text), (4 bytes).
    Removing gestionvoile.o(.revsh_text), (4 bytes).
    Removing gestionvoile.o(.rrx_text), (6 bytes).
    Removing envoi-donnes.o(.rev16_text), (4 bytes).
    Removing envoi-donnes.o(.revsh_text), (4 bytes).
    Removing envoi-donnes.o(.rrx_text), (6 bytes).
    Removing envoi-donnes.o(i.envoi_angle), (24 bytes).
    Removing accelero.o(.rev16_text), (4 bytes).
    Removing accelero.o(.revsh_text), (4 bytes).
    Removing accelero.o(.rrx_text), (6 bytes).
    Removing accelero.o(i.spi_accelero_init), (180 bytes).
    Removing startup_stm32f10x_md.o(HEAP), (512 bytes).
    Removing system_stm32f10x.o(.rev16_text), (4 bytes).
    Removing system_stm32f10x.o(.revsh_text), (4 bytes).
    Removing system_stm32f10x.o(.rrx_text), (6 bytes).
    Removing system_stm32f10x.o(i.SystemCoreClockUpdate), (164 bytes).
    Removing system_stm32f10x.o(.data), (20 bytes).
    Removing myspi.o(.rev16_text), (4 bytes).
    Removing myspi.o(.revsh_text), (4 bytes).
    Removing myspi.o(.rrx_text), (6 bytes).
    Removing myspi.o(i.MySPI_Init), (500 bytes).
    Removing dadd.o(.text), (334 bytes).
    Removing ddiv.o(.text), (222 bytes).
    Removing dfixul.o(.text), (48 bytes).

71 unused section(s) (total 2776 bytes) removed from the image.

==============================================================================

Image Symbol Table

    Local Symbols

    Symbol Name                              Value     Ov Type        Size  Object(Section)

    ../clib/microlib/division.c              0x00000000   Number         0  uldiv.o ABSOLUTE
    ../clib/microlib/division.c              0x00000000   Number         0  uidiv.o ABSOLUTE
    ../clib/microlib/init/entry.s            0x00000000   Number         0  entry9b.o ABSOLUTE
    ../clib/microlib/init/entry.s            0x00000000   Number         0  entry11b.o ABSOLUTE
    ../clib/microlib/init/entry.s            0x00000000   Number         0  entry9a.o ABSOLUTE
    ../clib/microlib/init/entry.s            0x00000000   Number         0  entry11a.o ABSOLUTE
    ../clib/microlib/init/entry.s            0x00000000   Number         0  entry7b.o ABSOLUTE
    ../clib/microlib/init/entry.s            0x00000000   Number         0  entry8a.o ABSOLUTE
    ../clib/microlib/init/entry.s            0x00000000   Number         0  entry7a.o ABSOLUTE
    ../clib/microlib/init/entry.s            0x00000000   Number         0  entry8b.o ABSOLUTE
    ../clib/microlib/init/entry.s            0x00000000   Number         0  entry10a.o ABSOLUTE
    ../clib/microlib/init/entry.s            0x00000000   Number         0  entry12b.o ABSOLUTE
    ../clib/microlib/init/entry.s            0x00000000   Number         0  entry.o ABSOLUTE
    ../clib/microlib/init/entry.s            0x00000000   Number         0  entry10b.o ABSOLUTE
    ../clib/microlib/init/entry.s            0x00000000   Number         0  entry2.o ABSOLUTE
    ../clib/microlib/init/entry.s            0x00000000   Number         0  entry12a.o ABSOLUTE
    ../clib/microlib/init/entry.s            0x00000000   Number         0  entry5.o ABSOLUTE
    ../clib/microlib/longlong.c              0x00000000   Number         0  llshl.o ABSOLUTE
    ../clib/microlib/longlong.c              0x00000000   Number         0  llushr.o ABSOLUTE
    ../clib/microlib/longlong.c              0x00000000   Number         0  llsshr.o ABSOLUTE
    ../clib/microlib/printf/printf.c         0x00000000   Number         0  printf1.o ABSOLUTE
    ../clib/microlib/printf/printf.c         0x00000000   Number         0  printf2.o ABSOLUTE
    ../clib/microlib/printf/printf.c         0x00000000   Number         0  printf3.o ABSOLUTE
    ../clib/microlib/printf/printf.c         0x00000000   Number         0  printf4.o ABSOLUTE
    ../clib/microlib/printf/printf.c         0x00000000   Number         0  printf6.o ABSOLUTE
    ../clib/microlib/printf/printf.c         0x00000000   Number         0  printf0.o ABSOLUTE
    ../clib/microlib/printf/printf.c         0x00000000   Number         0  printf7.o ABSOLUTE
    ../clib/microlib/printf/printf.c         0x00000000   Number         0  printfa.o ABSOLUTE
    ../clib/microlib/printf/printf.c         0x00000000   Number         0  printf5.o ABSOLUTE
    ../clib/microlib/printf/printf.c         0x00000000   Number         0  printfb.o ABSOLUTE
    ../clib/microlib/printf/printf.c         0x00000000   Number         0  printf8.o ABSOLUTE
    ../clib/microlib/printf/stubs.s          0x00000000   Number         0  stubs.o ABSOLUTE
    ../clib/microlib/stdio/fputc.c           0x00000000   Number         0  fputc.o ABSOLUTE
    ../clib/microlib/stdio/semi.s            0x00000000   Number         0  semi.o ABSOLUTE
    ../clib/microlib/stdio/streams.c         0x00000000   Number         0  stdout.o ABSOLUTE
    ../clib/microlib/string/memcpy.c         0x00000000   Number         0  memcpya.o ABSOLUTE
    ../clib/microlib/string/memcpy.c         0x00000000   Number         0  memcpyb.o ABSOLUTE
    ../clib/microlib/string/strcat.c         0x00000000   Number         0  strcat.o ABSOLUTE
    ../clib/microlib/string/strlen.c         0x00000000   Number         0  strlen.o ABSOLUTE
    ../clib/microlib/stubs.s                 0x00000000   Number         0  iusefp.o ABSOLUTE
    ../clib/microlib/stubs.s                 0x00000000   Number         0  iusesemip.o ABSOLUTE
    ../fplib/microlib/fpadd.c                0x00000000   Number         0  dadd.o ABSOLUTE
    ../fplib/microlib/fpdiv.c                0x00000000   Number         0  ddiv.o ABSOLUTE
    ../fplib/microlib/fpepilogue.c           0x00000000   Number         0  depilogue.o ABSOLUTE
    ../fplib/microlib/fpfix.c                0x00000000   Number         0  dfixul.o ABSOLUTE
    ../fplib/microlib/fpflt.c                0x00000000   Number         0  dflti.o ABSOLUTE
    ../fplib/microlib/fpmul.c                0x00000000   Number         0  dmul.o ABSOLUTE
    ..\Drivers\Driver_GPIO.c                 0x00000000   Number         0  driver_gpio.o ABSOLUTE
    ..\Drivers\Timer.c                       0x00000000   Number         0  timer.o ABSOLUTE
    ..\Drivers\adc.c                         0x00000000   Number         0  adc.o ABSOLUTE
    ..\Drivers\girouette.c                   0x00000000   Number         0  girouette.o ABSOLUTE
    ..\Drivers\systick.c                     0x00000000   Number         0  systick.o ABSOLUTE
    ..\Drivers\usart.c                       0x00000000   Number         0  usart.o ABSOLUTE
    ..\Services\accelero.c                   0x00000000   Number         0  accelero.o ABSOLUTE
    ..\Services\envoi-donnes.c               0x00000000   Number         0  envoi-donnes.o ABSOLUTE
    ..\Services\gestion-plateau.c            0x00000000   Number         0  gestion-plateau.o ABSOLUTE
    ..\Services\gestionVoile.c               0x00000000   Number         0  gestionvoile.o ABSOLUTE
    ..\Services\mesure-roulis.c              0x00000000   Number         0  mesure-roulis.o ABSOLUTE
    ..\Services\pilotage-servomoteur.c       0x00000000   Number         0  pilotage-servomoteur.o ABSOLUTE
    ..\Services\rotation-plateau.c           0x00000000   Number         0  rotation-plateau.o ABSOLUTE
    ..\\Drivers\\Driver_GPIO.c               0x00000000   Number         0  driver_gpio.o ABSOLUTE
    ..\\Drivers\\Timer.c                     0x00000000   Number         0  timer.o ABSOLUTE
    ..\\Drivers\\adc.c                       0x00000000   Number         0  adc.o ABSOLUTE
    ..\\Drivers\\girouette.c                 0x00000000   Number         0  girouette.o ABSOLUTE
    ..\\Drivers\\systick.c                   0x00000000   Number         0  systick.o ABSOLUTE
    ..\\Drivers\\usart.c                     0x00000000   Number         0  usart.o ABSOLUTE
    ..\\Services\\accelero.c                 0x00000000   Number         0  accelero.o ABSOLUTE
    ..\\Services\\envoi-donnes.c             0x00000000   Number         0  envoi-donnes.o ABSOLUTE
    ..\\Services\\gestion-plateau.c          0x00000000   Number         0  gestion-plateau.o ABSOLUTE
    ..\\Services\\gestionVoile.c             0x00000000   Number         0  gestionvoile.o ABSOLUTE
    ..\\Services\\mesure-roulis.c            0x00000000   Number         0  mesure-roulis.o ABSOLUTE
    ..\\Services\\pilotage-servomoteur.c     0x00000000   Number         0  pilotage-servomoteur.o ABSOLUTE
    ..\\Services\\rotation-plateau.c         0x00000000   Number         0  rotation-plateau.o ABSOLUTE
    MyDrivers\MySPI.c                        0x00000000   Number         0  myspi.o ABSOLUTE
    MyDrivers\\MySPI.c                       0x00000000   Number         0  myspi.o ABSOLUTE
    RTE\Device\STM32F103RB\startup_stm32f10x_md.s 0x00000000   Number         0  startup_stm32f10x_md.o ABSOLUTE
    RTE\Device\STM32F103RB\system_stm32f10x.c 0x00000000   Number         0  system_stm32f10x.o ABSOLUTE
    RTE\\Device\\STM32F103RB\\system_stm32f10x.c 0x00000000   Number         0  system_stm32f10x.o ABSOLUTE
    Sources\\control.c                       0x00000000   Number         0  control.o ABSOLUTE
    Sources\control.c                        0x00000000   Number         0  control.o ABSOLUTE
    cdrcmple.s                               0x00000000   Number         0  cdrcmple.o ABSOLUTE
    dc.s                                     0x00000000   Number         0  dc.o ABSOLUTE
    handlers.s                               0x00000000   Number         0  handlers.o ABSOLUTE
    init.s                                   0x00000000   Number         0  init.o ABSOLUTE
    RESET                                    0x08000000   Section      236  startup_stm32f10x_md.o(RESET)
    .ARM.Collect$$$$00000000                 0x080000ec   Section        0  entry.o(.ARM.Collect$$$$00000000)
    .ARM.Collect$$$$00000001                 0x080000ec   Section        4  entry2.o(.ARM.Collect$$$$00000001)
    .ARM.Collect$$$$00000004                 0x080000f0   Section        4  entry5.o(.ARM.Collect$$$$00000004)
    .ARM.Collect$$$$00000008                 0x080000f4   Section        0  entry7b.o(.ARM.Collect$$$$00000008)
    .ARM.Collect$$$$0000000A                 0x080000f4   Section        0  entry8b.o(.ARM.Collect$$$$0000000A)
    .ARM.Collect$$$$0000000B                 0x080000f4   Section        8  entry9a.o(.ARM.Collect$$$$0000000B)
    .ARM.Collect$$$$0000000E                 0x080000fc   Section        4  entry12b.o(.ARM.Collect$$$$0000000E)
    .ARM.Collect$$$$0000000F                 0x08000100   Section        0  entry10a.o(.ARM.Collect$$$$0000000F)
    .ARM.Collect$$$$00000011                 0x08000100   Section        0  entry11a.o(.ARM.Collect$$$$00000011)
    .ARM.Collect$$$$00002712                 0x08000100   Section        4  entry2.o(.ARM.Collect$$$$00002712)
    __lit__00000000                          0x08000100   Data           4  entry2.o(.ARM.Collect$$$$00002712)
    .text                                    0x08000104   Section       36  startup_stm32f10x_md.o(.text)
    .text                                    0x08000128   Section        0  memcpya.o(.text)
    .text                                    0x0800014c   Section        0  strcat.o(.text)
    .text                                    0x08000164   Section        0  strlen.o(.text)
    .text                                    0x08000172   Section        0  dmul.o(.text)
    .text                                    0x08000256   Section        0  dflti.o(.text)
    .text                                    0x08000278   Section       48  cdrcmple.o(.text)
    .text                                    0x080002a8   Section        0  uidiv.o(.text)
    .text                                    0x080002d4   Section        0  iusefp.o(.text)
    .text                                    0x080002d4   Section        0  depilogue.o(.text)
    .text                                    0x08000390   Section       36  init.o(.text)
    .text                                    0x080003b4   Section        0  llshl.o(.text)
    .text                                    0x080003d2   Section        0  llushr.o(.text)
    i.ADC1_2_IRQHandler                      0x080003f4   Section        0  adc.o(i.ADC1_2_IRQHandler)
    i.Cycle_PWM                              0x08000418   Section        0  timer.o(i.Cycle_PWM)
    i.EXTI9_5_IRQHandler                     0x08000460   Section        0  girouette.o(i.EXTI9_5_IRQHandler)
    i.MyGPIO_Init                            0x0800047c   Section        0  driver_gpio.o(i.MyGPIO_Init)
    i.MyGPIO_Reset                           0x0800058c   Section        0  driver_gpio.o(i.MyGPIO_Reset)
    i.MyGPIO_Set                             0x08000598   Section        0  driver_gpio.o(i.MyGPIO_Set)
    i.MySPI_Clear_NSS                        0x080005a4   Section        0  myspi.o(i.MySPI_Clear_NSS)
    i.MySPI_Read                             0x080005d4   Section        0  myspi.o(i.MySPI_Read)
    i.MySPI_Send                             0x08000628   Section        0  myspi.o(i.MySPI_Send)
    i.MySPI_Set_NSS                          0x08000678   Section        0  myspi.o(i.MySPI_Set_NSS)
    i.MyTimer_Base_Init                      0x080006a4   Section        0  timer.o(i.MyTimer_Base_Init)
    i.MyTimer_PWM                            0x08000720   Section        0  timer.o(i.MyTimer_PWM)
    i.SetSysClock                            0x08000798   Section        0  system_stm32f10x.o(i.SetSysClock)
    SetSysClock                              0x08000799   Thumb Code     8  system_stm32f10x.o(i.SetSysClock)
    i.SetSysClockTo72                        0x080007a0   Section        0  system_stm32f10x.o(i.SetSysClockTo72)
    SetSysClockTo72                          0x080007a1   Thumb Code   214  system_stm32f10x.o(i.SetSysClockTo72)
    i.SysTick_Handler                        0x08000880   Section        0  systick.o(i.SysTick_Handler)
    i.SystemInit                             0x08000890   Section        0  system_stm32f10x.o(i.SystemInit)
    i.Systick_ActiveIT                       0x080008f0   Section        0  systick.o(i.Systick_ActiveIT)
    i.TIM1_UP_IRQHandler                     0x080008fc   Section        0  timer.o(i.TIM1_UP_IRQHandler)
    i.TIM2_IRQHandler                        0x0800091c   Section        0  timer.o(i.TIM2_IRQHandler)
    i.TIM3_IRQHandler                        0x0800093c   Section        0  timer.o(i.TIM3_IRQHandler)
    i.TIM4_IRQHandler                        0x0800095c   Section        0  timer.o(i.TIM4_IRQHandler)
    i.USART1_IRQHandler                      0x0800097c   Section        0  usart.o(i.USART1_IRQHandler)
    i.VoileGetAllure                         0x08000990   Section        0  gestionvoile.o(i.VoileGetAllure)
    i.__0sprintf$1                           0x08000a8c   Section        0  printf1.o(i.__0sprintf$1)
    i.__scatterload_copy                     0x08000ab4   Section       14  handlers.o(i.__scatterload_copy)
    i.__scatterload_null                     0x08000ac2   Section        2  handlers.o(i.__scatterload_null)
    i.__scatterload_zeroinit                 0x08000ac4   Section       14  handlers.o(i.__scatterload_zeroinit)
    i._printf_core                           0x08000ad4   Section        0  printf1.o(i._printf_core)
    _printf_core                             0x08000ad5   Thumb Code   336  printf1.o(i._printf_core)
    i._sputc                                 0x08000c28   Section        0  printf1.o(i._sputc)
    _sputc                                   0x08000c29   Thumb Code    10  printf1.o(i._sputc)
    i.accelero_convert                       0x08000c34   Section        0  accelero.o(i.accelero_convert)
    i.check_roulis                           0x08000cf0   Section        0  accelero.o(i.check_roulis)
    i.getAngle                               0x08000d24   Section        0  gestionvoile.o(i.getAngle)
    i.girouette_init                         0x08000d38   Section        0  girouette.o(i.girouette_init)
    i.initGestionPlateau                     0x08000e64   Section        0  gestion-plateau.o(i.initGestionPlateau)
    i.initGestionVoile                       0x08000e7c   Section        0  gestionvoile.o(i.initGestionVoile)
    i.initPlateau                            0x08000ef0   Section        0  rotation-plateau.o(i.initPlateau)
    i.initServo                              0x08000f6c   Section        0  pilotage-servomoteur.o(i.initServo)
    i.lecture_data_accelero                  0x08000fcc   Section        0  accelero.o(i.lecture_data_accelero)
    i.main                                   0x08001034   Section        0  control.o(i.main)
    i.receptionDonnees                       0x0800106c   Section        0  gestion-plateau.o(i.receptionDonnees)
    i.systick_Init                           0x080010ac   Section        0  systick.o(i.systick_Init)
    i.systick_fun                            0x08001148   Section        0  control.o(i.systick_fun)
    i.tourneDroite                           0x08001224   Section        0  rotation-plateau.o(i.tourneDroite)
    i.tourneGauche                           0x08001248   Section        0  rotation-plateau.o(i.tourneGauche)
    i.usart_1_configure_IT                   0x0800126c   Section        0  usart.o(i.usart_1_configure_IT)
    i.usart_1_send                           0x080012dc   Section        0  usart.o(i.usart_1_send)
    i.usart_1_send_string                    0x080012fc   Section        0  usart.o(i.usart_1_send_string)
    i.usart_configure_1_9600bps              0x0800132c   Section        0  usart.o(i.usart_configure_1_9600bps)
    i.usart_getValue                         0x080013c8   Section        0  usart.o(i.usart_getValue)
    i.voilegestion                           0x080013d4   Section        0  gestionvoile.o(i.voilegestion)
    .data                                    0x20000000   Section        4  adc.o(.data)
    valeur_ADC                               0x20000000   Data           4  adc.o(.data)
    .data                                    0x20000004   Section        4  driver_gpio.o(.data)
    .data                                    0x20000008   Section       20  timer.o(.data)
    .data                                    0x2000001c   Section       40  usart.o(.data)
    Data                                     0x2000001c   Data           1  usart.o(.data)
    .data                                    0x20000044   Section        8  systick.o(.data)
    .data                                    0x2000004c   Section        8  gestion-plateau.o(.data)
    .data                                    0x20000054   Section       16  pilotage-servomoteur.o(.data)
    .data                                    0x20000064   Section       24  rotation-plateau.o(.data)
    .data                                    0x2000007c   Section       40  gestionvoile.o(.data)
    .data                                    0x200000a8   Section       49  accelero.o(.data)
    .data                                    0x200000dc   Section        4  myspi.o(.data)
    STACK                                    0x200000e0   Section     1024  startup_stm32f10x_md.o(STACK)

    Global Symbols

    Symbol Name                              Value     Ov Type        Size  Object(Section)

    BuildAttributes$$THM_ISAv4$P$D$K$B$S$PE$A:L22UL41UL21$X:L11$S22US41US21$IEEE1$IW$USESV6$~STKCKD$USESV7$~SHL$OSPACE$ROPI$EBA8$MICROLIB$REQ8$PRES8$EABIv2 0x00000000   Number         0  anon$$obj.o ABSOLUTE
    __ARM_use_no_argv                        0x00000000   Number         0  control.o ABSOLUTE
    _printf_a                                0x00000000   Number         0  stubs.o ABSOLUTE
    _printf_c                                0x00000000   Number         0  stubs.o ABSOLUTE
    _printf_charcount                        0x00000000   Number         0  stubs.o ABSOLUTE
    _printf_d                                0x00000000   Number         0  stubs.o ABSOLUTE
    _printf_e                                0x00000000   Number         0  stubs.o ABSOLUTE
    _printf_f                                0x00000000   Number         0  stubs.o ABSOLUTE
    _printf_flags                            0x00000000   Number         0  stubs.o ABSOLUTE
    _printf_fp_dec                           0x00000000   Number         0  stubs.o ABSOLUTE
    _printf_fp_hex                           0x00000000   Number         0  stubs.o ABSOLUTE
    _printf_g                                0x00000000   Number         0  stubs.o ABSOLUTE
    _printf_i                                0x00000000   Number         0  stubs.o ABSOLUTE
    _printf_int_dec                          0x00000000   Number         0  stubs.o ABSOLUTE
    _printf_l                                0x00000000   Number         0  stubs.o ABSOLUTE
    _printf_lc                               0x00000000   Number         0  stubs.o ABSOLUTE
    _printf_ll                               0x00000000   Number         0  stubs.o ABSOLUTE
    _printf_lld                              0x00000000   Number         0  stubs.o ABSOLUTE
    _printf_lli                              0x00000000   Number         0  stubs.o ABSOLUTE
    _printf_llo                              0x00000000   Number         0  stubs.o ABSOLUTE
    _printf_llu                              0x00000000   Number         0  stubs.o ABSOLUTE
    _printf_llx                              0x00000000   Number         0  stubs.o ABSOLUTE
    _printf_longlong_dec                     0x00000000   Number         0  stubs.o ABSOLUTE
    _printf_longlong_hex                     0x00000000   Number         0  stubs.o ABSOLUTE
    _printf_longlong_oct                     0x00000000   Number         0  stubs.o ABSOLUTE
    _printf_ls                               0x00000000   Number         0  stubs.o ABSOLUTE
    _printf_mbtowc                           0x00000000   Number         0  stubs.o ABSOLUTE
    _printf_n                                0x00000000   Number         0  stubs.o ABSOLUTE
    _printf_o                                0x00000000   Number         0  stubs.o ABSOLUTE
    _printf_p                                0x00000000   Number         0  stubs.o ABSOLUTE
    _printf_percent                          0x00000000   Number         0  stubs.o ABSOLUTE
    _printf_pre_padding                      0x00000000   Number         0  stubs.o ABSOLUTE
    _printf_return_value                     0x00000000   Number         0  stubs.o ABSOLUTE
    _printf_s                                0x00000000   Number         0  stubs.o ABSOLUTE
    _printf_sizespec                         0x00000000   Number         0  stubs.o ABSOLUTE
    _printf_str                              0x00000000   Number         0  stubs.o ABSOLUTE
    _printf_truncate_signed                  0x00000000   Number         0  stubs.o ABSOLUTE
    _printf_truncate_unsigned                0x00000000   Number         0  stubs.o ABSOLUTE
    _printf_u                                0x00000000   Number         0  stubs.o ABSOLUTE
    _printf_wc                               0x00000000   Number         0  stubs.o ABSOLUTE
    _printf_wctomb                           0x00000000   Number         0  stubs.o ABSOLUTE
    _printf_widthprec                        0x00000000   Number         0  stubs.o ABSOLUTE
    _printf_x                                0x00000000   Number         0  stubs.o ABSOLUTE
    __arm_fini_                               - Undefined Weak Reference
    __cpp_initialize__aeabi_                  - Undefined Weak Reference
    __cxa_finalize                            - Undefined Weak Reference
    __decompress                              - Undefined Weak Reference
    _clock_init                               - Undefined Weak Reference
    _microlib_exit                            - Undefined Weak Reference
    __Vectors_Size                           0x000000ec   Number         0  startup_stm32f10x_md.o ABSOLUTE
    __Vectors                                0x08000000   Data           4  startup_stm32f10x_md.o(RESET)
    __Vectors_End                            0x080000ec   Data           0  startup_stm32f10x_md.o(RESET)
    __main                                   0x080000ed   Thumb Code     0  entry.o(.ARM.Collect$$$$00000000)
    _main_stk                                0x080000ed   Thumb Code     0  entry2.o(.ARM.Collect$$$$00000001)
    _main_scatterload                        0x080000f1   Thumb Code     0  entry5.o(.ARM.Collect$$$$00000004)
    __main_after_scatterload                 0x080000f5   Thumb Code     0  entry5.o(.ARM.Collect$$$$00000004)
    _main_clock                              0x080000f5   Thumb Code     0  entry7b.o(.ARM.Collect$$$$00000008)
    _main_cpp_init                           0x080000f5   Thumb Code     0  entry8b.o(.ARM.Collect$$$$0000000A)
    _main_init                               0x080000f5   Thumb Code     0  entry9a.o(.ARM.Collect$$$$0000000B)
    __rt_lib_shutdown_fini                   0x080000fd   Thumb Code     0  entry12b.o(.ARM.Collect$$$$0000000E)
    __rt_final_cpp                           0x08000101   Thumb Code     0  entry10a.o(.ARM.Collect$$$$0000000F)
    __rt_final_exit                          0x08000101   Thumb Code     0  entry11a.o(.ARM.Collect$$$$00000011)
    Reset_Handler                            0x08000105   Thumb Code     8  startup_stm32f10x_md.o(.text)
    NMI_Handler                              0x0800010d   Thumb Code     2  startup_stm32f10x_md.o(.text)
    HardFault_Handler                        0x0800010f   Thumb Code     2  startup_stm32f10x_md.o(.text)
    MemManage_Handler                        0x08000111   Thumb Code     2  startup_stm32f10x_md.o(.text)
    BusFault_Handler                         0x08000113   Thumb Code     2  startup_stm32f10x_md.o(.text)
    UsageFault_Handler                       0x08000115   Thumb Code     2  startup_stm32f10x_md.o(.text)
    SVC_Handler                              0x08000117   Thumb Code     2  startup_stm32f10x_md.o(.text)
    DebugMon_Handler                         0x08000119   Thumb Code     2  startup_stm32f10x_md.o(.text)
    PendSV_Handler                           0x0800011b   Thumb Code     2  startup_stm32f10x_md.o(.text)
    CAN1_RX1_IRQHandler                      0x0800011f   Thumb Code     0  startup_stm32f10x_md.o(.text)
    CAN1_SCE_IRQHandler                      0x0800011f   Thumb Code     0  startup_stm32f10x_md.o(.text)
    DMA1_Channel1_IRQHandler                 0x0800011f   Thumb Code     0  startup_stm32f10x_md.o(.text)
    DMA1_Channel2_IRQHandler                 0x0800011f   Thumb Code     0  startup_stm32f10x_md.o(.text)
    DMA1_Channel3_IRQHandler                 0x0800011f   Thumb Code     0  startup_stm32f10x_md.o(.text)
    DMA1_Channel4_IRQHandler                 0x0800011f   Thumb Code     0  startup_stm32f10x_md.o(.text)
    DMA1_Channel5_IRQHandler                 0x0800011f   Thumb Code     0  startup_stm32f10x_md.o(.text)
    DMA1_Channel6_IRQHandler                 0x0800011f   Thumb Code     0  startup_stm32f10x_md.o(.text)
    DMA1_Channel7_IRQHandler                 0x0800011f   Thumb Code     0  startup_stm32f10x_md.o(.text)
    EXTI0_IRQHandler                         0x0800011f   Thumb Code     0  startup_stm32f10x_md.o(.text)
    EXTI15_10_IRQHandler                     0x0800011f   Thumb Code     0  startup_stm32f10x_md.o(.text)
    EXTI1_IRQHandler                         0x0800011f   Thumb Code     0  startup_stm32f10x_md.o(.text)
    EXTI2_IRQHandler                         0x0800011f   Thumb Code     0  startup_stm32f10x_md.o(.text)
    EXTI3_IRQHandler                         0x0800011f   Thumb Code     0  startup_stm32f10x_md.o(.text)
    EXTI4_IRQHandler                         0x0800011f   Thumb Code     0  startup_stm32f10x_md.o(.text)
    FLASH_IRQHandler                         0x0800011f   Thumb Code     0  startup_stm32f10x_md.o(.text)
    I2C1_ER_IRQHandler                       0x0800011f   Thumb Code     0  startup_stm32f10x_md.o(.text)
    I2C1_EV_IRQHandler                       0x0800011f   Thumb Code     0  startup_stm32f10x_md.o(.text)
    I2C2_ER_IRQHandler                       0x0800011f   Thumb Code     0  startup_stm32f10x_md.o(.text)
    I2C2_EV_IRQHandler                       0x0800011f   Thumb Code     0  startup_stm32f10x_md.o(.text)
    PVD_IRQHandler                           0x0800011f   Thumb Code     0  startup_stm32f10x_md.o(.text)
    RCC_IRQHandler                           0x0800011f   Thumb Code     0  startup_stm32f10x_md.o(.text)
    RTCAlarm_IRQHandler                      0x0800011f   Thumb Code     0  startup_stm32f10x_md.o(.text)
    RTC_IRQHandler                           0x0800011f   Thumb Code     0  startup_stm32f10x_md.o(.text)
    SPI1_IRQHandler                          0x0800011f   Thumb Code     0  startup_stm32f10x_md.o(.text)
    SPI2_IRQHandler                          0x0800011f   Thumb Code     0  startup_stm32f10x_md.o(.text)
    TAMPER_IRQHandler                        0x0800011f   Thumb Code     0  startup_stm32f10x_md.o(.text)
    TIM1_BRK_IRQHandler                      0x0800011f   Thumb Code     0  startup_stm32f10x_md.o(.text)
    TIM1_CC_IRQHandler                       0x0800011f   Thumb Code     0  startup_stm32f10x_md.o(.text)
    TIM1_TRG_COM_IRQHandler                  0x0800011f   Thumb Code     0  startup_stm32f10x_md.o(.text)
    USART2_IRQHandler                        0x0800011f   Thumb Code     0  startup_stm32f10x_md.o(.text)
    USART3_IRQHandler                        0x0800011f   Thumb Code     0  startup_stm32f10x_md.o(.text)
    USBWakeUp_IRQHandler                     0x0800011f   Thumb Code     0  startup_stm32f10x_md.o(.text)
    USB_HP_CAN1_TX_IRQHandler                0x0800011f   Thumb Code     0  startup_stm32f10x_md.o(.text)
    USB_LP_CAN1_RX0_IRQHandler               0x0800011f   Thumb Code     0  startup_stm32f10x_md.o(.text)
    WWDG_IRQHandler                          0x0800011f   Thumb Code     0  startup_stm32f10x_md.o(.text)
    __aeabi_memcpy                           0x08000129   Thumb Code    36  memcpya.o(.text)
    __aeabi_memcpy4                          0x08000129   Thumb Code     0  memcpya.o(.text)
    __aeabi_memcpy8                          0x08000129   Thumb Code     0  memcpya.o(.text)
    strcat                                   0x0800014d   Thumb Code    24  strcat.o(.text)
    strlen                                   0x08000165   Thumb Code    14  strlen.o(.text)
    __aeabi_dmul                             0x08000173   Thumb Code   228  dmul.o(.text)
    __aeabi_i2d                              0x08000257   Thumb Code    34  dflti.o(.text)
    __aeabi_cdrcmple                         0x08000279   Thumb Code    48  cdrcmple.o(.text)
    __aeabi_uidiv                            0x080002a9   Thumb Code     0  uidiv.o(.text)
    __aeabi_uidivmod                         0x080002a9   Thumb Code    44  uidiv.o(.text)
    __I$use$fp                               0x080002d5   Thumb Code     0  iusefp.o(.text)
    _double_round                            0x080002d5   Thumb Code    30  depilogue.o(.text)
    _double_epilogue                         0x080002f3   Thumb Code   156  depilogue.o(.text)
    __scatterload                            0x08000391   Thumb Code    28  init.o(.text)
    __scatterload_rt2                        0x08000391   Thumb Code     0  init.o(.text)
    __aeabi_llsl                             0x080003b5   Thumb Code    30  llshl.o(.text)
    _ll_shift_l                              0x080003b5   Thumb Code     0  llshl.o(.text)
    __aeabi_llsr                             0x080003d3   Thumb Code    32  llushr.o(.text)
    _ll_ushift_r                             0x080003d3   Thumb Code     0  llushr.o(.text)
    ADC1_2_IRQHandler                        0x080003f5   Thumb Code    28  adc.o(i.ADC1_2_IRQHandler)
    Cycle_PWM                                0x08000419   Thumb Code    68  timer.o(i.Cycle_PWM)
    EXTI9_5_IRQHandler                       0x08000461   Thumb Code    20  girouette.o(i.EXTI9_5_IRQHandler)
    MyGPIO_Init                              0x0800047d   Thumb Code   252  driver_gpio.o(i.MyGPIO_Init)
    MyGPIO_Reset                             0x0800058d   Thumb Code    12  driver_gpio.o(i.MyGPIO_Reset)
    MyGPIO_Set                               0x08000599   Thumb Code    12  driver_gpio.o(i.MyGPIO_Set)
    MySPI_Clear_NSS                          0x080005a5   Thumb Code    30  myspi.o(i.MySPI_Clear_NSS)
    MySPI_Read                               0x080005d5   Thumb Code    70  myspi.o(i.MySPI_Read)
    MySPI_Send                               0x08000629   Thumb Code    68  myspi.o(i.MySPI_Send)
    MySPI_Set_NSS                            0x08000679   Thumb Code    28  myspi.o(i.MySPI_Set_NSS)
    MyTimer_Base_Init                        0x080006a5   Thumb Code   106  timer.o(i.MyTimer_Base_Init)
    MyTimer_PWM                              0x08000721   Thumb Code   120  timer.o(i.MyTimer_PWM)
    SysTick_Handler                          0x08000881   Thumb Code    10  systick.o(i.SysTick_Handler)
    SystemInit                               0x08000891   Thumb Code    78  system_stm32f10x.o(i.SystemInit)
    Systick_ActiveIT                         0x080008f1   Thumb Code     6  systick.o(i.Systick_ActiveIT)
    TIM1_UP_IRQHandler                       0x080008fd   Thumb Code    22  timer.o(i.TIM1_UP_IRQHandler)
    TIM2_IRQHandler                          0x0800091d   Thumb Code    26  timer.o(i.TIM2_IRQHandler)
    TIM3_IRQHandler                          0x0800093d   Thumb Code    22  timer.o(i.TIM3_IRQHandler)
    TIM4_IRQHandler                          0x0800095d   Thumb Code    22  timer.o(i.TIM4_IRQHandler)
    USART1_IRQHandler                        0x0800097d   Thumb Code    10  usart.o(i.USART1_IRQHandler)
    VoileGetAllure                           0x08000991   Thumb Code   148  gestionvoile.o(i.VoileGetAllure)
    __0sprintf$1                             0x08000a8d   Thumb Code    34  printf1.o(i.__0sprintf$1)
    __1sprintf$1                             0x08000a8d   Thumb Code     0  printf1.o(i.__0sprintf$1)
    __2sprintf                               0x08000a8d   Thumb Code     0  printf1.o(i.__0sprintf$1)
    __scatterload_copy                       0x08000ab5   Thumb Code    14  handlers.o(i.__scatterload_copy)
    __scatterload_null                       0x08000ac3   Thumb Code     2  handlers.o(i.__scatterload_null)
    __scatterload_zeroinit                   0x08000ac5   Thumb Code    14  handlers.o(i.__scatterload_zeroinit)
    accelero_convert                         0x08000c35   Thumb Code   130  accelero.o(i.accelero_convert)
    check_roulis                             0x08000cf1   Thumb Code    38  accelero.o(i.check_roulis)
    getAngle                                 0x08000d25   Thumb Code    14  gestionvoile.o(i.getAngle)
    girouette_init                           0x08000d39   Thumb Code   280  girouette.o(i.girouette_init)
    initGestionPlateau                       0x08000e65   Thumb Code    20  gestion-plateau.o(i.initGestionPlateau)
    initGestionVoile                         0x08000e7d   Thumb Code    88  gestionvoile.o(i.initGestionVoile)
    initPlateau                              0x08000ef1   Thumb Code   106  rotation-plateau.o(i.initPlateau)
    initServo                                0x08000f6d   Thumb Code    78  pilotage-servomoteur.o(i.initServo)
    lecture_data_accelero                    0x08000fcd   Thumb Code    74  accelero.o(i.lecture_data_accelero)
    main                                     0x08001035   Thumb Code    52  control.o(i.main)
    receptionDonnees                         0x0800106d   Thumb Code    56  gestion-plateau.o(i.receptionDonnees)
    systick_Init                             0x080010ad   Thumb Code   144  systick.o(i.systick_Init)
    systick_fun                              0x08001149   Thumb Code   156  control.o(i.systick_fun)
    tourneDroite                             0x08001225   Thumb Code    32  rotation-plateau.o(i.tourneDroite)
    tourneGauche                             0x08001249   Thumb Code    32  rotation-plateau.o(i.tourneGauche)
    usart_1_configure_IT                     0x0800126d   Thumb Code    94  usart.o(i.usart_1_configure_IT)
    usart_1_send                             0x080012dd   Thumb Code    28  usart.o(i.usart_1_send)
    usart_1_send_string                      0x080012fd   Thumb Code    44  usart.o(i.usart_1_send_string)
    usart_configure_1_9600bps                0x0800132d   Thumb Code   136  usart.o(i.usart_configure_1_9600bps)
    usart_getValue                           0x080013c9   Thumb Code     6  usart.o(i.usart_getValue)
    voilegestion                             0x080013d5   Thumb Code   110  gestionvoile.o(i.voilegestion)
    Region$$Table$$Base                      0x08001450   Number         0  anon$$obj.o(Region$$Table)
    Region$$Table$$Limit                     0x08001470   Number         0  anon$$obj.o(Region$$Table)
    regcr                                    0x20000004   Data           4  driver_gpio.o(.data)
    ptr1                                     0x20000008   Data           4  timer.o(.data)
    ptr2                                     0x2000000c   Data           4  timer.o(.data)
    ptr3                                     0x20000010   Data           4  timer.o(.data)
    ptr4                                     0x20000014   Data           4  timer.o(.data)
    Tim_cycle_pwm                            0x20000018   Data           4  timer.o(.data)
    usart_index                              0x20000020   Data           4  usart.o(.data)
    usart_ptr                                0x20000024   Data           4  usart.o(.data)
    Usart_gpio_tx                            0x20000028   Data           8  usart.o(.data)
    Usart_gpio_rx                            0x20000030   Data           8  usart.o(.data)
    Usart_tim4                               0x20000038   Data           8  usart.o(.data)
    usart_buffer_index                       0x20000040   Data           4  usart.o(.data)
    compteursystick                          0x20000044   Data           4  systick.o(.data)
    handler_systick_ptr                      0x20000048   Data           4  systick.o(.data)
    g_p_c                                    0x2000004c   Data           1  gestion-plateau.o(.data)
    g_p_i                                    0x20000050   Data           4  gestion-plateau.o(.data)
    Servo_Struct_Gpio_PWM                    0x20000054   Data           8  pilotage-servomoteur.o(.data)
    Servo_Struct_TIM                         0x2000005c   Data           8  pilotage-servomoteur.o(.data)
    Rot_Struct_Gpio_PWM                      0x20000064   Data           8  rotation-plateau.o(.data)
    Rot_Struct_Gpio_Sens                     0x2000006c   Data           8  rotation-plateau.o(.data)
    Rot_Struct_TIM                           0x20000074   Data           8  rotation-plateau.o(.data)
    VoileCyclePwm                            0x2000007c   Data           4  gestionvoile.o(.data)
    Voile_MonTimer1                          0x20000080   Data           8  gestionvoile.o(.data)
    MyGPIOA6                                 0x20000088   Data           8  gestionvoile.o(.data)
    MyGPIOA7                                 0x20000090   Data           8  gestionvoile.o(.data)
    MyGPIOC8                                 0x20000098   Data           8  gestionvoile.o(.data)
    currentVoileAngle                        0x200000a0   Data           4  gestionvoile.o(.data)
    spi_GPIO_struct                          0x200000a8   Data           8  accelero.o(.data)
    datax1                                   0x200000b0   Data           1  accelero.o(.data)
    datax2                                   0x200000b1   Data           1  accelero.o(.data)
    datay1                                   0x200000b2   Data           1  accelero.o(.data)
    datay2                                   0x200000b3   Data           1  accelero.o(.data)
    dataz1                                   0x200000b4   Data           1  accelero.o(.data)
    dataz2                                   0x200000b5   Data           1  accelero.o(.data)
    s_i_x                                    0x200000b6   Data           2  accelero.o(.data)
    s_i_y                                    0x200000b8   Data           2  accelero.o(.data)
    s_i_z                                    0x200000ba   Data           2  accelero.o(.data)
    gx                                       0x200000c0   Data           8  accelero.o(.data)
    gy                                       0x200000c8   Data           8  accelero.o(.data)
    gz                                       0x200000d0   Data           8  accelero.o(.data)
    spi_byte                                 0x200000d8   Data           1  accelero.o(.data)
    ActiveSPI                                0x200000dc   Data           4  myspi.o(.data)
    __initial_sp                             0x200004e0   Data           0  startup_stm32f10x_md.o(STACK)



==============================================================================

Memory Map of the image

  Image Entry point : 0x08000105

  Load Region LR_1 (Base: 0x08000000, Size: 0x00001550, Max: 0xffffffff, ABSOLUTE)

    Execution Region ER_RO (Exec base: 0x08000000, Load base: 0x08000000, Size: 0x00001470, Max: 0xffffffff, ABSOLUTE)

    Exec Addr    Load Addr    Size         Type   Attr      Idx    E Section Name        Object

    0x08000000   0x08000000   0x000000ec   Data   RO          692    RESET               startup_stm32f10x_md.o
    0x080000ec   0x080000ec   0x00000000   Code   RO          760  * .ARM.Collect$$$$00000000  mc_w.l(entry.o)
    0x080000ec   0x080000ec   0x00000004   Code   RO         1038    .ARM.Collect$$$$00000001  mc_w.l(entry2.o)
    0x080000f0   0x080000f0   0x00000004   Code   RO         1041    .ARM.Collect$$$$00000004  mc_w.l(entry5.o)
    0x080000f4   0x080000f4   0x00000000   Code   RO         1043    .ARM.Collect$$$$00000008  mc_w.l(entry7b.o)
    0x080000f4   0x080000f4   0x00000000   Code   RO         1045    .ARM.Collect$$$$0000000A  mc_w.l(entry8b.o)
    0x080000f4   0x080000f4   0x00000008   Code   RO         1046    .ARM.Collect$$$$0000000B  mc_w.l(entry9a.o)
    0x080000fc   0x080000fc   0x00000004   Code   RO         1053    .ARM.Collect$$$$0000000E  mc_w.l(entry12b.o)
    0x08000100   0x08000100   0x00000000   Code   RO         1048    .ARM.Collect$$$$0000000F  mc_w.l(entry10a.o)
    0x08000100   0x08000100   0x00000000   Code   RO         1050    .ARM.Collect$$$$00000011  mc_w.l(entry11a.o)
    0x08000100   0x08000100   0x00000004   Code   RO         1039    .ARM.Collect$$$$00002712  mc_w.l(entry2.o)
    0x08000104   0x08000104   0x00000024   Code   RO          693  * .text               startup_stm32f10x_md.o
    0x08000128   0x08000128   0x00000024   Code   RO          763    .text               mc_w.l(memcpya.o)
    0x0800014c   0x0800014c   0x00000018   Code   RO          765    .text               mc_w.l(strcat.o)
    0x08000164   0x08000164   0x0000000e   Code   RO          767    .text               mc_w.l(strlen.o)
    0x08000172   0x08000172   0x000000e4   Code   RO         1032    .text               mf_w.l(dmul.o)
    0x08000256   0x08000256   0x00000022   Code   RO         1034    .text               mf_w.l(dflti.o)
    0x08000278   0x08000278   0x00000030   Code   RO         1036    .text               mf_w.l(cdrcmple.o)
    0x080002a8   0x080002a8   0x0000002c   Code   RO         1057    .text               mc_w.l(uidiv.o)
    0x080002d4   0x080002d4   0x00000000   Code   RO         1061    .text               mc_w.l(iusefp.o)
    0x080002d4   0x080002d4   0x000000ba   Code   RO         1062    .text               mf_w.l(depilogue.o)
    0x0800038e   0x0800038e   0x00000002   PAD
    0x08000390   0x08000390   0x00000024   Code   RO         1070    .text               mc_w.l(init.o)
    0x080003b4   0x080003b4   0x0000001e   Code   RO         1073    .text               mc_w.l(llshl.o)
    0x080003d2   0x080003d2   0x00000020   Code   RO         1075    .text               mc_w.l(llushr.o)
    0x080003f2   0x080003f2   0x00000002   PAD
    0x080003f4   0x080003f4   0x00000024   Code   RO          104    i.ADC1_2_IRQHandler  adc.o
    0x08000418   0x08000418   0x00000048   Code   RO          248    i.Cycle_PWM         timer.o
    0x08000460   0x08000460   0x0000001c   Code   RO          218    i.EXTI9_5_IRQHandler  girouette.o
    0x0800047c   0x0800047c   0x00000110   Code   RO          167    i.MyGPIO_Init       driver_gpio.o
    0x0800058c   0x0800058c   0x0000000c   Code   RO          169    i.MyGPIO_Reset      driver_gpio.o
    0x08000598   0x08000598   0x0000000c   Code   RO          170    i.MyGPIO_Set        driver_gpio.o
    0x080005a4   0x080005a4   0x00000030   Code   RO          746    i.MySPI_Clear_NSS   Lib_Com_Periph_2022.lib(myspi.o)
    0x080005d4   0x080005d4   0x00000054   Code   RO          748    i.MySPI_Read        Lib_Com_Periph_2022.lib(myspi.o)
    0x08000628   0x08000628   0x00000050   Code   RO          749    i.MySPI_Send        Lib_Com_Periph_2022.lib(myspi.o)
    0x08000678   0x08000678   0x0000002c   Code   RO          750    i.MySPI_Set_NSS     Lib_Com_Periph_2022.lib(myspi.o)
    0x080006a4   0x080006a4   0x0000007c   Code   RO          250    i.MyTimer_Base_Init  timer.o
    0x08000720   0x08000720   0x00000078   Code   RO          251    i.MyTimer_PWM       timer.o
    0x08000798   0x08000798   0x00000008   Code   RO          700    i.SetSysClock       system_stm32f10x.o
    0x080007a0   0x080007a0   0x000000e0   Code   RO          701    i.SetSysClockTo72   system_stm32f10x.o
    0x08000880   0x08000880   0x00000010   Code   RO          398    i.SysTick_Handler   systick.o
    0x08000890   0x08000890   0x00000060   Code   RO          703    i.SystemInit        system_stm32f10x.o
    0x080008f0   0x080008f0   0x0000000c   Code   RO          399    i.Systick_ActiveIT  systick.o
    0x080008fc   0x080008fc   0x00000020   Code   RO          252    i.TIM1_UP_IRQHandler  timer.o
    0x0800091c   0x0800091c   0x00000020   Code   RO          253    i.TIM2_IRQHandler   timer.o
    0x0800093c   0x0800093c   0x00000020   Code   RO          254    i.TIM3_IRQHandler   timer.o
    0x0800095c   0x0800095c   0x00000020   Code   RO          255    i.TIM4_IRQHandler   timer.o
    0x0800097c   0x0800097c   0x00000014   Code   RO          334    i.USART1_IRQHandler  usart.o
    0x08000990   0x08000990   0x000000fc   Code   RO          578    i.VoileGetAllure    gestionvoile.o
    0x08000a8c   0x08000a8c   0x00000028   Code   RO          818    i.__0sprintf$1      mc_w.l(printf1.o)
    0x08000ab4   0x08000ab4   0x0000000e   Code   RO         1082    i.__scatterload_copy  mc_w.l(handlers.o)
    0x08000ac2   0x08000ac2   0x00000002   Code   RO         1083    i.__scatterload_null  mc_w.l(handlers.o)
    0x08000ac4   0x08000ac4   0x0000000e   Code   RO         1084    i.__scatterload_zeroinit  mc_w.l(handlers.o)
    0x08000ad2   0x08000ad2   0x00000002   PAD
    0x08000ad4   0x08000ad4   0x00000154   Code   RO          823    i._printf_core      mc_w.l(printf1.o)
    0x08000c28   0x08000c28   0x0000000a   Code   RO          825    i._sputc            mc_w.l(printf1.o)
    0x08000c32   0x08000c32   0x00000002   PAD
    0x08000c34   0x08000c34   0x000000bc   Code   RO          648    i.accelero_convert  accelero.o
    0x08000cf0   0x08000cf0   0x00000034   Code   RO          649    i.check_roulis      accelero.o
    0x08000d24   0x08000d24   0x00000014   Code   RO          579    i.getAngle          gestionvoile.o
    0x08000d38   0x08000d38   0x0000012c   Code   RO          219    i.girouette_init    girouette.o
    0x08000e64   0x08000e64   0x00000018   Code   RO          437    i.initGestionPlateau  gestion-plateau.o
    0x08000e7c   0x08000e7c   0x00000074   Code   RO          580    i.initGestionVoile  gestionvoile.o
    0x08000ef0   0x08000ef0   0x0000007c   Code   RO          539    i.initPlateau       rotation-plateau.o
    0x08000f6c   0x08000f6c   0x00000060   Code   RO          512    i.initServo         pilotage-servomoteur.o
    0x08000fcc   0x08000fcc   0x00000068   Code   RO          650    i.lecture_data_accelero  accelero.o
    0x08001034   0x08001034   0x00000038   Code   RO            4    i.main              control.o
    0x0800106c   0x0800106c   0x00000040   Code   RO          438    i.receptionDonnees  gestion-plateau.o
    0x080010ac   0x080010ac   0x0000009c   Code   RO          400    i.systick_Init      systick.o
    0x08001148   0x08001148   0x000000dc   Code   RO            5    i.systick_fun       control.o
    0x08001224   0x08001224   0x00000024   Code   RO          540    i.tourneDroite      rotation-plateau.o
    0x08001248   0x08001248   0x00000024   Code   RO          541    i.tourneGauche      rotation-plateau.o
    0x0800126c   0x0800126c   0x00000070   Code   RO          336    i.usart_1_configure_IT  usart.o
    0x080012dc   0x080012dc   0x00000020   Code   RO          337    i.usart_1_send      usart.o
    0x080012fc   0x080012fc   0x00000030   Code   RO          338    i.usart_1_send_string  usart.o
    0x0800132c   0x0800132c   0x0000009c   Code   RO          339    i.usart_configure_1_9600bps  usart.o
    0x080013c8   0x080013c8   0x0000000c   Code   RO          340    i.usart_getValue    usart.o
    0x080013d4   0x080013d4   0x0000007c   Code   RO          581    i.voilegestion      gestionvoile.o
    0x08001450   0x08001450   0x00000020   Data   RO         1080    Region$$Table       anon$$obj.o


    Execution Region ER_RW (Exec base: 0x20000000, Load base: 0x08001470, Size: 0x000000e0, Max: 0xffffffff, ABSOLUTE)

    Exec Addr    Load Addr    Size         Type   Attr      Idx    E Section Name        Object

    0x20000000   0x08001470   0x00000004   Data   RW          110    .data               adc.o
    0x20000004   0x08001474   0x00000004   Data   RW          172    .data               driver_gpio.o
    0x20000008   0x08001478   0x00000014   Data   RW          258    .data               timer.o
    0x2000001c   0x0800148c   0x00000028   Data   RW          342    .data               usart.o
    0x20000044   0x080014b4   0x00000008   Data   RW          401    .data               systick.o
    0x2000004c   0x080014bc   0x00000008   Data   RW          439    .data               gestion-plateau.o
    0x20000054   0x080014c4   0x00000010   Data   RW          513    .data               pilotage-servomoteur.o
    0x20000064   0x080014d4   0x00000018   Data   RW          542    .data               rotation-plateau.o
    0x2000007c   0x080014ec   0x00000028   Data   RW          582    .data               gestionvoile.o
    0x200000a4   0x08001514   0x00000004   PAD
    0x200000a8   0x08001518   0x00000031   Data   RW          652    .data               accelero.o
    0x200000d9   0x08001549   0x00000003   PAD
    0x200000dc   0x0800154c   0x00000004   Data   RW          751    .data               Lib_Com_Periph_2022.lib(myspi.o)


    Execution Region ER_ZI (Exec base: 0x200000e0, Load base: 0x08001550, Size: 0x00000400, Max: 0xffffffff, ABSOLUTE)

    Exec Addr    Load Addr    Size         Type   Attr      Idx    E Section Name        Object

    0x200000e0        -       0x00000400   Zero   RW          690    STACK               startup_stm32f10x_md.o


==============================================================================

Image component sizes


      Code (inc. data)   RO Data    RW Data    ZI Data      Debug   Object Name

       344        102          0         49          0       2002   accelero.o
        36          8          0          4          0      25351   adc.o
       276         68          0          0          0     208577   control.o
       296         20          0          4          0       2246   driver_gpio.o
        88         12          0          8          0       1186   gestion-plateau.o
       512        152          0         40          0       2439   gestionvoile.o
       328         28          0          0          0       1210   girouette.o
         0          0          0          0          0        564   mesure-roulis.o
        96         18          0         16          0        789   pilotage-servomoteur.o
       196         26          0         24          0       1858   rotation-plateau.o
        36          8        236          0       1024        808   startup_stm32f10x_md.o
       328         28          0          0          0       1965   system_stm32f10x.o
       184         24          0          8          0       2386   systick.o
       444         58          0         20          0       4621   timer.o
       380         62          0         40          0       4116   usart.o

    ----------------------------------------------------------------------
      3544        614        268        220       1024     260118   Object Totals
         0          0         32          0          0          0   (incl. Generated)
         0          0          0          7          0          0   (incl. Padding)

    ----------------------------------------------------------------------

      Code (inc. data)   RO Data    RW Data    ZI Data      Debug   Library Member Name

       256         60          0          4          0        272   myspi.o
         0          0          0          0          0          0   entry.o
         0          0          0          0          0          0   entry10a.o
         0          0          0          0          0          0   entry11a.o
         4          0          0          0          0          0   entry12b.o
         8          4          0          0          0          0   entry2.o
         4          0          0          0          0          0   entry5.o
         0          0          0          0          0          0   entry7b.o
         0          0          0          0          0          0   entry8b.o
         8          4          0          0          0          0   entry9a.o
        30          0          0          0          0          0   handlers.o
        36          8          0          0          0         68   init.o
         0          0          0          0          0          0   iusefp.o
        30          0          0          0          0         68   llshl.o
        32          0          0          0          0         68   llushr.o
        36          0          0          0          0         68   memcpya.o
       390         10          0          0          0        252   printf1.o
        24          0          0          0          0         68   strcat.o
        14          0          0          0          0         68   strlen.o
        44          0          0          0          0         80   uidiv.o
        48          0          0          0          0         68   cdrcmple.o
       186          0          0          0          0        176   depilogue.o
        34          0          0          0          0         76   dflti.o
       228          0          0          0          0         96   dmul.o

    ----------------------------------------------------------------------
      1420         86          0          4          0       1428   Library Totals
         8          0          0          0          0          0   (incl. Padding)

    ----------------------------------------------------------------------

      Code (inc. data)   RO Data    RW Data    ZI Data      Debug   Library Name

       256         60          0          4          0        272   Lib_Com_Periph_2022.lib
       660         26          0          0          0        740   mc_w.l
       496          0          0          0          0        416   mf_w.l

    ----------------------------------------------------------------------
      1420         86          0          4          0       1428   Library Totals

    ----------------------------------------------------------------------

==============================================================================


      Code (inc. data)   RO Data    RW Data    ZI Data      Debug   

      4964        700        268        224       1024     258994   Grand Totals
      4964        700        268        224       1024     258994   ELF Image Totals
      4964        700        268        224          0          0   ROM Totals

==============================================================================

    Total RO  Size (Code + RO Data)                 5232 (   5.11kB)
    Total RW  Size (RW Data + ZI Data)              1248 (   1.22kB)
    Total ROM Size (Code + RO Data + RW Data)       5456 (   5.33kB)

==============================================================================

