Component: ARM Compiler 5.06 update 7 (build 960) Tool: armlink [4d3601]

==============================================================================

Section Cross References

    control.o(i.main) refers to gestion-plateau.o(i.initGestionPlateau) for initGestionPlateau
    control.o(i.main) refers to gestionvoile.o(i.initGestionVoile) for initGestionVoile
    gestion-plateau.o(i.initGestionPlateau) refers to usart.o(i.usart_configure_1_9600bps) for usart_configure_1_9600bps
    gestion-plateau.o(i.initGestionPlateau) refers to usart.o(i.usart_1_configure_IT) for usart_1_configure_IT
    gestion-plateau.o(i.initGestionPlateau) refers to rotation-plateau.o(i.initPlateau) for initPlateau
    gestion-plateau.o(i.initGestionPlateau) refers to gestion-plateau.o(i.receptionDonnees) for receptionDonnees
    gestion-plateau.o(i.receptionDonnees) refers to usart.o(i.usart_getValue) for usart_getValue
    gestion-plateau.o(i.receptionDonnees) refers to rotation-plateau.o(i.tourneDroite) for tourneDroite
    gestion-plateau.o(i.receptionDonnees) refers to rotation-plateau.o(i.tourneGauche) for tourneGauche
    gestion-plateau.o(i.receptionDonnees) refers to gestion-plateau.o(.data) for g_p_c
    pilotage-servomoteur.o(i.initServo) refers to driver_gpio.o(i.MyGPIO_Init) for MyGPIO_Init
    pilotage-servomoteur.o(i.initServo) refers to timer.o(i.MyTimer_Base_Init) for MyTimer_Base_Init
    pilotage-servomoteur.o(i.initServo) refers to timer.o(i.MyTimer_PWM) for MyTimer_PWM
    pilotage-servomoteur.o(i.initServo) refers to timer.o(i.Cycle_PWM) for Cycle_PWM
    pilotage-servomoteur.o(i.initServo) refers to pilotage-servomoteur.o(.data) for Servo_Struct_Gpio_PWM
    rotation-plateau.o(i.initPlateau) refers to driver_gpio.o(i.MyGPIO_Init) for MyGPIO_Init
    rotation-plateau.o(i.initPlateau) refers to timer.o(i.MyTimer_Base_Init) for MyTimer_Base_Init
    rotation-plateau.o(i.initPlateau) refers to timer.o(i.MyTimer_PWM) for MyTimer_PWM
    rotation-plateau.o(i.initPlateau) refers to timer.o(i.Cycle_PWM) for Cycle_PWM
    rotation-plateau.o(i.initPlateau) refers to rotation-plateau.o(.data) for Rot_Struct_Gpio_PWM
    rotation-plateau.o(i.tourneDroite) refers to timer.o(i.Cycle_PWM) for Cycle_PWM
    rotation-plateau.o(i.tourneGauche) refers to timer.o(i.Cycle_PWM) for Cycle_PWM
    gestionvoile.o(i.initGestionVoile) refers to driver_gpio.o(i.MyGPIO_Init) for MyGPIO_Init
    gestionvoile.o(i.initGestionVoile) refers to girouette.o(i.girouette_init) for girouette_init
    gestionvoile.o(i.initGestionVoile) refers to timer.o(i.MyTimer_ActiveIT) for MyTimer_ActiveIT
    gestionvoile.o(i.initGestionVoile) refers to gestionvoile.o(.data) for Voile_MonTimer1
    gestionvoile.o(i.initGestionVoile) refers to gestionvoile.o(i.voileHandler) for voileHandler
    gestionvoile.o(i.initGestionVoile) refers to rotation-plateau.o(.data) for Rot_Struct_TIM
    gestionvoile.o(i.voileHandler) refers to gestionvoile.o(i.getAngle) for getAngle
    gestionvoile.o(i.voileHandler) refers to timer.o(i.Cycle_PWM) for Cycle_PWM
    gestionvoile.o(i.voileHandler) refers to gestionvoile.o(.data) for currentVoileAngle
    driver_gpio.o(i.MyGPIO_Init) refers to driver_gpio.o(i.MyGPIO_Reset) for MyGPIO_Reset
    driver_gpio.o(i.MyGPIO_Init) refers to driver_gpio.o(i.MyGPIO_Set) for MyGPIO_Set
    driver_gpio.o(i.MyGPIO_Init) refers to driver_gpio.o(.data) for regcr
    timer.o(i.MyTimer_ActiveIT) refers to timer.o(i.__NVIC_EnableIRQ) for __NVIC_EnableIRQ
    timer.o(i.MyTimer_ActiveIT) refers to timer.o(i.__NVIC_SetPriority) for __NVIC_SetPriority
    timer.o(i.MyTimer_ActiveIT) refers to timer.o(.data) for ptr2
    timer.o(i.TIM1_UP_IRQHandler) refers to timer.o(.data) for ptr1
    timer.o(i.TIM2_IRQHandler) refers to timer.o(.data) for ptr2
    timer.o(i.TIM3_IRQHandler) refers to timer.o(.data) for ptr3
    timer.o(i.TIM4_IRQHandler) refers to timer.o(.data) for ptr4
    usart.o(i.USART1_IRQHandler) refers to usart.o(.data) for Data
    usart.o(i.usart_1_configure_IT) refers to usart.o(.data) for usart_ptr
    usart.o(i.usart_configure_1_9600bps) refers to driver_gpio.o(i.MyGPIO_Init) for MyGPIO_Init
    usart.o(i.usart_configure_1_9600bps) refers to usart.o(.data) for Usart_gpio_tx
    usart.o(i.usart_getValue) refers to usart.o(.data) for Data
    girouette.o(i.girouette_init) refers to timer.o(i.MyTimer_Base_Init) for MyTimer_Base_Init
    adc.o(i.ADC1_2_IRQHandler) refers to adc.o(.data) for valeur_ADC
    adc.o(i.get_adcValue) refers to adc.o(.data) for valeur_ADC
    startup_stm32f10x_md.o(RESET) refers to startup_stm32f10x_md.o(STACK) for __initial_sp
    startup_stm32f10x_md.o(RESET) refers to startup_stm32f10x_md.o(.text) for Reset_Handler
    startup_stm32f10x_md.o(RESET) refers to adc.o(i.ADC1_2_IRQHandler) for ADC1_2_IRQHandler
    startup_stm32f10x_md.o(RESET) refers to girouette.o(i.EXTI9_5_IRQHandler) for EXTI9_5_IRQHandler
    startup_stm32f10x_md.o(RESET) refers to timer.o(i.TIM1_UP_IRQHandler) for TIM1_UP_IRQHandler
    startup_stm32f10x_md.o(RESET) refers to timer.o(i.TIM2_IRQHandler) for TIM2_IRQHandler
    startup_stm32f10x_md.o(RESET) refers to timer.o(i.TIM3_IRQHandler) for TIM3_IRQHandler
    startup_stm32f10x_md.o(RESET) refers to timer.o(i.TIM4_IRQHandler) for TIM4_IRQHandler
    startup_stm32f10x_md.o(RESET) refers to usart.o(i.USART1_IRQHandler) for USART1_IRQHandler
    startup_stm32f10x_md.o(.text) refers to system_stm32f10x.o(i.SystemInit) for SystemInit
    startup_stm32f10x_md.o(.text) refers to entry.o(.ARM.Collect$$$$00000000) for __main
    system_stm32f10x.o(i.SetSysClock) refers to system_stm32f10x.o(i.SetSysClockTo72) for SetSysClockTo72
    system_stm32f10x.o(i.SystemCoreClockUpdate) refers to system_stm32f10x.o(.data) for SystemCoreClock
    system_stm32f10x.o(i.SystemInit) refers to system_stm32f10x.o(i.SetSysClock) for SetSysClock
    entry.o(.ARM.Collect$$$$00000000) refers (Special) to entry10a.o(.ARM.Collect$$$$0000000F) for __rt_final_cpp
    entry.o(.ARM.Collect$$$$00000000) refers (Special) to entry11a.o(.ARM.Collect$$$$00000011) for __rt_final_exit
    entry.o(.ARM.Collect$$$$00000000) refers (Special) to entry12b.o(.ARM.Collect$$$$0000000E) for __rt_lib_shutdown_fini
    entry.o(.ARM.Collect$$$$00000000) refers (Special) to entry7b.o(.ARM.Collect$$$$00000008) for _main_clock
    entry.o(.ARM.Collect$$$$00000000) refers (Special) to entry8b.o(.ARM.Collect$$$$0000000A) for _main_cpp_init
    entry.o(.ARM.Collect$$$$00000000) refers (Special) to entry9a.o(.ARM.Collect$$$$0000000B) for _main_init
    entry.o(.ARM.Collect$$$$00000000) refers (Special) to entry5.o(.ARM.Collect$$$$00000004) for _main_scatterload
    entry.o(.ARM.Collect$$$$00000000) refers (Special) to entry2.o(.ARM.Collect$$$$00000001) for _main_stk
    entry2.o(.ARM.Collect$$$$00000001) refers to entry2.o(.ARM.Collect$$$$00002712) for __lit__00000000
    entry2.o(.ARM.Collect$$$$00002712) refers to startup_stm32f10x_md.o(STACK) for __initial_sp
    entry2.o(__vectab_stack_and_reset_area) refers to startup_stm32f10x_md.o(STACK) for __initial_sp
    entry2.o(__vectab_stack_and_reset_area) refers to entry.o(.ARM.Collect$$$$00000000) for __main
    entry5.o(.ARM.Collect$$$$00000004) refers to init.o(.text) for __scatterload
    entry9a.o(.ARM.Collect$$$$0000000B) refers to control.o(i.main) for main
    entry9b.o(.ARM.Collect$$$$0000000C) refers to control.o(i.main) for main
    init.o(.text) refers to entry5.o(.ARM.Collect$$$$00000004) for __main_after_scatterload


==============================================================================

Removing Unused input sections from the image.

    Removing control.o(.rev16_text), (4 bytes).
    Removing control.o(.revsh_text), (4 bytes).
    Removing control.o(.rrx_text), (6 bytes).
    Removing gestion-plateau.o(.rev16_text), (4 bytes).
    Removing gestion-plateau.o(.revsh_text), (4 bytes).
    Removing gestion-plateau.o(.rrx_text), (6 bytes).
    Removing pilotage-servomoteur.o(.rev16_text), (4 bytes).
    Removing pilotage-servomoteur.o(.revsh_text), (4 bytes).
    Removing pilotage-servomoteur.o(.rrx_text), (6 bytes).
    Removing pilotage-servomoteur.o(i.initServo), (92 bytes).
    Removing pilotage-servomoteur.o(.data), (16 bytes).
    Removing rotation-plateau.o(.rev16_text), (4 bytes).
    Removing rotation-plateau.o(.revsh_text), (4 bytes).
    Removing rotation-plateau.o(.rrx_text), (6 bytes).
    Removing gestionvoile.o(.rev16_text), (4 bytes).
    Removing gestionvoile.o(.revsh_text), (4 bytes).
    Removing gestionvoile.o(.rrx_text), (6 bytes).
    Removing driver_gpio.o(.rev16_text), (4 bytes).
    Removing driver_gpio.o(.revsh_text), (4 bytes).
    Removing driver_gpio.o(.rrx_text), (6 bytes).
    Removing driver_gpio.o(i.MyGPIO_Read), (12 bytes).
    Removing driver_gpio.o(i.MyGPIO_Toggle), (12 bytes).
    Removing timer.o(.rev16_text), (4 bytes).
    Removing timer.o(.revsh_text), (4 bytes).
    Removing timer.o(.rrx_text), (6 bytes).
    Removing usart.o(.rev16_text), (4 bytes).
    Removing usart.o(.revsh_text), (4 bytes).
    Removing usart.o(.rrx_text), (6 bytes).
    Removing usart.o(i.usart_1_send), (32 bytes).
    Removing usart.o(.bss), (10 bytes).
    Removing girouette.o(.rev16_text), (4 bytes).
    Removing girouette.o(.revsh_text), (4 bytes).
    Removing girouette.o(.rrx_text), (6 bytes).
    Removing adc.o(.rev16_text), (4 bytes).
    Removing adc.o(.revsh_text), (4 bytes).
    Removing adc.o(.rrx_text), (6 bytes).
    Removing adc.o(i.ADC_Read), (12 bytes).
    Removing adc.o(i.ADC_init_single), (192 bytes).
    Removing adc.o(i.ADC_off), (14 bytes).
    Removing adc.o(i.ADC_on), (14 bytes).
    Removing adc.o(i.get_adcValue), (12 bytes).
    Removing startup_stm32f10x_md.o(HEAP), (512 bytes).
    Removing system_stm32f10x.o(.rev16_text), (4 bytes).
    Removing system_stm32f10x.o(.revsh_text), (4 bytes).
    Removing system_stm32f10x.o(.rrx_text), (6 bytes).
    Removing system_stm32f10x.o(i.SystemCoreClockUpdate), (164 bytes).
    Removing system_stm32f10x.o(.data), (20 bytes).

47 unused section(s) (total 1268 bytes) removed from the image.

==============================================================================

Image Symbol Table

    Local Symbols

    Symbol Name                              Value     Ov Type        Size  Object(Section)

    ../clib/microlib/init/entry.s            0x00000000   Number         0  entry12a.o ABSOLUTE
    ../clib/microlib/init/entry.s            0x00000000   Number         0  entry11a.o ABSOLUTE
    ../clib/microlib/init/entry.s            0x00000000   Number         0  entry10b.o ABSOLUTE
    ../clib/microlib/init/entry.s            0x00000000   Number         0  entry10a.o ABSOLUTE
    ../clib/microlib/init/entry.s            0x00000000   Number         0  entry9b.o ABSOLUTE
    ../clib/microlib/init/entry.s            0x00000000   Number         0  entry7b.o ABSOLUTE
    ../clib/microlib/init/entry.s            0x00000000   Number         0  entry12b.o ABSOLUTE
    ../clib/microlib/init/entry.s            0x00000000   Number         0  entry8b.o ABSOLUTE
    ../clib/microlib/init/entry.s            0x00000000   Number         0  entry9a.o ABSOLUTE
    ../clib/microlib/init/entry.s            0x00000000   Number         0  entry2.o ABSOLUTE
    ../clib/microlib/init/entry.s            0x00000000   Number         0  entry.o ABSOLUTE
    ../clib/microlib/init/entry.s            0x00000000   Number         0  entry11b.o ABSOLUTE
    ../clib/microlib/init/entry.s            0x00000000   Number         0  entry5.o ABSOLUTE
    ../clib/microlib/init/entry.s            0x00000000   Number         0  entry7a.o ABSOLUTE
    ../clib/microlib/init/entry.s            0x00000000   Number         0  entry8a.o ABSOLUTE
    ..\..\Drivers\Driver_GPIO.c              0x00000000   Number         0  driver_gpio.o ABSOLUTE
    ..\..\Drivers\Timer.c                    0x00000000   Number         0  timer.o ABSOLUTE
    ..\..\Drivers\adc.c                      0x00000000   Number         0  adc.o ABSOLUTE
    ..\..\Drivers\girouette.c                0x00000000   Number         0  girouette.o ABSOLUTE
    ..\..\Drivers\usart.c                    0x00000000   Number         0  usart.o ABSOLUTE
    ..\Gestion-plateau\Sources\gestion-plateau.c 0x00000000   Number         0  gestion-plateau.o ABSOLUTE
    ..\Pilotage-servomoteur\Sources\pilotage-servomoteur.c 0x00000000   Number         0  pilotage-servomoteur.o ABSOLUTE
    ..\Rotation-plateau\Sources\rotation-plateau.c 0x00000000   Number         0  rotation-plateau.o ABSOLUTE
    ..\\..\\Drivers\\Driver_GPIO.c           0x00000000   Number         0  driver_gpio.o ABSOLUTE
    ..\\..\\Drivers\\Timer.c                 0x00000000   Number         0  timer.o ABSOLUTE
    ..\\..\\Drivers\\adc.c                   0x00000000   Number         0  adc.o ABSOLUTE
    ..\\..\\Drivers\\girouette.c             0x00000000   Number         0  girouette.o ABSOLUTE
    ..\\..\\Drivers\\usart.c                 0x00000000   Number         0  usart.o ABSOLUTE
    ..\\Gestion-plateau\\Sources\\gestion-plateau.c 0x00000000   Number         0  gestion-plateau.o ABSOLUTE
    ..\\Pilotage-servomoteur\\Sources\\pilotage-servomoteur.c 0x00000000   Number         0  pilotage-servomoteur.o ABSOLUTE
    ..\\Rotation-plateau\\Sources\\rotation-plateau.c 0x00000000   Number         0  rotation-plateau.o ABSOLUTE
    RTE\Device\STM32F103RB\startup_stm32f10x_md.s 0x00000000   Number         0  startup_stm32f10x_md.o ABSOLUTE
    RTE\Device\STM32F103RB\system_stm32f10x.c 0x00000000   Number         0  system_stm32f10x.o ABSOLUTE
    RTE\\Device\\STM32F103RB\\system_stm32f10x.c 0x00000000   Number         0  system_stm32f10x.o ABSOLUTE
    Sources\\control.c                       0x00000000   Number         0  control.o ABSOLUTE
    Sources\\gestionVoile.c                  0x00000000   Number         0  gestionvoile.o ABSOLUTE
    Sources\control.c                        0x00000000   Number         0  control.o ABSOLUTE
    Sources\gestionVoile.c                   0x00000000   Number         0  gestionvoile.o ABSOLUTE
    dc.s                                     0x00000000   Number         0  dc.o ABSOLUTE
    handlers.s                               0x00000000   Number         0  handlers.o ABSOLUTE
    init.s                                   0x00000000   Number         0  init.o ABSOLUTE
    RESET                                    0x08000000   Section      236  startup_stm32f10x_md.o(RESET)
    .ARM.Collect$$$$00000000                 0x080000ec   Section        0  entry.o(.ARM.Collect$$$$00000000)
    .ARM.Collect$$$$00000001                 0x080000ec   Section        4  entry2.o(.ARM.Collect$$$$00000001)
    .ARM.Collect$$$$00000004                 0x080000f0   Section        4  entry5.o(.ARM.Collect$$$$00000004)
    .ARM.Collect$$$$00000008                 0x080000f4   Section        0  entry7b.o(.ARM.Collect$$$$00000008)
    .ARM.Collect$$$$0000000A                 0x080000f4   Section        0  entry8b.o(.ARM.Collect$$$$0000000A)
    .ARM.Collect$$$$0000000B                 0x080000f4   Section        8  entry9a.o(.ARM.Collect$$$$0000000B)
    .ARM.Collect$$$$0000000E                 0x080000fc   Section        4  entry12b.o(.ARM.Collect$$$$0000000E)
    .ARM.Collect$$$$0000000F                 0x08000100   Section        0  entry10a.o(.ARM.Collect$$$$0000000F)
    .ARM.Collect$$$$00000011                 0x08000100   Section        0  entry11a.o(.ARM.Collect$$$$00000011)
    .ARM.Collect$$$$00002712                 0x08000100   Section        4  entry2.o(.ARM.Collect$$$$00002712)
    __lit__00000000                          0x08000100   Data           4  entry2.o(.ARM.Collect$$$$00002712)
    .text                                    0x08000104   Section       36  startup_stm32f10x_md.o(.text)
    .text                                    0x08000128   Section       36  init.o(.text)
    i.ADC1_2_IRQHandler                      0x0800014c   Section        0  adc.o(i.ADC1_2_IRQHandler)
    i.Cycle_PWM                              0x08000170   Section        0  timer.o(i.Cycle_PWM)
    i.EXTI9_5_IRQHandler                     0x080001bc   Section        0  girouette.o(i.EXTI9_5_IRQHandler)
    i.MyGPIO_Init                            0x080001d8   Section        0  driver_gpio.o(i.MyGPIO_Init)
    i.MyGPIO_Reset                           0x080002e8   Section        0  driver_gpio.o(i.MyGPIO_Reset)
    i.MyGPIO_Set                             0x080002f4   Section        0  driver_gpio.o(i.MyGPIO_Set)
    i.MyTimer_ActiveIT                       0x08000300   Section        0  timer.o(i.MyTimer_ActiveIT)
    i.MyTimer_Base_Init                      0x080003a0   Section        0  timer.o(i.MyTimer_Base_Init)
    i.MyTimer_PWM                            0x0800041c   Section        0  timer.o(i.MyTimer_PWM)
    i.SetSysClock                            0x08000494   Section        0  system_stm32f10x.o(i.SetSysClock)
    SetSysClock                              0x08000495   Thumb Code     8  system_stm32f10x.o(i.SetSysClock)
    i.SetSysClockTo72                        0x0800049c   Section        0  system_stm32f10x.o(i.SetSysClockTo72)
    SetSysClockTo72                          0x0800049d   Thumb Code   214  system_stm32f10x.o(i.SetSysClockTo72)
    i.SystemInit                             0x0800057c   Section        0  system_stm32f10x.o(i.SystemInit)
    i.TIM1_UP_IRQHandler                     0x080005dc   Section        0  timer.o(i.TIM1_UP_IRQHandler)
    i.TIM2_IRQHandler                        0x080005fc   Section        0  timer.o(i.TIM2_IRQHandler)
    i.TIM3_IRQHandler                        0x0800061c   Section        0  timer.o(i.TIM3_IRQHandler)
    i.TIM4_IRQHandler                        0x0800063c   Section        0  timer.o(i.TIM4_IRQHandler)
    i.USART1_IRQHandler                      0x0800065c   Section        0  usart.o(i.USART1_IRQHandler)
    i.__NVIC_EnableIRQ                       0x0800067c   Section        0  timer.o(i.__NVIC_EnableIRQ)
    __NVIC_EnableIRQ                         0x0800067d   Thumb Code    34  timer.o(i.__NVIC_EnableIRQ)
    i.__NVIC_SetPriority                     0x080006a0   Section        0  timer.o(i.__NVIC_SetPriority)
    __NVIC_SetPriority                       0x080006a1   Thumb Code    32  timer.o(i.__NVIC_SetPriority)
    i.__scatterload_copy                     0x080006c8   Section       14  handlers.o(i.__scatterload_copy)
    i.__scatterload_null                     0x080006d6   Section        2  handlers.o(i.__scatterload_null)
    i.__scatterload_zeroinit                 0x080006d8   Section       14  handlers.o(i.__scatterload_zeroinit)
    i.getAngle                               0x080006e8   Section        0  gestionvoile.o(i.getAngle)
    i.girouette_init                         0x080006fc   Section        0  girouette.o(i.girouette_init)
    i.initGestionPlateau                     0x08000828   Section        0  gestion-plateau.o(i.initGestionPlateau)
    i.initGestionVoile                       0x08000840   Section        0  gestionvoile.o(i.initGestionVoile)
    i.initPlateau                            0x080008c8   Section        0  rotation-plateau.o(i.initPlateau)
    i.main                                   0x08000944   Section        0  control.o(i.main)
    i.receptionDonnees                       0x08000950   Section        0  gestion-plateau.o(i.receptionDonnees)
    i.tourneDroite                           0x08000990   Section        0  rotation-plateau.o(i.tourneDroite)
    i.tourneGauche                           0x080009b0   Section        0  rotation-plateau.o(i.tourneGauche)
    i.usart_1_configure_IT                   0x080009d0   Section        0  usart.o(i.usart_1_configure_IT)
    i.usart_configure_1_9600bps              0x08000a40   Section        0  usart.o(i.usart_configure_1_9600bps)
    i.usart_getValue                         0x08000adc   Section        0  usart.o(i.usart_getValue)
    i.voileHandler                           0x08000ae8   Section        0  gestionvoile.o(i.voileHandler)
    .data                                    0x20000000   Section        8  gestion-plateau.o(.data)
    .data                                    0x20000008   Section       24  rotation-plateau.o(.data)
    .data                                    0x20000020   Section       36  gestionvoile.o(.data)
    .data                                    0x20000044   Section        4  driver_gpio.o(.data)
    .data                                    0x20000048   Section       16  timer.o(.data)
    .data                                    0x20000058   Section       36  usart.o(.data)
    Data                                     0x20000058   Data           1  usart.o(.data)
    .data                                    0x2000007c   Section        4  adc.o(.data)
    valeur_ADC                               0x2000007c   Data           4  adc.o(.data)
    STACK                                    0x20000080   Section     1024  startup_stm32f10x_md.o(STACK)

    Global Symbols

    Symbol Name                              Value     Ov Type        Size  Object(Section)

    BuildAttributes$$THM_ISAv4$P$D$K$B$S$PE$A:L22UL41UL21$X:L11$S22US41US21$IEEE1$IW$USESV6$~STKCKD$USESV7$~SHL$OSPACE$EBA8$MICROLIB$REQ8$PRES8$EABIv2 0x00000000   Number         0  anon$$obj.o ABSOLUTE
    __ARM_use_no_argv                        0x00000000   Number         0  control.o ABSOLUTE
    __arm_fini_                               - Undefined Weak Reference
    __cpp_initialize__aeabi_                  - Undefined Weak Reference
    __cxa_finalize                            - Undefined Weak Reference
    __decompress                              - Undefined Weak Reference
    _clock_init                               - Undefined Weak Reference
    _microlib_exit                            - Undefined Weak Reference
    __Vectors_Size                           0x000000ec   Number         0  startup_stm32f10x_md.o ABSOLUTE
    __Vectors                                0x08000000   Data           4  startup_stm32f10x_md.o(RESET)
    __Vectors_End                            0x080000ec   Data           0  startup_stm32f10x_md.o(RESET)
    __main                                   0x080000ed   Thumb Code     0  entry.o(.ARM.Collect$$$$00000000)
    _main_stk                                0x080000ed   Thumb Code     0  entry2.o(.ARM.Collect$$$$00000001)
    _main_scatterload                        0x080000f1   Thumb Code     0  entry5.o(.ARM.Collect$$$$00000004)
    __main_after_scatterload                 0x080000f5   Thumb Code     0  entry5.o(.ARM.Collect$$$$00000004)
    _main_clock                              0x080000f5   Thumb Code     0  entry7b.o(.ARM.Collect$$$$00000008)
    _main_cpp_init                           0x080000f5   Thumb Code     0  entry8b.o(.ARM.Collect$$$$0000000A)
    _main_init                               0x080000f5   Thumb Code     0  entry9a.o(.ARM.Collect$$$$0000000B)
    __rt_lib_shutdown_fini                   0x080000fd   Thumb Code     0  entry12b.o(.ARM.Collect$$$$0000000E)
    __rt_final_cpp                           0x08000101   Thumb Code     0  entry10a.o(.ARM.Collect$$$$0000000F)
    __rt_final_exit                          0x08000101   Thumb Code     0  entry11a.o(.ARM.Collect$$$$00000011)
    Reset_Handler                            0x08000105   Thumb Code     8  startup_stm32f10x_md.o(.text)
    NMI_Handler                              0x0800010d   Thumb Code     2  startup_stm32f10x_md.o(.text)
    HardFault_Handler                        0x0800010f   Thumb Code     2  startup_stm32f10x_md.o(.text)
    MemManage_Handler                        0x08000111   Thumb Code     2  startup_stm32f10x_md.o(.text)
    BusFault_Handler                         0x08000113   Thumb Code     2  startup_stm32f10x_md.o(.text)
    UsageFault_Handler                       0x08000115   Thumb Code     2  startup_stm32f10x_md.o(.text)
    SVC_Handler                              0x08000117   Thumb Code     2  startup_stm32f10x_md.o(.text)
    DebugMon_Handler                         0x08000119   Thumb Code     2  startup_stm32f10x_md.o(.text)
    PendSV_Handler                           0x0800011b   Thumb Code     2  startup_stm32f10x_md.o(.text)
    SysTick_Handler                          0x0800011d   Thumb Code     2  startup_stm32f10x_md.o(.text)
    CAN1_RX1_IRQHandler                      0x0800011f   Thumb Code     0  startup_stm32f10x_md.o(.text)
    CAN1_SCE_IRQHandler                      0x0800011f   Thumb Code     0  startup_stm32f10x_md.o(.text)
    DMA1_Channel1_IRQHandler                 0x0800011f   Thumb Code     0  startup_stm32f10x_md.o(.text)
    DMA1_Channel2_IRQHandler                 0x0800011f   Thumb Code     0  startup_stm32f10x_md.o(.text)
    DMA1_Channel3_IRQHandler                 0x0800011f   Thumb Code     0  startup_stm32f10x_md.o(.text)
    DMA1_Channel4_IRQHandler                 0x0800011f   Thumb Code     0  startup_stm32f10x_md.o(.text)
    DMA1_Channel5_IRQHandler                 0x0800011f   Thumb Code     0  startup_stm32f10x_md.o(.text)
    DMA1_Channel6_IRQHandler                 0x0800011f   Thumb Code     0  startup_stm32f10x_md.o(.text)
    DMA1_Channel7_IRQHandler                 0x0800011f   Thumb Code     0  startup_stm32f10x_md.o(.text)
    EXTI0_IRQHandler                         0x0800011f   Thumb Code     0  startup_stm32f10x_md.o(.text)
    EXTI15_10_IRQHandler                     0x0800011f   Thumb Code     0  startup_stm32f10x_md.o(.text)
    EXTI1_IRQHandler                         0x0800011f   Thumb Code     0  startup_stm32f10x_md.o(.text)
    EXTI2_IRQHandler                         0x0800011f   Thumb Code     0  startup_stm32f10x_md.o(.text)
    EXTI3_IRQHandler                         0x0800011f   Thumb Code     0  startup_stm32f10x_md.o(.text)
    EXTI4_IRQHandler                         0x0800011f   Thumb Code     0  startup_stm32f10x_md.o(.text)
    FLASH_IRQHandler                         0x0800011f   Thumb Code     0  startup_stm32f10x_md.o(.text)
    I2C1_ER_IRQHandler                       0x0800011f   Thumb Code     0  startup_stm32f10x_md.o(.text)
    I2C1_EV_IRQHandler                       0x0800011f   Thumb Code     0  startup_stm32f10x_md.o(.text)
    I2C2_ER_IRQHandler                       0x0800011f   Thumb Code     0  startup_stm32f10x_md.o(.text)
    I2C2_EV_IRQHandler                       0x0800011f   Thumb Code     0  startup_stm32f10x_md.o(.text)
    PVD_IRQHandler                           0x0800011f   Thumb Code     0  startup_stm32f10x_md.o(.text)
    RCC_IRQHandler                           0x0800011f   Thumb Code     0  startup_stm32f10x_md.o(.text)
    RTCAlarm_IRQHandler                      0x0800011f   Thumb Code     0  startup_stm32f10x_md.o(.text)
    RTC_IRQHandler                           0x0800011f   Thumb Code     0  startup_stm32f10x_md.o(.text)
    SPI1_IRQHandler                          0x0800011f   Thumb Code     0  startup_stm32f10x_md.o(.text)
    SPI2_IRQHandler                          0x0800011f   Thumb Code     0  startup_stm32f10x_md.o(.text)
    TAMPER_IRQHandler                        0x0800011f   Thumb Code     0  startup_stm32f10x_md.o(.text)
    TIM1_BRK_IRQHandler                      0x0800011f   Thumb Code     0  startup_stm32f10x_md.o(.text)
    TIM1_CC_IRQHandler                       0x0800011f   Thumb Code     0  startup_stm32f10x_md.o(.text)
    TIM1_TRG_COM_IRQHandler                  0x0800011f   Thumb Code     0  startup_stm32f10x_md.o(.text)
    USART2_IRQHandler                        0x0800011f   Thumb Code     0  startup_stm32f10x_md.o(.text)
    USART3_IRQHandler                        0x0800011f   Thumb Code     0  startup_stm32f10x_md.o(.text)
    USBWakeUp_IRQHandler                     0x0800011f   Thumb Code     0  startup_stm32f10x_md.o(.text)
    USB_HP_CAN1_TX_IRQHandler                0x0800011f   Thumb Code     0  startup_stm32f10x_md.o(.text)
    USB_LP_CAN1_RX0_IRQHandler               0x0800011f   Thumb Code     0  startup_stm32f10x_md.o(.text)
    WWDG_IRQHandler                          0x0800011f   Thumb Code     0  startup_stm32f10x_md.o(.text)
    __scatterload                            0x08000129   Thumb Code    28  init.o(.text)
    __scatterload_rt2                        0x08000129   Thumb Code     0  init.o(.text)
    ADC1_2_IRQHandler                        0x0800014d   Thumb Code    28  adc.o(i.ADC1_2_IRQHandler)
    Cycle_PWM                                0x08000171   Thumb Code    76  timer.o(i.Cycle_PWM)
    EXTI9_5_IRQHandler                       0x080001bd   Thumb Code    20  girouette.o(i.EXTI9_5_IRQHandler)
    MyGPIO_Init                              0x080001d9   Thumb Code   252  driver_gpio.o(i.MyGPIO_Init)
    MyGPIO_Reset                             0x080002e9   Thumb Code    12  driver_gpio.o(i.MyGPIO_Reset)
    MyGPIO_Set                               0x080002f5   Thumb Code    12  driver_gpio.o(i.MyGPIO_Set)
    MyTimer_ActiveIT                         0x08000301   Thumb Code   132  timer.o(i.MyTimer_ActiveIT)
    MyTimer_Base_Init                        0x080003a1   Thumb Code   106  timer.o(i.MyTimer_Base_Init)
    MyTimer_PWM                              0x0800041d   Thumb Code   120  timer.o(i.MyTimer_PWM)
    SystemInit                               0x0800057d   Thumb Code    78  system_stm32f10x.o(i.SystemInit)
    TIM1_UP_IRQHandler                       0x080005dd   Thumb Code    22  timer.o(i.TIM1_UP_IRQHandler)
    TIM2_IRQHandler                          0x080005fd   Thumb Code    26  timer.o(i.TIM2_IRQHandler)
    TIM3_IRQHandler                          0x0800061d   Thumb Code    22  timer.o(i.TIM3_IRQHandler)
    TIM4_IRQHandler                          0x0800063d   Thumb Code    22  timer.o(i.TIM4_IRQHandler)
    USART1_IRQHandler                        0x0800065d   Thumb Code    18  usart.o(i.USART1_IRQHandler)
    __scatterload_copy                       0x080006c9   Thumb Code    14  handlers.o(i.__scatterload_copy)
    __scatterload_null                       0x080006d7   Thumb Code     2  handlers.o(i.__scatterload_null)
    __scatterload_zeroinit                   0x080006d9   Thumb Code    14  handlers.o(i.__scatterload_zeroinit)
    getAngle                                 0x080006e9   Thumb Code    14  gestionvoile.o(i.getAngle)
    girouette_init                           0x080006fd   Thumb Code   280  girouette.o(i.girouette_init)
    initGestionPlateau                       0x08000829   Thumb Code    20  gestion-plateau.o(i.initGestionPlateau)
    initGestionVoile                         0x08000841   Thumb Code    98  gestionvoile.o(i.initGestionVoile)
    initPlateau                              0x080008c9   Thumb Code   106  rotation-plateau.o(i.initPlateau)
    main                                     0x08000945   Thumb Code    12  control.o(i.main)
    receptionDonnees                         0x08000951   Thumb Code    56  gestion-plateau.o(i.receptionDonnees)
    tourneDroite                             0x08000991   Thumb Code    28  rotation-plateau.o(i.tourneDroite)
    tourneGauche                             0x080009b1   Thumb Code    28  rotation-plateau.o(i.tourneGauche)
    usart_1_configure_IT                     0x080009d1   Thumb Code    94  usart.o(i.usart_1_configure_IT)
    usart_configure_1_9600bps                0x08000a41   Thumb Code   136  usart.o(i.usart_configure_1_9600bps)
    usart_getValue                           0x08000add   Thumb Code     6  usart.o(i.usart_getValue)
    voileHandler                             0x08000ae9   Thumb Code    68  gestionvoile.o(i.voileHandler)
    Region$$Table$$Base                      0x08000b34   Number         0  anon$$obj.o(Region$$Table)
    Region$$Table$$Limit                     0x08000b54   Number         0  anon$$obj.o(Region$$Table)
    g_p_c                                    0x20000000   Data           1  gestion-plateau.o(.data)
    g_p_i                                    0x20000004   Data           4  gestion-plateau.o(.data)
    Rot_Struct_Gpio_PWM                      0x20000008   Data           8  rotation-plateau.o(.data)
    Rot_Struct_Gpio_Sens                     0x20000010   Data           8  rotation-plateau.o(.data)
    Rot_Struct_TIM                           0x20000018   Data           8  rotation-plateau.o(.data)
    Voile_MonTimer1                          0x20000020   Data           8  gestionvoile.o(.data)
    MyGPIOA6                                 0x20000028   Data           8  gestionvoile.o(.data)
    MyGPIOA7                                 0x20000030   Data           8  gestionvoile.o(.data)
    MyGPIOC8                                 0x20000038   Data           8  gestionvoile.o(.data)
    currentVoileAngle                        0x20000040   Data           4  gestionvoile.o(.data)
    regcr                                    0x20000044   Data           4  driver_gpio.o(.data)
    ptr1                                     0x20000048   Data           4  timer.o(.data)
    ptr2                                     0x2000004c   Data           4  timer.o(.data)
    ptr3                                     0x20000050   Data           4  timer.o(.data)
    ptr4                                     0x20000054   Data           4  timer.o(.data)
    usart_ptr                                0x2000005c   Data           4  usart.o(.data)
    Usart_gpio_tx                            0x20000060   Data           8  usart.o(.data)
    Usart_gpio_rx                            0x20000068   Data           8  usart.o(.data)
    Usart_tim4                               0x20000070   Data           8  usart.o(.data)
    usart_buffer_index                       0x20000078   Data           4  usart.o(.data)
    __initial_sp                             0x20000480   Data           0  startup_stm32f10x_md.o(STACK)



==============================================================================

Memory Map of the image

  Image Entry point : 0x08000105

  Load Region LR_1 (Base: 0x08000000, Size: 0x00000bd4, Max: 0xffffffff, ABSOLUTE)

    Execution Region ER_RO (Exec base: 0x08000000, Load base: 0x08000000, Size: 0x00000b54, Max: 0xffffffff, ABSOLUTE)

    Exec Addr    Load Addr    Size         Type   Attr      Idx    E Section Name        Object

    0x08000000   0x08000000   0x000000ec   Data   RO          504    RESET               startup_stm32f10x_md.o
    0x080000ec   0x080000ec   0x00000000   Code   RO          555  * .ARM.Collect$$$$00000000  mc_w.l(entry.o)
    0x080000ec   0x080000ec   0x00000004   Code   RO          558    .ARM.Collect$$$$00000001  mc_w.l(entry2.o)
    0x080000f0   0x080000f0   0x00000004   Code   RO          561    .ARM.Collect$$$$00000004  mc_w.l(entry5.o)
    0x080000f4   0x080000f4   0x00000000   Code   RO          563    .ARM.Collect$$$$00000008  mc_w.l(entry7b.o)
    0x080000f4   0x080000f4   0x00000000   Code   RO          565    .ARM.Collect$$$$0000000A  mc_w.l(entry8b.o)
    0x080000f4   0x080000f4   0x00000008   Code   RO          566    .ARM.Collect$$$$0000000B  mc_w.l(entry9a.o)
    0x080000fc   0x080000fc   0x00000004   Code   RO          573    .ARM.Collect$$$$0000000E  mc_w.l(entry12b.o)
    0x08000100   0x08000100   0x00000000   Code   RO          568    .ARM.Collect$$$$0000000F  mc_w.l(entry10a.o)
    0x08000100   0x08000100   0x00000000   Code   RO          570    .ARM.Collect$$$$00000011  mc_w.l(entry11a.o)
    0x08000100   0x08000100   0x00000004   Code   RO          559    .ARM.Collect$$$$00002712  mc_w.l(entry2.o)
    0x08000104   0x08000104   0x00000024   Code   RO          505  * .text               startup_stm32f10x_md.o
    0x08000128   0x08000128   0x00000024   Code   RO          574    .text               mc_w.l(init.o)
    0x0800014c   0x0800014c   0x00000024   Code   RO          446    i.ADC1_2_IRQHandler  adc.o
    0x08000170   0x08000170   0x0000004c   Code   RO          277    i.Cycle_PWM         timer.o
    0x080001bc   0x080001bc   0x0000001c   Code   RO          416    i.EXTI9_5_IRQHandler  girouette.o
    0x080001d8   0x080001d8   0x00000110   Code   RO          226    i.MyGPIO_Init       driver_gpio.o
    0x080002e8   0x080002e8   0x0000000c   Code   RO          228    i.MyGPIO_Reset      driver_gpio.o
    0x080002f4   0x080002f4   0x0000000c   Code   RO          229    i.MyGPIO_Set        driver_gpio.o
    0x08000300   0x08000300   0x000000a0   Code   RO          278    i.MyTimer_ActiveIT  timer.o
    0x080003a0   0x080003a0   0x0000007c   Code   RO          279    i.MyTimer_Base_Init  timer.o
    0x0800041c   0x0800041c   0x00000078   Code   RO          280    i.MyTimer_PWM       timer.o
    0x08000494   0x08000494   0x00000008   Code   RO          512    i.SetSysClock       system_stm32f10x.o
    0x0800049c   0x0800049c   0x000000e0   Code   RO          513    i.SetSysClockTo72   system_stm32f10x.o
    0x0800057c   0x0800057c   0x00000060   Code   RO          515    i.SystemInit        system_stm32f10x.o
    0x080005dc   0x080005dc   0x00000020   Code   RO          281    i.TIM1_UP_IRQHandler  timer.o
    0x080005fc   0x080005fc   0x00000020   Code   RO          282    i.TIM2_IRQHandler   timer.o
    0x0800061c   0x0800061c   0x00000020   Code   RO          283    i.TIM3_IRQHandler   timer.o
    0x0800063c   0x0800063c   0x00000020   Code   RO          284    i.TIM4_IRQHandler   timer.o
    0x0800065c   0x0800065c   0x00000020   Code   RO          360    i.USART1_IRQHandler  usart.o
    0x0800067c   0x0800067c   0x00000022   Code   RO          285    i.__NVIC_EnableIRQ  timer.o
    0x0800069e   0x0800069e   0x00000002   PAD
    0x080006a0   0x080006a0   0x00000028   Code   RO          286    i.__NVIC_SetPriority  timer.o
    0x080006c8   0x080006c8   0x0000000e   Code   RO          578    i.__scatterload_copy  mc_w.l(handlers.o)
    0x080006d6   0x080006d6   0x00000002   Code   RO          579    i.__scatterload_null  mc_w.l(handlers.o)
    0x080006d8   0x080006d8   0x0000000e   Code   RO          580    i.__scatterload_zeroinit  mc_w.l(handlers.o)
    0x080006e6   0x080006e6   0x00000002   PAD
    0x080006e8   0x080006e8   0x00000014   Code   RO          186    i.getAngle          gestionvoile.o
    0x080006fc   0x080006fc   0x0000012c   Code   RO          417    i.girouette_init    girouette.o
    0x08000828   0x08000828   0x00000018   Code   RO           78    i.initGestionPlateau  gestion-plateau.o
    0x08000840   0x08000840   0x00000088   Code   RO          187    i.initGestionVoile  gestionvoile.o
    0x080008c8   0x080008c8   0x0000007c   Code   RO          147    i.initPlateau       rotation-plateau.o
    0x08000944   0x08000944   0x0000000c   Code   RO            4    i.main              control.o
    0x08000950   0x08000950   0x00000040   Code   RO           79    i.receptionDonnees  gestion-plateau.o
    0x08000990   0x08000990   0x00000020   Code   RO          148    i.tourneDroite      rotation-plateau.o
    0x080009b0   0x080009b0   0x00000020   Code   RO          149    i.tourneGauche      rotation-plateau.o
    0x080009d0   0x080009d0   0x00000070   Code   RO          361    i.usart_1_configure_IT  usart.o
    0x08000a40   0x08000a40   0x0000009c   Code   RO          363    i.usart_configure_1_9600bps  usart.o
    0x08000adc   0x08000adc   0x0000000c   Code   RO          364    i.usart_getValue    usart.o
    0x08000ae8   0x08000ae8   0x0000004c   Code   RO          188    i.voileHandler      gestionvoile.o
    0x08000b34   0x08000b34   0x00000020   Data   RO          576    Region$$Table       anon$$obj.o


    Execution Region ER_RW (Exec base: 0x20000000, Load base: 0x08000b54, Size: 0x00000080, Max: 0xffffffff, ABSOLUTE)

    Exec Addr    Load Addr    Size         Type   Attr      Idx    E Section Name        Object

    0x20000000   0x08000b54   0x00000008   Data   RW           80    .data               gestion-plateau.o
    0x20000008   0x08000b5c   0x00000018   Data   RW          150    .data               rotation-plateau.o
    0x20000020   0x08000b74   0x00000024   Data   RW          189    .data               gestionvoile.o
    0x20000044   0x08000b98   0x00000004   Data   RW          231    .data               driver_gpio.o
    0x20000048   0x08000b9c   0x00000010   Data   RW          287    .data               timer.o
    0x20000058   0x08000bac   0x00000024   Data   RW          366    .data               usart.o
    0x2000007c   0x08000bd0   0x00000004   Data   RW          452    .data               adc.o


    Execution Region ER_ZI (Exec base: 0x20000080, Load base: 0x08000bd4, Size: 0x00000400, Max: 0xffffffff, ABSOLUTE)

    Exec Addr    Load Addr    Size         Type   Attr      Idx    E Section Name        Object

    0x20000080        -       0x00000400   Zero   RW          502    STACK               startup_stm32f10x_md.o


==============================================================================

Image component sizes


      Code (inc. data)   RO Data    RW Data    ZI Data      Debug   Object Name

        36          8          0          4          0        620   adc.o
        12          0          0          0          0     207919   control.o
       296         20          0          4          0       2330   driver_gpio.o
        88         12          0          8          0       1294   gestion-plateau.o
       232         52          0         36          0       1820   gestionvoile.o
       328         28          0          0          0       1250   girouette.o
         0          0          0          0          0        548   pilotage-servomoteur.o
       188         26          0         24          0       2018   rotation-plateau.o
        36          8        236          0       1024        820   startup_stm32f10x_md.o
       328         28          0          0          0       2013   system_stm32f10x.o
       682         90          0         16          0       5930   timer.o
       312         58          0         36          0      27950   usart.o

    ----------------------------------------------------------------------
      2540        330        268        128       1024     254512   Object Totals
         0          0         32          0          0          0   (incl. Generated)
         2          0          0          0          0          0   (incl. Padding)

    ----------------------------------------------------------------------

      Code (inc. data)   RO Data    RW Data    ZI Data      Debug   Library Member Name

         0          0          0          0          0          0   entry.o
         0          0          0          0          0          0   entry10a.o
         0          0          0          0          0          0   entry11a.o
         4          0          0          0          0          0   entry12b.o
         8          4          0          0          0          0   entry2.o
         4          0          0          0          0          0   entry5.o
         0          0          0          0          0          0   entry7b.o
         0          0          0          0          0          0   entry8b.o
         8          4          0          0          0          0   entry9a.o
        30          0          0          0          0          0   handlers.o
        36          8          0          0          0         68   init.o

    ----------------------------------------------------------------------
        92         16          0          0          0         68   Library Totals
         2          0          0          0          0          0   (incl. Padding)

    ----------------------------------------------------------------------

      Code (inc. data)   RO Data    RW Data    ZI Data      Debug   Library Name

        90         16          0          0          0         68   mc_w.l

    ----------------------------------------------------------------------
        92         16          0          0          0         68   Library Totals

    ----------------------------------------------------------------------

==============================================================================


      Code (inc. data)   RO Data    RW Data    ZI Data      Debug   

      2632        346        268        128       1024     253276   Grand Totals
      2632        346        268        128       1024     253276   ELF Image Totals
      2632        346        268        128          0          0   ROM Totals

==============================================================================

    Total RO  Size (Code + RO Data)                 2900 (   2.83kB)
    Total RW  Size (RW Data + ZI Data)              1152 (   1.13kB)
    Total ROM Size (Code + RO Data + RW Data)       3028 (   2.96kB)

==============================================================================

