Component: ARM Compiler 5.06 update 7 (build 960) Tool: armlink [4d3601]

==============================================================================

Section Cross References

    rotation-plateau.o(i.initPlateau) refers to driver_gpio.o(i.MyGPIO_Init) for MyGPIO_Init
    rotation-plateau.o(i.initPlateau) refers to timer.o(i.MyTimer_Base_Init) for MyTimer_Base_Init
    rotation-plateau.o(i.initPlateau) refers to timer.o(i.MyTimer_PWM) for MyTimer_PWM
    rotation-plateau.o(i.initPlateau) refers to timer.o(i.Cycle_PWM) for Cycle_PWM
    rotation-plateau.o(i.initPlateau) refers to rotation-plateau.o(.data) for Rot_Struct_Gpio_PWM
    rotation-plateau.o(i.main) refers to rotation-plateau.o(i.initPlateau) for initPlateau
    driver_gpio.o(i.MyGPIO_Init) refers to driver_gpio.o(i.MyGPIO_Reset) for MyGPIO_Reset
    driver_gpio.o(i.MyGPIO_Init) refers to driver_gpio.o(i.MyGPIO_Set) for MyGPIO_Set
    driver_gpio.o(i.MyGPIO_Init) refers to driver_gpio.o(.data) for regcr
    timer.o(i.MyTimer_ActiveIT) refers to timer.o(i.__NVIC_EnableIRQ) for __NVIC_EnableIRQ
    timer.o(i.MyTimer_ActiveIT) refers to timer.o(i.__NVIC_SetPriority) for __NVIC_SetPriority
    timer.o(i.MyTimer_ActiveIT) refers to timer.o(.data) for ptr2
    timer.o(i.TIM1_UP_IRQHandler) refers to timer.o(.data) for ptr1
    timer.o(i.TIM2_IRQHandler) refers to timer.o(.data) for ptr2
    timer.o(i.TIM3_IRQHandler) refers to timer.o(.data) for ptr3
    timer.o(i.TIM4_IRQHandler) refers to timer.o(.data) for ptr4
    startup_stm32f10x_md.o(RESET) refers to startup_stm32f10x_md.o(STACK) for __initial_sp
    startup_stm32f10x_md.o(RESET) refers to startup_stm32f10x_md.o(.text) for Reset_Handler
    startup_stm32f10x_md.o(RESET) refers to timer.o(i.TIM1_UP_IRQHandler) for TIM1_UP_IRQHandler
    startup_stm32f10x_md.o(RESET) refers to timer.o(i.TIM2_IRQHandler) for TIM2_IRQHandler
    startup_stm32f10x_md.o(RESET) refers to timer.o(i.TIM3_IRQHandler) for TIM3_IRQHandler
    startup_stm32f10x_md.o(RESET) refers to timer.o(i.TIM4_IRQHandler) for TIM4_IRQHandler
    startup_stm32f10x_md.o(.text) refers to system_stm32f10x.o(i.SystemInit) for SystemInit
    startup_stm32f10x_md.o(.text) refers to entry.o(.ARM.Collect$$$$00000000) for __main
    system_stm32f10x.o(i.SetSysClock) refers to system_stm32f10x.o(i.SetSysClockTo72) for SetSysClockTo72
    system_stm32f10x.o(i.SystemCoreClockUpdate) refers to system_stm32f10x.o(.data) for SystemCoreClock
    system_stm32f10x.o(i.SystemInit) refers to system_stm32f10x.o(i.SetSysClock) for SetSysClock
    entry.o(.ARM.Collect$$$$00000000) refers (Special) to entry10a.o(.ARM.Collect$$$$0000000F) for __rt_final_cpp
    entry.o(.ARM.Collect$$$$00000000) refers (Special) to entry11a.o(.ARM.Collect$$$$00000011) for __rt_final_exit
    entry.o(.ARM.Collect$$$$00000000) refers (Special) to entry12b.o(.ARM.Collect$$$$0000000E) for __rt_lib_shutdown_fini
    entry.o(.ARM.Collect$$$$00000000) refers (Special) to entry7b.o(.ARM.Collect$$$$00000008) for _main_clock
    entry.o(.ARM.Collect$$$$00000000) refers (Special) to entry8b.o(.ARM.Collect$$$$0000000A) for _main_cpp_init
    entry.o(.ARM.Collect$$$$00000000) refers (Special) to entry9a.o(.ARM.Collect$$$$0000000B) for _main_init
    entry.o(.ARM.Collect$$$$00000000) refers (Special) to entry5.o(.ARM.Collect$$$$00000004) for _main_scatterload
    entry.o(.ARM.Collect$$$$00000000) refers (Special) to entry2.o(.ARM.Collect$$$$00000001) for _main_stk
    entry2.o(.ARM.Collect$$$$00000001) refers to entry2.o(.ARM.Collect$$$$00002712) for __lit__00000000
    entry2.o(.ARM.Collect$$$$00002712) refers to startup_stm32f10x_md.o(STACK) for __initial_sp
    entry2.o(__vectab_stack_and_reset_area) refers to startup_stm32f10x_md.o(STACK) for __initial_sp
    entry2.o(__vectab_stack_and_reset_area) refers to entry.o(.ARM.Collect$$$$00000000) for __main
    entry5.o(.ARM.Collect$$$$00000004) refers to init.o(.text) for __scatterload
    entry9a.o(.ARM.Collect$$$$0000000B) refers to rotation-plateau.o(i.main) for main
    entry9b.o(.ARM.Collect$$$$0000000C) refers to rotation-plateau.o(i.main) for main
    init.o(.text) refers to entry5.o(.ARM.Collect$$$$00000004) for __main_after_scatterload


==============================================================================

Removing Unused input sections from the image.

    Removing rotation-plateau.o(.rev16_text), (4 bytes).
    Removing rotation-plateau.o(.revsh_text), (4 bytes).
    Removing rotation-plateau.o(.rrx_text), (6 bytes).
    Removing driver_gpio.o(.rev16_text), (4 bytes).
    Removing driver_gpio.o(.revsh_text), (4 bytes).
    Removing driver_gpio.o(.rrx_text), (6 bytes).
    Removing driver_gpio.o(i.MyGPIO_Read), (12 bytes).
    Removing driver_gpio.o(i.MyGPIO_Toggle), (12 bytes).
    Removing timer.o(.rev16_text), (4 bytes).
    Removing timer.o(.revsh_text), (4 bytes).
    Removing timer.o(.rrx_text), (6 bytes).
    Removing timer.o(i.MyTimer_ActiveIT), (160 bytes).
    Removing timer.o(i.__NVIC_EnableIRQ), (34 bytes).
    Removing timer.o(i.__NVIC_SetPriority), (40 bytes).
    Removing startup_stm32f10x_md.o(HEAP), (512 bytes).
    Removing system_stm32f10x.o(.rev16_text), (4 bytes).
    Removing system_stm32f10x.o(.revsh_text), (4 bytes).
    Removing system_stm32f10x.o(.rrx_text), (6 bytes).
    Removing system_stm32f10x.o(i.SystemCoreClockUpdate), (164 bytes).
    Removing system_stm32f10x.o(.data), (20 bytes).

20 unused section(s) (total 1010 bytes) removed from the image.

==============================================================================

Image Symbol Table

    Local Symbols

    Symbol Name                              Value     Ov Type        Size  Object(Section)

    ../clib/microlib/init/entry.s            0x00000000   Number         0  entry8a.o ABSOLUTE
    ../clib/microlib/init/entry.s            0x00000000   Number         0  entry12b.o ABSOLUTE
    ../clib/microlib/init/entry.s            0x00000000   Number         0  entry11b.o ABSOLUTE
    ../clib/microlib/init/entry.s            0x00000000   Number         0  entry11a.o ABSOLUTE
    ../clib/microlib/init/entry.s            0x00000000   Number         0  entry8b.o ABSOLUTE
    ../clib/microlib/init/entry.s            0x00000000   Number         0  entry10b.o ABSOLUTE
    ../clib/microlib/init/entry.s            0x00000000   Number         0  entry10a.o ABSOLUTE
    ../clib/microlib/init/entry.s            0x00000000   Number         0  entry9b.o ABSOLUTE
    ../clib/microlib/init/entry.s            0x00000000   Number         0  entry12a.o ABSOLUTE
    ../clib/microlib/init/entry.s            0x00000000   Number         0  entry9a.o ABSOLUTE
    ../clib/microlib/init/entry.s            0x00000000   Number         0  entry7b.o ABSOLUTE
    ../clib/microlib/init/entry.s            0x00000000   Number         0  entry7a.o ABSOLUTE
    ../clib/microlib/init/entry.s            0x00000000   Number         0  entry.o ABSOLUTE
    ../clib/microlib/init/entry.s            0x00000000   Number         0  entry5.o ABSOLUTE
    ../clib/microlib/init/entry.s            0x00000000   Number         0  entry2.o ABSOLUTE
    ..\..\Drivers\Driver_GPIO.c              0x00000000   Number         0  driver_gpio.o ABSOLUTE
    ..\..\Drivers\Timer.c                    0x00000000   Number         0  timer.o ABSOLUTE
    ..\\..\\Drivers\\Driver_GPIO.c           0x00000000   Number         0  driver_gpio.o ABSOLUTE
    ..\\..\\Drivers\\Timer.c                 0x00000000   Number         0  timer.o ABSOLUTE
    RTE\Device\STM32F103RB\startup_stm32f10x_md.s 0x00000000   Number         0  startup_stm32f10x_md.o ABSOLUTE
    RTE\Device\STM32F103RB\system_stm32f10x.c 0x00000000   Number         0  system_stm32f10x.o ABSOLUTE
    RTE\\Device\\STM32F103RB\\system_stm32f10x.c 0x00000000   Number         0  system_stm32f10x.o ABSOLUTE
    Sources\\rotation-plateau.c              0x00000000   Number         0  rotation-plateau.o ABSOLUTE
    Sources\rotation-plateau.c               0x00000000   Number         0  rotation-plateau.o ABSOLUTE
    dc.s                                     0x00000000   Number         0  dc.o ABSOLUTE
    handlers.s                               0x00000000   Number         0  handlers.o ABSOLUTE
    init.s                                   0x00000000   Number         0  init.o ABSOLUTE
    RESET                                    0x08000000   Section      236  startup_stm32f10x_md.o(RESET)
    .ARM.Collect$$$$00000000                 0x080000ec   Section        0  entry.o(.ARM.Collect$$$$00000000)
    .ARM.Collect$$$$00000001                 0x080000ec   Section        4  entry2.o(.ARM.Collect$$$$00000001)
    .ARM.Collect$$$$00000004                 0x080000f0   Section        4  entry5.o(.ARM.Collect$$$$00000004)
    .ARM.Collect$$$$00000008                 0x080000f4   Section        0  entry7b.o(.ARM.Collect$$$$00000008)
    .ARM.Collect$$$$0000000A                 0x080000f4   Section        0  entry8b.o(.ARM.Collect$$$$0000000A)
    .ARM.Collect$$$$0000000B                 0x080000f4   Section        8  entry9a.o(.ARM.Collect$$$$0000000B)
    .ARM.Collect$$$$0000000E                 0x080000fc   Section        4  entry12b.o(.ARM.Collect$$$$0000000E)
    .ARM.Collect$$$$0000000F                 0x08000100   Section        0  entry10a.o(.ARM.Collect$$$$0000000F)
    .ARM.Collect$$$$00000011                 0x08000100   Section        0  entry11a.o(.ARM.Collect$$$$00000011)
    .ARM.Collect$$$$00002712                 0x08000100   Section        4  entry2.o(.ARM.Collect$$$$00002712)
    __lit__00000000                          0x08000100   Data           4  entry2.o(.ARM.Collect$$$$00002712)
    .text                                    0x08000104   Section       36  startup_stm32f10x_md.o(.text)
    .text                                    0x08000128   Section       36  init.o(.text)
    i.Cycle_PWM                              0x0800014c   Section        0  timer.o(i.Cycle_PWM)
    i.MyGPIO_Init                            0x08000198   Section        0  driver_gpio.o(i.MyGPIO_Init)
    i.MyGPIO_Reset                           0x080002a8   Section        0  driver_gpio.o(i.MyGPIO_Reset)
    i.MyGPIO_Set                             0x080002b4   Section        0  driver_gpio.o(i.MyGPIO_Set)
    i.MyTimer_Base_Init                      0x080002c0   Section        0  timer.o(i.MyTimer_Base_Init)
    i.MyTimer_PWM                            0x0800033c   Section        0  timer.o(i.MyTimer_PWM)
    i.SetSysClock                            0x080003b4   Section        0  system_stm32f10x.o(i.SetSysClock)
    SetSysClock                              0x080003b5   Thumb Code     8  system_stm32f10x.o(i.SetSysClock)
    i.SetSysClockTo72                        0x080003bc   Section        0  system_stm32f10x.o(i.SetSysClockTo72)
    SetSysClockTo72                          0x080003bd   Thumb Code   214  system_stm32f10x.o(i.SetSysClockTo72)
    i.SystemInit                             0x0800049c   Section        0  system_stm32f10x.o(i.SystemInit)
    i.TIM1_UP_IRQHandler                     0x080004fc   Section        0  timer.o(i.TIM1_UP_IRQHandler)
    i.TIM2_IRQHandler                        0x0800051c   Section        0  timer.o(i.TIM2_IRQHandler)
    i.TIM3_IRQHandler                        0x0800053c   Section        0  timer.o(i.TIM3_IRQHandler)
    i.TIM4_IRQHandler                        0x0800055c   Section        0  timer.o(i.TIM4_IRQHandler)
    i.__scatterload_copy                     0x0800057c   Section       14  handlers.o(i.__scatterload_copy)
    i.__scatterload_null                     0x0800058a   Section        2  handlers.o(i.__scatterload_null)
    i.__scatterload_zeroinit                 0x0800058c   Section       14  handlers.o(i.__scatterload_zeroinit)
    i.initPlateau                            0x0800059c   Section        0  rotation-plateau.o(i.initPlateau)
    i.main                                   0x08000608   Section        0  rotation-plateau.o(i.main)
    .data                                    0x20000000   Section       24  rotation-plateau.o(.data)
    .data                                    0x20000018   Section        4  driver_gpio.o(.data)
    .data                                    0x2000001c   Section       16  timer.o(.data)
    STACK                                    0x20000030   Section     1024  startup_stm32f10x_md.o(STACK)

    Global Symbols

    Symbol Name                              Value     Ov Type        Size  Object(Section)

    BuildAttributes$$THM_ISAv4$P$D$K$B$S$PE$A:L22UL41UL21$X:L11$S22US41US21$IEEE1$IW$USESV6$~STKCKD$USESV7$~SHL$OSPACE$EBA8$MICROLIB$REQ8$PRES8$EABIv2 0x00000000   Number         0  anon$$obj.o ABSOLUTE
    __ARM_use_no_argv                        0x00000000   Number         0  rotation-plateau.o ABSOLUTE
    __arm_fini_                               - Undefined Weak Reference
    __cpp_initialize__aeabi_                  - Undefined Weak Reference
    __cxa_finalize                            - Undefined Weak Reference
    __decompress                              - Undefined Weak Reference
    _clock_init                               - Undefined Weak Reference
    _microlib_exit                            - Undefined Weak Reference
    __Vectors_Size                           0x000000ec   Number         0  startup_stm32f10x_md.o ABSOLUTE
    __Vectors                                0x08000000   Data           4  startup_stm32f10x_md.o(RESET)
    __Vectors_End                            0x080000ec   Data           0  startup_stm32f10x_md.o(RESET)
    __main                                   0x080000ed   Thumb Code     0  entry.o(.ARM.Collect$$$$00000000)
    _main_stk                                0x080000ed   Thumb Code     0  entry2.o(.ARM.Collect$$$$00000001)
    _main_scatterload                        0x080000f1   Thumb Code     0  entry5.o(.ARM.Collect$$$$00000004)
    __main_after_scatterload                 0x080000f5   Thumb Code     0  entry5.o(.ARM.Collect$$$$00000004)
    _main_clock                              0x080000f5   Thumb Code     0  entry7b.o(.ARM.Collect$$$$00000008)
    _main_cpp_init                           0x080000f5   Thumb Code     0  entry8b.o(.ARM.Collect$$$$0000000A)
    _main_init                               0x080000f5   Thumb Code     0  entry9a.o(.ARM.Collect$$$$0000000B)
    __rt_lib_shutdown_fini                   0x080000fd   Thumb Code     0  entry12b.o(.ARM.Collect$$$$0000000E)
    __rt_final_cpp                           0x08000101   Thumb Code     0  entry10a.o(.ARM.Collect$$$$0000000F)
    __rt_final_exit                          0x08000101   Thumb Code     0  entry11a.o(.ARM.Collect$$$$00000011)
    Reset_Handler                            0x08000105   Thumb Code     8  startup_stm32f10x_md.o(.text)
    NMI_Handler                              0x0800010d   Thumb Code     2  startup_stm32f10x_md.o(.text)
    HardFault_Handler                        0x0800010f   Thumb Code     2  startup_stm32f10x_md.o(.text)
    MemManage_Handler                        0x08000111   Thumb Code     2  startup_stm32f10x_md.o(.text)
    BusFault_Handler                         0x08000113   Thumb Code     2  startup_stm32f10x_md.o(.text)
    UsageFault_Handler                       0x08000115   Thumb Code     2  startup_stm32f10x_md.o(.text)
    SVC_Handler                              0x08000117   Thumb Code     2  startup_stm32f10x_md.o(.text)
    DebugMon_Handler                         0x08000119   Thumb Code     2  startup_stm32f10x_md.o(.text)
    PendSV_Handler                           0x0800011b   Thumb Code     2  startup_stm32f10x_md.o(.text)
    SysTick_Handler                          0x0800011d   Thumb Code     2  startup_stm32f10x_md.o(.text)
    ADC1_2_IRQHandler                        0x0800011f   Thumb Code     0  startup_stm32f10x_md.o(.text)
    CAN1_RX1_IRQHandler                      0x0800011f   Thumb Code     0  startup_stm32f10x_md.o(.text)
    CAN1_SCE_IRQHandler                      0x0800011f   Thumb Code     0  startup_stm32f10x_md.o(.text)
    DMA1_Channel1_IRQHandler                 0x0800011f   Thumb Code     0  startup_stm32f10x_md.o(.text)
    DMA1_Channel2_IRQHandler                 0x0800011f   Thumb Code     0  startup_stm32f10x_md.o(.text)
    DMA1_Channel3_IRQHandler                 0x0800011f   Thumb Code     0  startup_stm32f10x_md.o(.text)
    DMA1_Channel4_IRQHandler                 0x0800011f   Thumb Code     0  startup_stm32f10x_md.o(.text)
    DMA1_Channel5_IRQHandler                 0x0800011f   Thumb Code     0  startup_stm32f10x_md.o(.text)
    DMA1_Channel6_IRQHandler                 0x0800011f   Thumb Code     0  startup_stm32f10x_md.o(.text)
    DMA1_Channel7_IRQHandler                 0x0800011f   Thumb Code     0  startup_stm32f10x_md.o(.text)
    EXTI0_IRQHandler                         0x0800011f   Thumb Code     0  startup_stm32f10x_md.o(.text)
    EXTI15_10_IRQHandler                     0x0800011f   Thumb Code     0  startup_stm32f10x_md.o(.text)
    EXTI1_IRQHandler                         0x0800011f   Thumb Code     0  startup_stm32f10x_md.o(.text)
    EXTI2_IRQHandler                         0x0800011f   Thumb Code     0  startup_stm32f10x_md.o(.text)
    EXTI3_IRQHandler                         0x0800011f   Thumb Code     0  startup_stm32f10x_md.o(.text)
    EXTI4_IRQHandler                         0x0800011f   Thumb Code     0  startup_stm32f10x_md.o(.text)
    EXTI9_5_IRQHandler                       0x0800011f   Thumb Code     0  startup_stm32f10x_md.o(.text)
    FLASH_IRQHandler                         0x0800011f   Thumb Code     0  startup_stm32f10x_md.o(.text)
    I2C1_ER_IRQHandler                       0x0800011f   Thumb Code     0  startup_stm32f10x_md.o(.text)
    I2C1_EV_IRQHandler                       0x0800011f   Thumb Code     0  startup_stm32f10x_md.o(.text)
    I2C2_ER_IRQHandler                       0x0800011f   Thumb Code     0  startup_stm32f10x_md.o(.text)
    I2C2_EV_IRQHandler                       0x0800011f   Thumb Code     0  startup_stm32f10x_md.o(.text)
    PVD_IRQHandler                           0x0800011f   Thumb Code     0  startup_stm32f10x_md.o(.text)
    RCC_IRQHandler                           0x0800011f   Thumb Code     0  startup_stm32f10x_md.o(.text)
    RTCAlarm_IRQHandler                      0x0800011f   Thumb Code     0  startup_stm32f10x_md.o(.text)
    RTC_IRQHandler                           0x0800011f   Thumb Code     0  startup_stm32f10x_md.o(.text)
    SPI1_IRQHandler                          0x0800011f   Thumb Code     0  startup_stm32f10x_md.o(.text)
    SPI2_IRQHandler                          0x0800011f   Thumb Code     0  startup_stm32f10x_md.o(.text)
    TAMPER_IRQHandler                        0x0800011f   Thumb Code     0  startup_stm32f10x_md.o(.text)
    TIM1_BRK_IRQHandler                      0x0800011f   Thumb Code     0  startup_stm32f10x_md.o(.text)
    TIM1_CC_IRQHandler                       0x0800011f   Thumb Code     0  startup_stm32f10x_md.o(.text)
    TIM1_TRG_COM_IRQHandler                  0x0800011f   Thumb Code     0  startup_stm32f10x_md.o(.text)
    USART1_IRQHandler                        0x0800011f   Thumb Code     0  startup_stm32f10x_md.o(.text)
    USART2_IRQHandler                        0x0800011f   Thumb Code     0  startup_stm32f10x_md.o(.text)
    USART3_IRQHandler                        0x0800011f   Thumb Code     0  startup_stm32f10x_md.o(.text)
    USBWakeUp_IRQHandler                     0x0800011f   Thumb Code     0  startup_stm32f10x_md.o(.text)
    USB_HP_CAN1_TX_IRQHandler                0x0800011f   Thumb Code     0  startup_stm32f10x_md.o(.text)
    USB_LP_CAN1_RX0_IRQHandler               0x0800011f   Thumb Code     0  startup_stm32f10x_md.o(.text)
    WWDG_IRQHandler                          0x0800011f   Thumb Code     0  startup_stm32f10x_md.o(.text)
    __scatterload                            0x08000129   Thumb Code    28  init.o(.text)
    __scatterload_rt2                        0x08000129   Thumb Code     0  init.o(.text)
    Cycle_PWM                                0x0800014d   Thumb Code    76  timer.o(i.Cycle_PWM)
    MyGPIO_Init                              0x08000199   Thumb Code   252  driver_gpio.o(i.MyGPIO_Init)
    MyGPIO_Reset                             0x080002a9   Thumb Code    12  driver_gpio.o(i.MyGPIO_Reset)
    MyGPIO_Set                               0x080002b5   Thumb Code    12  driver_gpio.o(i.MyGPIO_Set)
    MyTimer_Base_Init                        0x080002c1   Thumb Code   106  timer.o(i.MyTimer_Base_Init)
    MyTimer_PWM                              0x0800033d   Thumb Code   120  timer.o(i.MyTimer_PWM)
    SystemInit                               0x0800049d   Thumb Code    78  system_stm32f10x.o(i.SystemInit)
    TIM1_UP_IRQHandler                       0x080004fd   Thumb Code    22  timer.o(i.TIM1_UP_IRQHandler)
    TIM2_IRQHandler                          0x0800051d   Thumb Code    26  timer.o(i.TIM2_IRQHandler)
    TIM3_IRQHandler                          0x0800053d   Thumb Code    22  timer.o(i.TIM3_IRQHandler)
    TIM4_IRQHandler                          0x0800055d   Thumb Code    22  timer.o(i.TIM4_IRQHandler)
    __scatterload_copy                       0x0800057d   Thumb Code    14  handlers.o(i.__scatterload_copy)
    __scatterload_null                       0x0800058b   Thumb Code     2  handlers.o(i.__scatterload_null)
    __scatterload_zeroinit                   0x0800058d   Thumb Code    14  handlers.o(i.__scatterload_zeroinit)
    initPlateau                              0x0800059d   Thumb Code    92  rotation-plateau.o(i.initPlateau)
    main                                     0x08000609   Thumb Code    24  rotation-plateau.o(i.main)
    Region$$Table$$Base                      0x08000620   Number         0  anon$$obj.o(Region$$Table)
    Region$$Table$$Limit                     0x08000640   Number         0  anon$$obj.o(Region$$Table)
    Rot_Struct_Gpio_PWM                      0x20000000   Data           8  rotation-plateau.o(.data)
    Rot_Struct_Gpio_Sens                     0x20000008   Data           8  rotation-plateau.o(.data)
    Rot_Struct_TIM                           0x20000010   Data           8  rotation-plateau.o(.data)
    regcr                                    0x20000018   Data           4  driver_gpio.o(.data)
    ptr1                                     0x2000001c   Data           4  timer.o(.data)
    ptr2                                     0x20000020   Data           4  timer.o(.data)
    ptr3                                     0x20000024   Data           4  timer.o(.data)
    ptr4                                     0x20000028   Data           4  timer.o(.data)
    __initial_sp                             0x20000430   Data           0  startup_stm32f10x_md.o(STACK)



==============================================================================

Memory Map of the image

  Image Entry point : 0x08000105

  Load Region LR_1 (Base: 0x08000000, Size: 0x0000066c, Max: 0xffffffff, ABSOLUTE)

    Execution Region ER_RO (Exec base: 0x08000000, Load base: 0x08000000, Size: 0x00000640, Max: 0xffffffff, ABSOLUTE)

    Exec Addr    Load Addr    Size         Type   Attr      Idx    E Section Name        Object

    0x08000000   0x08000000   0x000000ec   Data   RO          211    RESET               startup_stm32f10x_md.o
    0x080000ec   0x080000ec   0x00000000   Code   RO          262  * .ARM.Collect$$$$00000000  mc_w.l(entry.o)
    0x080000ec   0x080000ec   0x00000004   Code   RO          265    .ARM.Collect$$$$00000001  mc_w.l(entry2.o)
    0x080000f0   0x080000f0   0x00000004   Code   RO          268    .ARM.Collect$$$$00000004  mc_w.l(entry5.o)
    0x080000f4   0x080000f4   0x00000000   Code   RO          270    .ARM.Collect$$$$00000008  mc_w.l(entry7b.o)
    0x080000f4   0x080000f4   0x00000000   Code   RO          272    .ARM.Collect$$$$0000000A  mc_w.l(entry8b.o)
    0x080000f4   0x080000f4   0x00000008   Code   RO          273    .ARM.Collect$$$$0000000B  mc_w.l(entry9a.o)
    0x080000fc   0x080000fc   0x00000004   Code   RO          280    .ARM.Collect$$$$0000000E  mc_w.l(entry12b.o)
    0x08000100   0x08000100   0x00000000   Code   RO          275    .ARM.Collect$$$$0000000F  mc_w.l(entry10a.o)
    0x08000100   0x08000100   0x00000000   Code   RO          277    .ARM.Collect$$$$00000011  mc_w.l(entry11a.o)
    0x08000100   0x08000100   0x00000004   Code   RO          266    .ARM.Collect$$$$00002712  mc_w.l(entry2.o)
    0x08000104   0x08000104   0x00000024   Code   RO          212  * .text               startup_stm32f10x_md.o
    0x08000128   0x08000128   0x00000024   Code   RO          281    .text               mc_w.l(init.o)
    0x0800014c   0x0800014c   0x0000004c   Code   RO          126    i.Cycle_PWM         timer.o
    0x08000198   0x08000198   0x00000110   Code   RO           75    i.MyGPIO_Init       driver_gpio.o
    0x080002a8   0x080002a8   0x0000000c   Code   RO           77    i.MyGPIO_Reset      driver_gpio.o
    0x080002b4   0x080002b4   0x0000000c   Code   RO           78    i.MyGPIO_Set        driver_gpio.o
    0x080002c0   0x080002c0   0x0000007c   Code   RO          128    i.MyTimer_Base_Init  timer.o
    0x0800033c   0x0800033c   0x00000078   Code   RO          129    i.MyTimer_PWM       timer.o
    0x080003b4   0x080003b4   0x00000008   Code   RO          219    i.SetSysClock       system_stm32f10x.o
    0x080003bc   0x080003bc   0x000000e0   Code   RO          220    i.SetSysClockTo72   system_stm32f10x.o
    0x0800049c   0x0800049c   0x00000060   Code   RO          222    i.SystemInit        system_stm32f10x.o
    0x080004fc   0x080004fc   0x00000020   Code   RO          130    i.TIM1_UP_IRQHandler  timer.o
    0x0800051c   0x0800051c   0x00000020   Code   RO          131    i.TIM2_IRQHandler   timer.o
    0x0800053c   0x0800053c   0x00000020   Code   RO          132    i.TIM3_IRQHandler   timer.o
    0x0800055c   0x0800055c   0x00000020   Code   RO          133    i.TIM4_IRQHandler   timer.o
    0x0800057c   0x0800057c   0x0000000e   Code   RO          285    i.__scatterload_copy  mc_w.l(handlers.o)
    0x0800058a   0x0800058a   0x00000002   Code   RO          286    i.__scatterload_null  mc_w.l(handlers.o)
    0x0800058c   0x0800058c   0x0000000e   Code   RO          287    i.__scatterload_zeroinit  mc_w.l(handlers.o)
    0x0800059a   0x0800059a   0x00000002   PAD
    0x0800059c   0x0800059c   0x0000006c   Code   RO            4    i.initPlateau       rotation-plateau.o
    0x08000608   0x08000608   0x00000018   Code   RO            5    i.main              rotation-plateau.o
    0x08000620   0x08000620   0x00000020   Data   RO          283    Region$$Table       anon$$obj.o


    Execution Region ER_RW (Exec base: 0x20000000, Load base: 0x08000640, Size: 0x0000002c, Max: 0xffffffff, ABSOLUTE)

    Exec Addr    Load Addr    Size         Type   Attr      Idx    E Section Name        Object

    0x20000000   0x08000640   0x00000018   Data   RW            6    .data               rotation-plateau.o
    0x20000018   0x08000658   0x00000004   Data   RW           80    .data               driver_gpio.o
    0x2000001c   0x0800065c   0x00000010   Data   RW          136    .data               timer.o


    Execution Region ER_ZI (Exec base: 0x2000002c, Load base: 0x0800066c, Size: 0x00000404, Max: 0xffffffff, ABSOLUTE)

    Exec Addr    Load Addr    Size         Type   Attr      Idx    E Section Name        Object

    0x2000002c   0x0800066c   0x00000004   PAD
    0x20000030        -       0x00000400   Zero   RW          209    STACK               startup_stm32f10x_md.o


==============================================================================

Image component sizes


      Code (inc. data)   RO Data    RW Data    ZI Data      Debug   Object Name

       296         20          0          4          0       2370   driver_gpio.o
       132         16          0         24          0     208835   rotation-plateau.o
        36          8        236          0       1024        828   startup_stm32f10x_md.o
       328         28          0          0          0       2045   system_stm32f10x.o
       448         54          0         16          0       4843   timer.o

    ----------------------------------------------------------------------
      1240        126        268         44       1028     218921   Object Totals
         0          0         32          0          0          0   (incl. Generated)
         0          0          0          0          4          0   (incl. Padding)

    ----------------------------------------------------------------------

      Code (inc. data)   RO Data    RW Data    ZI Data      Debug   Library Member Name

         0          0          0          0          0          0   entry.o
         0          0          0          0          0          0   entry10a.o
         0          0          0          0          0          0   entry11a.o
         4          0          0          0          0          0   entry12b.o
         8          4          0          0          0          0   entry2.o
         4          0          0          0          0          0   entry5.o
         0          0          0          0          0          0   entry7b.o
         0          0          0          0          0          0   entry8b.o
         8          4          0          0          0          0   entry9a.o
        30          0          0          0          0          0   handlers.o
        36          8          0          0          0         68   init.o

    ----------------------------------------------------------------------
        92         16          0          0          0         68   Library Totals
         2          0          0          0          0          0   (incl. Padding)

    ----------------------------------------------------------------------

      Code (inc. data)   RO Data    RW Data    ZI Data      Debug   Library Name

        90         16          0          0          0         68   mc_w.l

    ----------------------------------------------------------------------
        92         16          0          0          0         68   Library Totals

    ----------------------------------------------------------------------

==============================================================================


      Code (inc. data)   RO Data    RW Data    ZI Data      Debug   

      1332        142        268         44       1028     218465   Grand Totals
      1332        142        268         44       1028     218465   ELF Image Totals
      1332        142        268         44          0          0   ROM Totals

==============================================================================

    Total RO  Size (Code + RO Data)                 1600 (   1.56kB)
    Total RW  Size (RW Data + ZI Data)              1072 (   1.05kB)
    Total ROM Size (Code + RO Data + RW Data)       1644 (   1.61kB)

==============================================================================

